BL51 BANKED LINKER/LOCATER V6.22                                                        03/14/2019  19:18:22  PAGE 1


BL51 BANKED LINKER/LOCATER V6.22, INVOKED BY:
C:\KEIL\C51\BIN\BL51.EXE ..\HEX\STARTUP.obj, ..\HEX\autorun.obj, ..\HEX\Main.obj, ..\HEX\buzz.obj, ..\HEX\err.obj, ..\HE
>> X\output.obj, ..\HEX\clk.obj, ..\HEX\USART.obj, ..\HEX\input.obj, ..\HEX\motor.obj, ..\HEX\run.obj, ..\HEX\EEPROM.obj
>> , ..\HEX\romtest.obj TO ..\HEX\LJDZ PRINT (.\LJDZ.m51) RAMSIZE (256)


MEMORY MODEL: SMALL


INPUT MODULES INCLUDED:
  ..\HEX\STARTUP.obj (?C_STARTUP)
  ..\HEX\autorun.obj (AUTORUN)
  ..\HEX\Main.obj (MAIN)
  ..\HEX\buzz.obj (BUZZ)
  ..\HEX\err.obj (ERR)
  ..\HEX\output.obj (OUTPUT)
  ..\HEX\clk.obj (CLK)
  ..\HEX\USART.obj (USART)
  ..\HEX\input.obj (INPUT)
  ..\HEX\motor.obj (MOTOR)
  ..\HEX\run.obj (RUN)
  ..\HEX\EEPROM.obj (EEPROM)
  ..\HEX\romtest.obj (ROMTEST)
  C:\KEIL\C51\LIB\C51S.LIB (?C_INIT)
  C:\KEIL\C51\LIB\C51S.LIB (?C?CLDPTR)
  C:\KEIL\C51\LIB\C51S.LIB (?C?CSTPTR)
  C:\KEIL\C51\LIB\C51S.LIB (?C?UIDIV)
  C:\KEIL\C51\LIB\C51S.LIB (?C?CCASE)
  C:\KEIL\C51\LIB\C51S.LIB (?C?MEMSET)


LINK MAP OF MODULE:  ..\HEX\LJDZ (?C_STARTUP)


            TYPE    BASE      LENGTH    RELOCATION   SEGMENT NAME
            -----------------------------------------------------

            * * * * * * *   D A T A   M E M O R Y   * * * * * * *
            REG     0000H     0008H     ABSOLUTE     "REG BANK 0"
            DATA    0008H     0014H     UNIT         _DATA_GROUP_
            DATA    001CH     0003H     UNIT         ?DT?CLK
            DATA    001FH     0001H     UNIT         ?DT?AUTORUN
            BIT     0020H.0   0000H.1   UNIT         ?BI?MOTOR
                    0020H.1   0000H.7                *** GAP ***
            DATA    0021H     0028H     UNIT         ?DT?MOTOR
            DATA    0049H     0007H     UNIT         ?DT?INPUT
            DATA    0050H     0005H     UNIT         ?DT?OUTPUT
            DATA    0055H     0003H     UNIT         ?DT?RUN
            DATA    0058H     0001H     UNIT         ?DT?BUZZ
            IDATA   0059H     0001H     UNIT         ?STACK

            * * * * * * *  X D A T A   M E M O R Y  * * * * * * *
            XDATA   0000H     0030H     UNIT         ?XD?USART
            XDATA   0030H     0028H     UNIT         _XDATA_GROUP_
            XDATA   0058H     0022H     UNIT         ?XD?MOTOR
            XDATA   007AH     0009H     UNIT         ?XD?INPUT
            XDATA   0083H     0007H     UNIT         ?XD?RUN
            XDATA   008AH     0004H     UNIT         ?XD?CLK
BL51 BANKED LINKER/LOCATER V6.22                                                      03/14/2019  19:18:22  PAGE 2


            XDATA   008EH     0003H     UNIT         ?XD?AUTORUN
            XDATA   0091H     0003H     UNIT         ?XD?ERR
            XDATA   0094H     0001H     UNIT         ?XD?BUZZ

            * * * * * * *   C O D E   M E M O R Y   * * * * * * *
            CODE    0000H     0003H     ABSOLUTE     
            CODE    0003H     0008H     UNIT         ?PR?INTCLK?CLK
            CODE    000BH     0003H     ABSOLUTE     
            CODE    000EH     0015H     UNIT         ?PR?BRAKECLK?OUTPUT
            CODE    0023H     0003H     ABSOLUTE     
            CODE    0026H     0005H     UNIT         ?C_INITSEG
            CODE    002BH     0003H     ABSOLUTE     
            CODE    002EH     041CH     UNIT         ?PR?MTASKCONTROL?MOTOR
            CODE    044AH     02A7H     UNIT         ?PR?_BUZZ_TASK?BUZZ
            CODE    06F1H     01C8H     UNIT         ?PR?_SPRINGTEST?MOTOR
            CODE    08B9H     018CH     UNIT         ?PR?_UART_PRINT?USART
            CODE    0A45H     013BH     UNIT         ?PR?VICECTR?RUN
            CODE    0B80H     011EH     UNIT         ?PR?_CALCUSTM?MOTOR
            CODE    0C9EH     0113H     UNIT         ?PR?ROMTEST?ROMTEST
            CODE    0DB1H     010BH     UNIT         ?PR?ATRUN?AUTORUN
            CODE    0EBCH     00F5H     UNIT         ?PR?_KNOWMTYP?MOTOR
            CODE    0FB1H     00D2H     UNIT         ?C?LIB_CODE
            CODE    1083H     00C7H     UNIT         ?PR?ERR_TASK?ERR
            CODE    114AH     00BEH     UNIT         ?PR?UART1_INT?USART
            CODE    1208H     00B4H     UNIT         ?PR?POSING?INPUT
            CODE    12BCH     0098H     UNIT         ?PR?MOTORTIMER2?RUN
            CODE    1354H     0092H     UNIT         ?PR?ITASKCONTROL?RUN
            CODE    13E6H     008FH     UNIT         ?PR?DGING?INPUT
            CODE    1475H     008CH     UNIT         ?C_C51STARTUP
            CODE    1501H     008AH     UNIT         ?PR?OPUTTASK?OUTPUT
            CODE    158BH     0088H     UNIT         ?PR?INTMOTOR?MOTOR
            CODE    1613H     0085H     UNIT         ?PR?_SECTOTRT?ROMTEST
            CODE    1698H     007EH     UNIT         ?CO?RUN
            CODE    1716H     007BH     UNIT         ?PR?HANDWEVENT?INPUT
            CODE    1791H     0062H     UNIT         ?PR?_SECTOTWT?ROMTEST
            CODE    17F3H     0060H     UNIT         ?PR?CLK?CLK
            CODE    1853H     0060H     UNIT         ?PR?INPUTTASK?INPUT
            CODE    18B3H     0056H     UNIT         ?PR?UART_ALY?USART
            CODE    1909H     0056H     UNIT         ?PR?ITASKCTR?RUN
            CODE    195FH     0052H     UNIT         ?PR?HANUPEVENT?INPUT
            CODE    19B1H     0052H     UNIT         ?PR?VDOUPEVENT?INPUT
            CODE    1A03H     0049H     UNIT         ?PR?T0_INTERRUPT?RUN
            CODE    1A4CH     003FH     UNIT         ?PR?TIMER2_ISR?RUN
            CODE    1A8BH     003EH     UNIT         ?PR?_STMINT?MOTOR
            CODE    1AC9H     0038H     UNIT         ?PR?INTINPUT?INPUT
            CODE    1B01H     0036H     UNIT         ?PR?FZING?INPUT
            CODE    1B37H     0033H     UNIT         ?PR?_SECTOTE?ROMTEST
            CODE    1B6AH     0032H     UNIT         ?PR?_EEPROM_READ_N?EEPROM
            CODE    1B9CH     0032H     UNIT         ?PR?_EEPROM_WRITE_N?EEPROM
            CODE    1BCEH     0030H     UNIT         ?PR?INTUSART?USART
            CODE    1BFEH     002CH     UNIT         ?PR?_SPEAK?USART
            CODE    1C2AH     002CH     UNIT         ?PR?DGDWEVENT?INPUT
            CODE    1C56H     0028H     UNIT         ?PR?MAIN?MAIN
            CODE    1C7EH     0027H     UNIT         ?PR?_TX1_WRITEBUFF?USART
            CODE    1CA5H     0026H     UNIT         ?PR?_DWSLOINT?MOTOR
            CODE    1CCBH     0026H     UNIT         ?PR?_STMCTR?MOTOR
            CODE    1CF1H     0025H     UNIT         ?PR?_PRINTSTRING?USART
BL51 BANKED LINKER/LOCATER V6.22                                                      03/14/2019  19:18:22  PAGE 3


            CODE    1D16H     0024H     UNIT         ?PR?HOREVENT?INPUT
            CODE    1D3AH     0024H     UNIT         ?PR?SYSINT?RUN
            CODE    1D5EH     0023H     UNIT         ?PR?BMRED?INPUT
            CODE    1D81H     0022H     UNIT         ?PR?INTMCU?RUN
            CODE    1DA3H     0022H     UNIT         ?PR?INTRUN?RUN
            CODE    1DC5H     0021H     UNIT         ?PR?DGUPEVENT?INPUT
            CODE    1DE6H     0021H     UNIT         ?PR?FZUPEVENT?INPUT
            CODE    1E07H     001CH     UNIT         ?PR?VEREVENR?INPUT
            CODE    1E23H     001AH     UNIT         ?PR?_EEPROM_SECTORERASE?EEPROM
            CODE    1E3DH     0018H     UNIT         ?PR?MCTRCLK?MOTOR
            CODE    1E55H     0017H     UNIT         ?PR?_ERR_VOLU?ERR
            CODE    1E6CH     0017H     UNIT         ?PR?TEST_CLK?CLK
            CODE    1E83H     0014H     UNIT         ?PR?INEROKEVT?INPUT
            CODE    1E97H     0014H     UNIT         ?PR?COEROKEVT?INPUT
            CODE    1EABH     0014H     UNIT         ?PR?DISABLEEEPROM?EEPROM
            CODE    1EBFH     0013H     UNIT         ?PR?TIMER2_INIT?RUN
            CODE    1ED2H     0012H     UNIT         ?PR?_DELAY?RUN
            CODE    1EE4H     0011H     UNIT         ?PR?_EVENT?INPUT
            CODE    1EF5H     0010H     UNIT         ?PR?INTATRUN?AUTORUN
            CODE    1F05H     0010H     UNIT         ?PR?INTERR?ERR
            CODE    1F15H     0010H     UNIT         ?PR?ATUPEVENT?INPUT
            CODE    1F25H     000FH     UNIT         ?PR?INITREPAIRMOTOR?MOTOR
            CODE    1F34H     000FH     UNIT         ?PR?MRUNCLK?MOTOR
            CODE    1F43H     000FH     UNIT         ?PR?COMCLK?RUN
            CODE    1F52H     000DH     UNIT         ?PR?DG_CLK?INPUT
            CODE    1F5FH     000DH     UNIT         ?PR?ATDWEVENT?INPUT
            CODE    1F6CH     000CH     UNIT         ?PR?INTBUZZ?BUZZ
            CODE    1F78H     000CH     UNIT         ?PR?INTOUT?OUTPUT
            CODE    1F84H     000CH     UNIT         ?PR?BRAKECLR?OUTPUT
            CODE    1F90H     000AH     UNIT         ?PR?BUZZ_CLK?BUZZ
            CODE    1F9AH     000AH     UNIT         ?PR?ERR_CLK?ERR
            CODE    1FA4H     000AH     UNIT         ?PR?DGSTACLR?INPUT
            CODE    1FAEH     0007H     UNIT         ?PR?ATRUN_CLK?AUTORUN
            CODE    1FB5H     0007H     UNIT         ?PR?DZP_CLK?OUTPUT
            CODE    1FBCH     0007H     UNIT         ?PR?T1MS_CLK?CLK
            CODE    1FC3H     0007H     UNIT         ?PR?FZ_CLK?INPUT
            CODE    1FCAH     0007H     UNIT         ?PR?POS_CLK?INPUT
            CODE    1FD1H     0007H     UNIT         ?PR?HUP_CLK?INPUT
            CODE    1FD8H     0007H     UNIT         ?PR?HDW_CLK?INPUT
            CODE    1FDFH     0007H     UNIT         ?PR?VUP_CLK?INPUT
            CODE    1FE6H     0007H     UNIT         ?PR?UPCTCLK?RUN
            CODE    1FEDH     0007H     UNIT         ?PR?UPDCCLK?RUN
            CODE    1FF4H     0001H     UNIT         ?CO?MAIN



OVERLAY MAP OF MODULE:   ..\HEX\LJDZ (?C_STARTUP)


SEGMENT                                  DATA_GROUP          XDATA_GROUP
  +--> CALLED SEGMENT                  START    LENGTH     START    LENGTH
--------------------------------------------------------------------------
?C_C51STARTUP                          -----    -----      -----    -----
  +--> ?PR?MAIN?MAIN
  +--> ?C_INITSEG

?PR?MAIN?MAIN                          -----    -----      -----    -----
BL51 BANKED LINKER/LOCATER V6.22                                                      03/14/2019  19:18:22  PAGE 4


  +--> ?PR?SYSINT?RUN
  +--> ?PR?CLK?CLK
  +--> ?PR?INPUTTASK?INPUT
  +--> ?PR?ITASKCONTROL?RUN
  +--> ?PR?MTASKCONTROL?MOTOR
  +--> ?PR?ERR_TASK?ERR
  +--> ?PR?_BUZZ_TASK?BUZZ
  +--> ?PR?OPUTTASK?OUTPUT
  +--> ?PR?UART_ALY?USART
  +--> ?PR?ATRUN?AUTORUN

?PR?SYSINT?RUN                         -----    -----      -----    -----
  +--> ?PR?INTMCU?RUN
  +--> ?PR?INTUSART?USART
  +--> ?PR?TIMER2_INIT?RUN
  +--> ?PR?INTRUN?RUN
  +--> ?PR?INTBUZZ?BUZZ
  +--> ?PR?INTERR?ERR
  +--> ?PR?INTINPUT?INPUT
  +--> ?PR?INTCLK?CLK
  +--> ?PR?INTMOTOR?MOTOR
  +--> ?PR?INTOUT?OUTPUT
  +--> ?PR?INTATRUN?AUTORUN
  +--> ?PR?ROMTEST?ROMTEST

?PR?INTMOTOR?MOTOR                     -----    -----      -----    -----
  +--> ?PR?INITREPAIRMOTOR?MOTOR

?PR?ROMTEST?ROMTEST                    0008H    0002H      0030H    0008H
  +--> ?PR?_EEPROM_READ_N?EEPROM
  +--> ?CO?MAIN
  +--> ?PR?_SECTOTE?ROMTEST
  +--> ?PR?_DELAY?RUN
  +--> ?PR?_SECTOTWT?ROMTEST
  +--> ?PR?_SECTOTRT?ROMTEST
  +--> ?PR?_EEPROM_SECTORERASE?EEPROM
  +--> ?PR?_EEPROM_WRITE_N?EEPROM

?PR?_EEPROM_READ_N?EEPROM              0012H    0007H      -----    -----
  +--> ?PR?DISABLEEEPROM?EEPROM

?PR?_SECTOTE?ROMTEST                   000AH    0006H      -----    -----
  +--> ?PR?_EEPROM_SECTORERASE?EEPROM
  +--> ?PR?_DELAY?RUN

?PR?_EEPROM_SECTORERASE?EEPROM         -----    -----      -----    -----
  +--> ?PR?DISABLEEEPROM?EEPROM

?PR?_SECTOTWT?ROMTEST                  000AH    0005H      0038H    0008H
  +--> ?PR?_EEPROM_WRITE_N?EEPROM
  +--> ?PR?_DELAY?RUN

?PR?_EEPROM_WRITE_N?EEPROM             000FH    0007H      -----    -----
  +--> ?PR?DISABLEEEPROM?EEPROM

?PR?_SECTOTRT?ROMTEST                  000AH    0008H      0038H    0008H
  +--> ?PR?_EEPROM_READ_N?EEPROM
BL51 BANKED LINKER/LOCATER V6.22                                                      03/14/2019  19:18:22  PAGE 5


  +--> ?PR?_DELAY?RUN

?PR?CLK?CLK                            -----    -----      -----    -----
  +--> ?PR?BUZZ_CLK?BUZZ
  +--> ?PR?DG_CLK?INPUT
  +--> ?PR?FZ_CLK?INPUT
  +--> ?PR?POS_CLK?INPUT
  +--> ?PR?HUP_CLK?INPUT
  +--> ?PR?HDW_CLK?INPUT
  +--> ?PR?VUP_CLK?INPUT
  +--> ?PR?UPCTCLK?RUN
  +--> ?PR?BRAKECLK?OUTPUT
  +--> ?PR?ATRUN_CLK?AUTORUN
  +--> ?PR?ERR_CLK?ERR
  +--> ?PR?DZP_CLK?OUTPUT
  +--> ?PR?TEST_CLK?CLK
  +--> ?PR?MRUNCLK?MOTOR
  +--> ?PR?UPDCCLK?RUN

?PR?INPUTTASK?INPUT                    -----    -----      -----    -----
  +--> ?PR?POSING?INPUT
  +--> ?PR?_ERR_VOLU?ERR
  +--> ?PR?DGSTACLR?INPUT
  +--> ?PR?FZING?INPUT
  +--> ?PR?DGING?INPUT
  +--> ?PR?HANUPEVENT?INPUT
  +--> ?PR?VDOUPEVENT?INPUT
  +--> ?PR?ATUPEVENT?INPUT
  +--> ?PR?DGUPEVENT?INPUT
  +--> ?PR?FZUPEVENT?INPUT
  +--> ?PR?ATDWEVENT?INPUT
  +--> ?PR?HANDWEVENT?INPUT
  +--> ?PR?DGDWEVENT?INPUT
  +--> ?PR?VEREVENR?INPUT
  +--> ?PR?HOREVENT?INPUT
  +--> ?PR?INEROKEVT?INPUT
  +--> ?PR?COEROKEVT?INPUT

?PR?DGING?INPUT                        -----    -----      -----    -----
  +--> ?PR?DGSTACLR?INPUT

?PR?HANUPEVENT?INPUT                   -----    -----      -----    -----
  +--> ?PR?DGSTACLR?INPUT
  +--> ?PR?_EVENT?INPUT

?PR?VDOUPEVENT?INPUT                   -----    -----      -----    -----
  +--> ?PR?DGSTACLR?INPUT
  +--> ?PR?_EVENT?INPUT

?PR?ATUPEVENT?INPUT                    -----    -----      -----    -----
  +--> ?PR?DGSTACLR?INPUT
  +--> ?PR?_EVENT?INPUT

?PR?DGUPEVENT?INPUT                    -----    -----      -----    -----
  +--> ?PR?_EVENT?INPUT

?PR?FZUPEVENT?INPUT                    -----    -----      -----    -----
BL51 BANKED LINKER/LOCATER V6.22                                                      03/14/2019  19:18:22  PAGE 6


  +--> ?PR?_EVENT?INPUT

?PR?ATDWEVENT?INPUT                    -----    -----      -----    -----
  +--> ?PR?_EVENT?INPUT

?PR?HANDWEVENT?INPUT                   -----    -----      -----    -----
  +--> ?PR?_EVENT?INPUT

?PR?DGDWEVENT?INPUT                    -----    -----      -----    -----
  +--> ?PR?_EVENT?INPUT

?PR?VEREVENR?INPUT                     -----    -----      -----    -----
  +--> ?PR?_EVENT?INPUT

?PR?HOREVENT?INPUT                     -----    -----      -----    -----
  +--> ?PR?_EVENT?INPUT

?PR?INEROKEVT?INPUT                    -----    -----      -----    -----
  +--> ?PR?_EVENT?INPUT

?PR?COEROKEVT?INPUT                    -----    -----      -----    -----
  +--> ?PR?_EVENT?INPUT

?PR?ITASKCONTROL?RUN                   -----    -----      -----    -----
  +--> ?PR?VICECTR?RUN
  +--> ?PR?BMRED?INPUT
  +--> ?PR?ITASKCTR?RUN

?PR?VICECTR?RUN                        -----    -----      -----    -----
  +--> ?PR?_EVENT?INPUT
  +--> ?PR?_SPEAK?USART
  +--> ?PR?DGSTACLR?INPUT

?PR?_SPEAK?USART                       0008H    0002H      0030H    0014H
  +--> ?PR?_PRINTSTRING?USART

?PR?_PRINTSTRING?USART                 000AH    0003H      -----    -----
  +--> ?PR?_TX1_WRITEBUFF?USART

?PR?ITASKCTR?RUN                       -----    -----      -----    -----
  +--> ?CO?RUN

?PR?MTASKCONTROL?MOTOR                 -----    -----      -----    -----
  +--> ?PR?INITREPAIRMOTOR?MOTOR
  +--> ?PR?BRAKECLR?OUTPUT
  +--> ?PR?_KNOWMTYP?MOTOR
  +--> ?PR?_SPRINGTEST?MOTOR
  +--> ?PR?_STMCTR?MOTOR
  +--> ?PR?_CALCUSTM?MOTOR
  +--> ?PR?_EVENT?INPUT
  +--> ?PR?_ERR_VOLU?ERR
  +--> ?PR?DGSTACLR?INPUT
  +--> ?PR?_STMINT?MOTOR

?PR?_KNOWMTYP?MOTOR                    0008H    0003H      -----    -----
  +--> ?PR?_SPRINGTEST?MOTOR
  +--> ?PR?_ERR_VOLU?ERR
BL51 BANKED LINKER/LOCATER V6.22                                                      03/14/2019  19:18:22  PAGE 7


  +--> ?PR?_STMINT?MOTOR
  +--> ?PR?_DWSLOINT?MOTOR

?PR?_CALCUSTM?MOTOR                    -----    -----      -----    -----
  +--> ?PR?_STMINT?MOTOR

?PR?ERR_TASK?ERR                       -----    -----      -----    -----
  +--> ?PR?_BUZZ_TASK?BUZZ

?PR?ATRUN?AUTORUN                      -----    -----      -----    -----
  +--> ?PR?_EVENT?INPUT

*** NEW ROOT ***************************************************

?PR?T0_INTERRUPT?RUN                   -----    -----      -----    -----
  +--> ?PR?T1MS_CLK?CLK
  +--> ?PR?MCTRCLK?MOTOR
  +--> ?PR?COMCLK?RUN

*** NEW ROOT ***************************************************

?PR?TIMER2_ISR?RUN                     -----    -----      -----    -----
  +--> ?PR?MOTORTIMER2?RUN

?PR?MOTORTIMER2?RUN                    -----    -----      -----    -----
  +--> ?PR?_EVENT?INPUT
  +--> ?PR?_UART_PRINT?USART

?PR?_UART_PRINT?USART                  0019H    0003H      0044H    0014H
  +--> ?PR?_TX1_WRITEBUFF?USART



SYMBOL TABLE OF MODULE:  ..\HEX\LJDZ (?C_STARTUP)

  VALUE           TYPE          NAME
  ----------------------------------

  -------         MODULE        ?C_STARTUP
  C:1475H         SEGMENT       ?C_C51STARTUP
  I:0059H         SEGMENT       ?STACK
  C:0000H         PUBLIC        ?C_STARTUP
  D:00E0H         SYMBOL        ACC
  D:00F0H         SYMBOL        B
  D:0083H         SYMBOL        DPH
  D:0082H         SYMBOL        DPL
  N:0000H         SYMBOL        IBPSTACK
  N:0100H         SYMBOL        IBPSTACKTOP
  N:0080H         SYMBOL        IDATALEN
  C:1478H         SYMBOL        IDATALOOP
  N:0000H         SYMBOL        PBPSTACK
  N:0100H         SYMBOL        PBPSTACKTOP
  N:0000H         SYMBOL        PDATALEN
  N:0000H         SYMBOL        PDATASTART
  N:0000H         SYMBOL        PPAGE
  N:0000H         SYMBOL        PPAGEENABLE
  D:00A0H         SYMBOL        PPAGE_SFR
BL51 BANKED LINKER/LOCATER V6.22                                                      03/14/2019  19:18:22  PAGE 8


  D:0081H         SYMBOL        SP
  C:1475H         SYMBOL        STARTUP1
  N:0000H         SYMBOL        XBPSTACK
  N:0000H         SYMBOL        XBPSTACKTOP
  N:0000H         SYMBOL        XDATALEN
  N:0000H         SYMBOL        XDATASTART
  C:0000H         LINE#         126
  C:1475H         LINE#         133
  C:1477H         LINE#         134
  C:1478H         LINE#         135
  C:1479H         LINE#         136
  C:147BH         LINE#         185
  C:147EH         LINE#         196
  -------         ENDMOD        ?C_STARTUP

  -------         MODULE        AUTORUN
  C:0000H         SYMBOL        _ICE_DUMMY_
  D:0080H         PUBLIC        P0
  X:008EH         PUBLIC        Atctr
  D:0090H         PUBLIC        P1
  D:00A0H         PUBLIC        P2
  D:00B0H         PUBLIC        P3
  C:1FAEH         PUBLIC        AtRun_clk
  D:00A8H         PUBLIC        IE
  D:00B8H         PUBLIC        IP
  D:0098H         PUBLIC        SCON
  D:0088H         PUBLIC        TCON
  C:1EF5H         PUBLIC        intAtRun
  X:008FH         PUBLIC        hafTest
  D:001FH         PUBLIC        AtNum
  D:00C8H         PUBLIC        T2CON
  X:0090H         PUBLIC        aLine
  C:0DB1H         PUBLIC        AtRun
  D:00D0H         PUBLIC        PSW
  -------         PROC          INTATRUN
  C:1EF5H         LINE#         16
  -------         ENDPROC       INTATRUN
  -------         PROC          ATRUN_CLK
  C:1FAEH         LINE#         17
  -------         ENDPROC       ATRUN_CLK
  -------         PROC          ATRUN
  C:0DB1H         LINE#         19
  C:0DB1H         LINE#         20
  C:0DB1H         LINE#         22
  C:0DCEH         LINE#         23
  C:0DCEH         LINE#         24
  C:0DCEH         LINE#         25
  C:0DCEH         LINE#         26
  C:0DD7H         LINE#         28
  C:0DDAH         LINE#         30
  C:0DDAH         LINE#         31
  C:0DE1H         LINE#         32
  C:0DE1H         LINE#         33
  C:0DE1H         LINE#         34
  C:0DE4H         LINE#         36
  C:0DE4H         LINE#         37
  C:0DF6H         LINE#         38
BL51 BANKED LINKER/LOCATER V6.22                                                      03/14/2019  19:18:22  PAGE 9


  C:0DF7H         LINE#         40
  C:0DF7H         LINE#         41
  C:0DFEH         LINE#         42
  C:0E03H         LINE#         43
  C:0E09H         LINE#         44
  C:0E0DH         LINE#         45
  C:0E0EH         LINE#         47
  C:0E0EH         LINE#         48
  C:0E28H         LINE#         49
  C:0E28H         LINE#         50
  C:0E3CH         LINE#         51
  C:0E5AH         LINE#         52
  C:0E82H         LINE#         54
  C:0E82H         LINE#         55
  C:0E82H         LINE#         56
  C:0E92H         LINE#         58
  C:0EA7H         LINE#         60
  C:0EA7H         LINE#         61
  C:0EAEH         LINE#         62
  C:0EB0H         LINE#         63
  C:0EB0H         LINE#         64
  C:0EB0H         LINE#         66
  C:0EB0H         LINE#         67
  C:0EBBH         LINE#         68
  C:0EBBH         LINE#         69
  C:0EBBH         LINE#         71
  -------         ENDPROC       ATRUN
  -------         ENDMOD        AUTORUN

  -------         MODULE        MAIN
  C:0000H         SYMBOL        _ICE_DUMMY_
  D:0080H         PUBLIC        P0
  D:0090H         PUBLIC        P1
  D:00A0H         PUBLIC        P2
  D:00B0H         PUBLIC        P3
  D:00A8H         PUBLIC        IE
  C:1FF4H         PUBLIC        eight
  D:00B8H         PUBLIC        IP
  C:1C56H         PUBLIC        main
  D:0098H         PUBLIC        SCON
  D:0088H         PUBLIC        TCON
  D:00E1H         PUBLIC        WDT_CONTR
  D:00C8H         PUBLIC        T2CON
  D:00D0H         PUBLIC        PSW
  -------         PROC          MAIN
  C:1C56H         LINE#         20
  C:1C56H         LINE#         21
  C:1C56H         LINE#         22
  C:1C59H         LINE#         23
  C:1C59H         LINE#         24
  C:1C59H         LINE#         25
  C:1C5CH         LINE#         26
  C:1C5FH         LINE#         27
  C:1C62H         LINE#         28
  C:1C65H         LINE#         29
  C:1C68H         LINE#         30
  C:1C70H         LINE#         31
BL51 BANKED LINKER/LOCATER V6.22                                                      03/14/2019  19:18:22  PAGE 10


  C:1C73H         LINE#         32
  C:1C76H         LINE#         33
  C:1C79H         LINE#         34
  C:1C7CH         LINE#         35
  -------         ENDPROC       MAIN
  -------         ENDMOD        MAIN

  -------         MODULE        BUZZ
  C:0000H         SYMBOL        _ICE_DUMMY_
  D:0090H         PUBLIC        P1
  D:00B0H         PUBLIC        P3
  D:00A8H         PUBLIC        IE
  D:00B8H         PUBLIC        IP
  D:0098H         PUBLIC        SCON
  X:0094H         PUBLIC        BuzzMode
  D:0088H         PUBLIC        TCON
  C:044AH         PUBLIC        _Buzz_task
  C:1F90H         PUBLIC        Buzz_clk
  B:0090H.1       PUBLIC        BUZZ
  D:0058H         PUBLIC        BuzzNum
  D:00C8H         PUBLIC        T2CON
  C:1F6CH         PUBLIC        intBuzz
  D:00D0H         PUBLIC        PSW
  -------         PROC          BUZZ_CLK
  C:1F90H         LINE#         15
  C:1F90H         LINE#         16
  C:1F90H         LINE#         17
  C:1F99H         LINE#         18
  -------         ENDPROC       BUZZ_CLK
  -------         PROC          INTBUZZ
  C:1F6CH         LINE#         21
  -------         ENDPROC       INTBUZZ
  -------         PROC          _BUZZ_TASK
  D:0007H         SYMBOL        mode
  C:044AH         LINE#         26
  C:044AH         LINE#         27
  C:044AH         LINE#         28
  C:0456H         LINE#         29
  C:049EH         LINE#         30
  C:049EH         LINE#         31
  C:04A4H         LINE#         33
  C:04A4H         LINE#         34
  C:04AFH         LINE#         35
  C:04AFH         LINE#         36
  C:04B2H         LINE#         37
  C:04B8H         LINE#         38
  C:04B8H         LINE#         39
  C:04B8H         LINE#         40
  C:04B8H         LINE#         42
  C:04B8H         LINE#         43
  C:04CBH         LINE#         44
  C:04CBH         LINE#         45
  C:04CEH         LINE#         46
  C:04D1H         LINE#         47
  C:04D4H         LINE#         48
  C:04DAH         LINE#         49
  C:04DAH         LINE#         50
BL51 BANKED LINKER/LOCATER V6.22                                                      03/14/2019  19:18:22  PAGE 11


  C:04DAH         LINE#         51
  C:04DAH         LINE#         53
  C:04DAH         LINE#         54
  C:04EDH         LINE#         55
  C:04EDH         LINE#         56
  C:04F0H         LINE#         57
  C:04F3H         LINE#         58
  C:04F6H         LINE#         59
  C:04FCH         LINE#         60
  C:04FCH         LINE#         61
  C:04FCH         LINE#         62
  C:04FCH         LINE#         64
  C:04FCH         LINE#         65
  C:0517H         LINE#         66
  C:0517H         LINE#         67
  C:051AH         LINE#         68
  C:051DH         LINE#         69
  C:0520H         LINE#         70
  C:0523H         LINE#         71
  C:0526H         LINE#         72
  C:052CH         LINE#         73
  C:052CH         LINE#         74
  C:052CH         LINE#         75
  C:052CH         LINE#         77
  C:052CH         LINE#         78
  C:054FH         LINE#         79
  C:054FH         LINE#         80
  C:0552H         LINE#         81
  C:0555H         LINE#         82
  C:0558H         LINE#         83
  C:055BH         LINE#         84
  C:055EH         LINE#         85
  C:0561H         LINE#         86
  C:0563H         LINE#         87
  C:0569H         LINE#         88
  C:0569H         LINE#         89
  C:0569H         LINE#         90
  C:0569H         LINE#         92
  C:0569H         LINE#         93
  C:057CH         LINE#         94
  C:057CH         LINE#         95
  C:057FH         LINE#         96
  C:0582H         LINE#         97
  C:0584H         LINE#         98
  C:058AH         LINE#         99
  C:058AH         LINE#         100
  C:058AH         LINE#         101
  C:058AH         LINE#         103
  C:058AH         LINE#         104
  C:05A5H         LINE#         105
  C:05A5H         LINE#         106
  C:05A8H         LINE#         107
  C:05ABH         LINE#         108
  C:05AEH         LINE#         109
  C:05B1H         LINE#         110
  C:05BCH         LINE#         111
  C:05C2H         LINE#         112
BL51 BANKED LINKER/LOCATER V6.22                                                      03/14/2019  19:18:22  PAGE 12


  C:05C2H         LINE#         113
  C:05C2H         LINE#         114
  C:05C2H         LINE#         116
  C:05C2H         LINE#         117
  C:05D4H         LINE#         118
  C:05D4H         LINE#         119
  C:05D7H         LINE#         120
  C:05D7H         LINE#         121
  C:05D7H         LINE#         122
  C:05DDH         LINE#         123
  C:05DDH         LINE#         124
  C:05DDH         LINE#         125
  C:05DDH         LINE#         127
  C:05DDH         LINE#         128
  C:05EFH         LINE#         129
  C:05EFH         LINE#         130
  C:05F2H         LINE#         131
  C:05F2H         LINE#         132
  C:05F2H         LINE#         133
  C:05F4H         LINE#         134
  C:05F4H         LINE#         135
  C:05F4H         LINE#         136
  C:05F4H         LINE#         138
  C:05F4H         LINE#         139
  C:060EH         LINE#         140
  C:060EH         LINE#         141
  C:0611H         LINE#         142
  C:0614H         LINE#         143
  C:0617H         LINE#         144
  C:0617H         LINE#         145
  C:0617H         LINE#         146
  C:0619H         LINE#         147
  C:0619H         LINE#         148
  C:0619H         LINE#         149
  C:0619H         LINE#         151
  C:0619H         LINE#         152
  C:063BH         LINE#         153
  C:063BH         LINE#         154
  C:063EH         LINE#         155
  C:0641H         LINE#         156
  C:0644H         LINE#         157
  C:0647H         LINE#         158
  C:064AH         LINE#         159
  C:064AH         LINE#         160
  C:064AH         LINE#         161
  C:0650H         LINE#         162
  C:0650H         LINE#         163
  C:0650H         LINE#         164
  C:0650H         LINE#         166
  C:0650H         LINE#         167
  C:066AH         LINE#         168
  C:066AH         LINE#         169
  C:066DH         LINE#         170
  C:0670H         LINE#         171
  C:0673H         LINE#         172
  C:0673H         LINE#         173
  C:0673H         LINE#         174
BL51 BANKED LINKER/LOCATER V6.22                                                      03/14/2019  19:18:22  PAGE 13


  C:0675H         LINE#         175
  C:0675H         LINE#         176
  C:0675H         LINE#         177
  C:0675H         LINE#         179
  C:0675H         LINE#         180
  C:0694H         LINE#         181
  C:0694H         LINE#         182
  C:0697H         LINE#         183
  C:069AH         LINE#         184
  C:069DH         LINE#         185
  C:06A0H         LINE#         186
  C:06A3H         LINE#         187
  C:06A3H         LINE#         188
  C:06A3H         LINE#         189
  C:06A5H         LINE#         190
  C:06A5H         LINE#         191
  C:06A5H         LINE#         192
  C:06A5H         LINE#         194
  C:06A5H         LINE#         195
  C:06CCH         LINE#         196
  C:06CCH         LINE#         197
  C:06CFH         LINE#         198
  C:06D2H         LINE#         199
  C:06D5H         LINE#         200
  C:06D8H         LINE#         201
  C:06DBH         LINE#         202
  C:06DEH         LINE#         203
  C:06E1H         LINE#         204
  C:06E1H         LINE#         205
  C:06E1H         LINE#         206
  C:06E7H         LINE#         207
  C:06E7H         LINE#         208
  C:06E7H         LINE#         209
  C:06E7H         LINE#         211
  C:06F0H         LINE#         213
  C:06F0H         LINE#         214
  -------         ENDPROC       _BUZZ_TASK
  -------         ENDMOD        BUZZ

  -------         MODULE        ERR
  C:0000H         SYMBOL        _ICE_DUMMY_
  D:0090H         PUBLIC        P1
  D:00B0H         PUBLIC        P3
  D:00A8H         PUBLIC        IE
  X:0091H         PUBLIC        errctr
  D:00B8H         PUBLIC        IP
  X:0092H         PUBLIC        errnum
  D:0098H         PUBLIC        SCON
  D:0088H         PUBLIC        TCON
  X:0093H         PUBLIC        err
  C:1083H         PUBLIC        err_task
  C:1F9AH         PUBLIC        err_clk
  D:00C8H         PUBLIC        T2CON
  C:1E55H         PUBLIC        _err_volu
  C:1F05H         PUBLIC        intErr
  D:00D0H         PUBLIC        PSW
  -------         PROC          INTERR
BL51 BANKED LINKER/LOCATER V6.22                                                      03/14/2019  19:18:22  PAGE 14


  C:1F05H         LINE#         15
  -------         ENDPROC       INTERR
  -------         PROC          ERR_CLK
  C:1F9AH         LINE#         16
  -------         ENDPROC       ERR_CLK
  -------         PROC          _ERR_VOLU
  D:0007H         SYMBOL        dat
  C:1E55H         LINE#         18
  C:1E55H         LINE#         19
  C:1E55H         LINE#         20
  C:1E6BH         LINE#         21
  -------         ENDPROC       _ERR_VOLU
  -------         PROC          ERR_TASK
  C:1083H         LINE#         26
  C:1083H         LINE#         27
  C:1083H         LINE#         28
  C:10CAH         LINE#         29
  C:10CAH         LINE#         30
  C:10CAH         LINE#         31
  C:10CAH         LINE#         32
  C:10CAH         LINE#         33
  C:10CCH         LINE#         34
  C:10CCH         LINE#         35
  C:10CEH         LINE#         39
  C:10CEH         LINE#         40
  C:10D0H         LINE#         41
  C:10D0H         LINE#         42
  C:10D2H         LINE#         43
  C:10D2H         LINE#         47
  C:10D2H         LINE#         48
  C:10D2H         LINE#         49
  C:10D4H         LINE#         50
  C:10D4H         LINE#         51
  C:10D6H         LINE#         52
  C:10D6H         LINE#         53
  C:10D6H         LINE#         54
  C:10D8H         LINE#         55
  C:10D8H         LINE#         56
  C:10DAH         LINE#         57
  C:10DAH         LINE#         58
  C:10DCH         LINE#         59
  C:10DCH         LINE#         60
  C:10DEH         LINE#         61
  C:10DEH         LINE#         62
  C:10E0H         LINE#         63
  C:10E0H         LINE#         64
  C:10E2H         LINE#         65
  C:10E2H         LINE#         66
  C:10E4H         LINE#         67
  C:10E4H         LINE#         68
  C:10E6H         LINE#         69
  C:10E6H         LINE#         70
  C:10EBH         LINE#         71
  C:10F0H         LINE#         72
  C:10F2H         LINE#         76
  C:10F2H         LINE#         77
  C:10F7H         LINE#         78
BL51 BANKED LINKER/LOCATER V6.22                                                      03/14/2019  19:18:22  PAGE 15


  C:10FDH         LINE#         79
  C:10FFH         LINE#         80
  C:10FFH         LINE#         81
  C:1104H         LINE#         82
  C:110BH         LINE#         83
  C:110DH         LINE#         87
  C:110DH         LINE#         88
  C:110FH         LINE#         89
  C:1111H         LINE#         90
  C:1111H         LINE#         91
  C:1113H         LINE#         92
  C:1115H         LINE#         93
  C:1115H         LINE#         94
  C:1117H         LINE#         95
  C:1119H         LINE#         96
  C:1119H         LINE#         97
  C:111BH         LINE#         98
  C:111DH         LINE#         99
  C:111DH         LINE#         100
  C:111FH         LINE#         101
  C:1121H         LINE#         102
  C:1121H         LINE#         103
  C:1126H         LINE#         104
  C:1128H         LINE#         105
  C:1128H         LINE#         106
  C:112EH         LINE#         107
  C:112EH         LINE#         108
  C:112EH         LINE#         109
  C:1137H         LINE#         110
  C:1137H         LINE#         111
  C:1144H         LINE#         112
  C:1149H         LINE#         113
  C:1149H         LINE#         115
  -------         ENDPROC       ERR_TASK
  -------         ENDMOD        ERR

  -------         MODULE        OUTPUT
  C:0000H         SYMBOL        _ICE_DUMMY_
  D:0080H         PUBLIC        P0
  D:0090H         PUBLIC        P1
  D:00A0H         PUBLIC        P2
  D:00B0H         PUBLIC        P3
  C:000EH         PUBLIC        BrakeClk
  C:1F78H         PUBLIC        intOut
  C:1F84H         PUBLIC        BrakeClr
  C:1FB5H         PUBLIC        DZP_clk
  D:00A8H         PUBLIC        IE
  D:0050H         PUBLIC        BrakeSta
  B:0090H.5       PUBLIC        KK
  B:0090H.0       PUBLIC        RG
  D:00B8H         PUBLIC        IP
  D:0051H         PUBLIC        BrakeNum
  B:00B0H.6       PUBLIC        DZP0
  C:1501H         PUBLIC        OPutTask
  B:00B0H.7       PUBLIC        DZP1
  D:0098H         PUBLIC        SCON
  D:0088H         PUBLIC        TCON
BL51 BANKED LINKER/LOCATER V6.22                                                      03/14/2019  19:18:22  PAGE 16


  D:0053H         PUBLIC        DZPnum
  B:0080H.5       PUBLIC        BM3
  D:0054H         PUBLIC        DlyBrakeNum
  D:00C8H         PUBLIC        T2CON
  D:00D0H         PUBLIC        PSW
  -------         PROC          INTOUT
  C:1F78H         LINE#         21
  -------         ENDPROC       INTOUT
  -------         PROC          DZP_CLK
  C:1FB5H         LINE#         22
  -------         ENDPROC       DZP_CLK
  -------         PROC          BRAKECLK
  C:000EH         LINE#         23
  -------         ENDPROC       BRAKECLK
  -------         PROC          BRAKECLR
  C:1F84H         LINE#         26
  -------         ENDPROC       BRAKECLR
  -------         PROC          OPUTTASK
  C:1501H         LINE#         28
  C:1501H         LINE#         29
  C:1501H         LINE#         30
  C:1509H         LINE#         31
  C:1509H         LINE#         32
  C:150BH         LINE#         33
  C:152AH         LINE#         34
  C:152EH         LINE#         35
  C:152EH         LINE#         36
  C:1530H         LINE#         37
  C:1537H         LINE#         38
  C:1537H         LINE#         39
  C:1539H         LINE#         40
  C:153DH         LINE#         41
  C:1540H         LINE#         42
  C:1542H         LINE#         43
  C:154AH         LINE#         45
  C:1556H         LINE#         46
  C:1556H         LINE#         47
  C:1556H         LINE#         48
  C:1570H         LINE#         49
  C:1571H         LINE#         51
  C:1571H         LINE#         52
  C:157FH         LINE#         53
  C:1580H         LINE#         55
  C:1580H         LINE#         56
  C:158AH         LINE#         57
  C:158AH         LINE#         59
  C:158AH         LINE#         61
  C:158AH         LINE#         62
  C:158AH         LINE#         63
  -------         ENDPROC       OPUTTASK
  -------         ENDMOD        OUTPUT

  -------         MODULE        CLK
  C:0000H         SYMBOL        _ICE_DUMMY_
  D:0080H         PUBLIC        P0
  D:0090H         PUBLIC        P1
  D:00A0H         PUBLIC        P2
BL51 BANKED LINKER/LOCATER V6.22                                                      03/14/2019  19:18:22  PAGE 17


  D:00B0H         PUBLIC        P3
  D:001CH         PUBLIC        T100MS
  C:0003H         PUBLIC        intclk
  D:00A8H         PUBLIC        IE
  D:00B8H         PUBLIC        IP
  D:0098H         PUBLIC        SCON
  D:0088H         PUBLIC        TCON
  D:001DH         PUBLIC        T1000MS
  C:17F3H         PUBLIC        clk
  X:008AH         PUBLIC        test
  D:001EH         PUBLIC        T10MS
  C:1E6CH         PUBLIC        test_clk
  C:1FBCH         PUBLIC        T1Ms_clk
  D:00C8H         PUBLIC        T2CON
  X:008CH         PUBLIC        test_dly
  D:00D0H         PUBLIC        PSW
  -------         PROC          INTCLK
  C:0003H         LINE#         19
  -------         ENDPROC       INTCLK
  -------         PROC          T1MS_CLK
  C:1FBCH         LINE#         22
  -------         ENDPROC       T1MS_CLK
  -------         PROC          TEST_CLK
  C:1E6CH         LINE#         23
  -------         ENDPROC       TEST_CLK
  -------         PROC          CLK
  C:17F3H         LINE#         25
  C:17F3H         LINE#         26
  C:17F3H         LINE#         27
  C:17F7H         LINE#         28
  C:17F7H         LINE#         29
  C:17FAH         LINE#         30
  C:1800H         LINE#         32
  C:1803H         LINE#         33
  C:1806H         LINE#         34
  C:1809H         LINE#         35
  C:180CH         LINE#         36
  C:180FH         LINE#         37
  C:1812H         LINE#         38
  C:1815H         LINE#         39
  C:1818H         LINE#         40
  C:181BH         LINE#         41
  C:181BH         LINE#         43
  C:181FH         LINE#         44
  C:181FH         LINE#         45
  C:1822H         LINE#         46
  C:1828H         LINE#         48
  C:182BH         LINE#         49
  C:182EH         LINE#         50
  C:1831H         LINE#         51
  C:1834H         LINE#         52
  C:1837H         LINE#         53
  C:183AH         LINE#         54
  C:183DH         LINE#         57
  C:183DH         LINE#         59
  C:1841H         LINE#         60
  C:1841H         LINE#         61
BL51 BANKED LINKER/LOCATER V6.22                                                      03/14/2019  19:18:22  PAGE 18


  C:1844H         LINE#         64
  C:1844H         LINE#         65
  C:1852H         LINE#         66
  -------         ENDPROC       CLK
  -------         ENDMOD        CLK

  -------         MODULE        USART
  C:0000H         SYMBOL        _ICE_DUMMY_
  D:0080H         PUBLIC        P0
  D:0090H         PUBLIC        P1
  D:00A0H         PUBLIC        P2
  D:00B0H         PUBLIC        P3
  B:0090H.6       PUBLIC        DE
  C:1CF1H         PUBLIC        _PrintString
  D:00A8H         PUBLIC        IE
  C:08B9H         PUBLIC        _Uart_Print
  X:0000H         PUBLIC        COM1
  C:1C7EH         PUBLIC        _TX1_writebuff
  C:1BFEH         PUBLIC        _speak
  D:00B8H         PUBLIC        IP
  X:0008H         PUBLIC        RX1_Buffer
  B:0098H.0       PUBLIC        RI
  C:114AH         PUBLIC        UART1_int
  X:001CH         PUBLIC        TX1_Buffer
  B:0098H.1       PUBLIC        TI
  D:0099H         PUBLIC        SBUF
  D:0098H         PUBLIC        SCON
  D:0088H         PUBLIC        TCON
  C:1BCEH         PUBLIC        intUsart
  C:18B3H         PUBLIC        uart_aly
  D:00C8H         PUBLIC        T2CON
  D:00D0H         PUBLIC        PSW
  -------         PROC          UART1_INT
  C:114AH         LINE#         14
  C:1167H         LINE#         16
  C:116AH         LINE#         17
  C:116AH         LINE#         18
  C:116CH         LINE#         19
  C:1172H         LINE#         20
  C:1172H         LINE#         21
  C:117BH         LINE#         22
  C:117BH         LINE#         23
  C:117DH         LINE#         24
  C:1189H         LINE#         26
  C:1189H         LINE#         27
  C:1199H         LINE#         28
  C:119FH         LINE#         29
  C:11A3H         LINE#         30
  C:11A3H         LINE#         31
  C:11A3H         LINE#         33
  C:11A6H         LINE#         34
  C:11A6H         LINE#         35
  C:11A8H         LINE#         36
  C:11AAH         LINE#         37
  C:11B7H         LINE#         38
  C:11B7H         LINE#         39
  C:11C4H         LINE#         40
BL51 BANKED LINKER/LOCATER V6.22                                                      03/14/2019  19:18:22  PAGE 19


  C:11D1H         LINE#         41
  C:11D3H         LINE#         43
  C:11EDH         LINE#         44
  C:11EDH         LINE#         45
  -------         ENDPROC       UART1_INT
  -------         PROC          _TX1_WRITEBUFF
  D:0007H         SYMBOL        dat
  C:1C7EH         LINE#         50
  C:1C7EH         LINE#         51
  C:1C7EH         LINE#         52
  C:1C8DH         LINE#         53
  C:1C9AH         LINE#         54
  C:1CA0H         LINE#         55
  C:1CA0H         LINE#         56
  C:1CA2H         LINE#         57
  C:1CA4H         LINE#         58
  C:1CA4H         LINE#         59
  -------         ENDPROC       _TX1_WRITEBUFF
  -------         PROC          _PRINTSTRING
  D:000AH         SYMBOL        puts
  C:1CF1H         LINE#         62
  C:1CF7H         LINE#         63
  C:1CF7H         LINE#         66
  C:1D02H         LINE#         67
  C:1D02H         LINE#         68
  C:1D13H         LINE#         69
  C:1D15H         LINE#         74
  -------         ENDPROC       _PRINTSTRING
  -------         PROC          INTUSART
  C:1BCEH         LINE#         77
  C:1BCEH         LINE#         78
  C:1BCEH         LINE#         79
  C:1BDDH         LINE#         80
  C:1BECH         LINE#         81
  C:1BFBH         LINE#         82
  C:1BFDH         LINE#         83
  -------         ENDPROC       INTUSART
  -------         PROC          _UART_PRINT
  D:0019H         SYMBOL        speakTask
  D:001AH         SYMBOL        num
  -------         DO            
  X:0044H         SYMBOL        sen_buff
  D:001BH         SYMBOL        i
  -------         ENDDO         
  C:08B9H         LINE#         86
  C:08BDH         LINE#         87
  C:08BDH         LINE#         90
  C:08C0H         LINE#         91
  C:08CDH         LINE#         93
  C:08DDH         LINE#         94
  C:08DDH         LINE#         95
  C:08DDH         LINE#         96
  C:08E3H         LINE#         97
  C:08FCH         LINE#         98
  C:0915H         LINE#         99
  C:092EH         LINE#         100
  C:0947H         LINE#         101
BL51 BANKED LINKER/LOCATER V6.22                                                      03/14/2019  19:18:22  PAGE 20


  C:0959H         LINE#         102
  C:095FH         LINE#         103
  C:0962H         LINE#         104
  C:0962H         LINE#         105
  C:096AH         LINE#         106
  C:097AH         LINE#         107
  C:098AH         LINE#         108
  C:0996H         LINE#         109
  C:099AH         LINE#         111
  C:09B3H         LINE#         112
  C:09CCH         LINE#         113
  C:09E5H         LINE#         114
  C:09FEH         LINE#         115
  C:0A10H         LINE#         116
  C:0A14H         LINE#         118
  C:0A24H         LINE#         119
  C:0A28H         LINE#         120
  C:0A28H         LINE#         137
  C:0A28H         LINE#         138
  C:0A28H         LINE#         139
  C:0A28H         LINE#         142
  C:0A2BH         LINE#         143
  C:0A2BH         LINE#         144
  C:0A3BH         LINE#         145
  C:0A44H         LINE#         149
  -------         ENDPROC       _UART_PRINT
  -------         PROC          _SPEAK
  D:0008H         SYMBOL        speakTask
  D:0009H         SYMBOL        num
  -------         DO            
  X:0030H         SYMBOL        sen_buff
  -------         ENDDO         
  C:1BFEH         LINE#         153
  C:1C02H         LINE#         154
  C:1C02H         LINE#         156
  C:1C11H         LINE#         157
  C:1C17H         LINE#         158
  C:1C17H         LINE#         159
  C:1C17H         LINE#         160
  C:1C17H         LINE#         163
  C:1C17H         LINE#         164
  C:1C1DH         LINE#         165
  C:1C1FH         LINE#         166
  C:1C21H         LINE#         167
  C:1C21H         LINE#         451
  C:1C21H         LINE#         453
  C:1C21H         LINE#         455
  -------         ENDPROC       _SPEAK
  -------         PROC          UART_ALY
  C:18B3H         LINE#         462
  C:18B3H         LINE#         463
  C:18B3H         LINE#         466
  C:18B9H         LINE#         467
  C:18B9H         LINE#         468
  C:18C2H         LINE#         469
  C:18C2H         LINE#         470
  C:18C8H         LINE#         472
BL51 BANKED LINKER/LOCATER V6.22                                                      03/14/2019  19:18:22  PAGE 21


  C:18E5H         LINE#         473
  C:18F4H         LINE#         474
  C:18F9H         LINE#         475
  C:18FDH         LINE#         476
  C:1900H         LINE#         477
  C:1900H         LINE#         478
  C:1900H         LINE#         479
  C:1906H         LINE#         480
  C:1906H         LINE#         482
  C:1908H         LINE#         483
  C:1908H         LINE#         484
  -------         ENDPROC       UART_ALY
  -------         ENDMOD        USART

  -------         MODULE        INPUT
  C:0000H         SYMBOL        _ICE_DUMMY_
  D:0080H         PUBLIC        P0
  D:0090H         PUBLIC        P1
  C:1F15H         PUBLIC        AtUpEvent
  D:00A0H         PUBLIC        P2
  D:00B0H         PUBLIC        P3
  C:1EE4H         PUBLIC        _Event
  B:0090H.7       PUBLIC        DG
  C:1DE6H         PUBLIC        FzUpEvent
  D:00A8H         PUBLIC        IE
  D:0049H         PUBLIC        DgNum1
  X:007AH         PUBLIC        Even
  C:1208H         PUBLIC        posing
  D:00B8H         PUBLIC        IP
  B:0090H.3       PUBLIC        FZ
  B:00A0H.1       PUBLIC        JY
  C:1853H         PUBLIC        InputTask
  X:007BH         PUBLIC        HDwSta
  C:1D16H         PUBLIC        HorEvent
  C:1E07H         PUBLIC        VerEvenr
  D:0098H         PUBLIC        SCON
  D:0088H         PUBLIC        TCON
  D:004AH         PUBLIC        HDwNum
  C:1FD8H         PUBLIC        Hdw_clk
  B:0080H.3       PUBLIC        BM1
  B:0080H.4       PUBLIC        BM2
  B:0080H.6       PUBLIC        BM4
  C:1F52H         PUBLIC        Dg_clk
  C:1FD1H         PUBLIC        Hup_clk
  C:13E6H         PUBLIC        DGing
  C:1D5EH         PUBLIC        BmRed
  C:1FCAH         PUBLIC        Pos_clk
  X:007CH         PUBLIC        McuId
  X:007DH         PUBLIC        DgSta
  C:1FDFH         PUBLIC        Vup_clk
  X:007EH         PUBLIC        PosLin
  X:007FH         PUBLIC        HupSta
  C:1716H         PUBLIC        HanDwEvent
  C:1FC3H         PUBLIC        Fz_clk
  D:004BH         PUBLIC        DgNum
  C:1B01H         PUBLIC        FZing
  C:1AC9H         PUBLIC        intInput
BL51 BANKED LINKER/LOCATER V6.22                                                      03/14/2019  19:18:22  PAGE 22


  D:004CH         PUBLIC        HupNum
  B:00A0H.0       PUBLIC        HDW
  C:195FH         PUBLIC        HanUpEvent
  X:0080H         PUBLIC        EveNu
  D:004DH         PUBLIC        PosNum
  X:0081H         PUBLIC        VupSta
  D:00C8H         PUBLIC        T2CON
  B:00A0H.2       PUBLIC        HOR
  X:0082H         PUBLIC        FzSta
  C:1C2AH         PUBLIC        DgDwEvent
  B:00B0H.4       PUBLIC        VER
  B:00B0H.3       PUBLIC        HUP
  D:004EH         PUBLIC        VupNum
  D:004FH         PUBLIC        FzNum
  C:19B1H         PUBLIC        VdoUpEvent
  C:1E97H         PUBLIC        CoerOkEvt
  C:1DC5H         PUBLIC        DgUpEvent
  C:1F5FH         PUBLIC        AtDwEvent
  C:1FA4H         PUBLIC        DgStaClr
  D:00D0H         PUBLIC        PSW
  B:0090H.4       PUBLIC        VUP
  C:1E83H         PUBLIC        InerOkEvt
  -------         PROC          INTINPUT
  C:1AC9H         LINE#         46
  C:1AC9H         LINE#         47
  C:1AC9H         LINE#         48
  C:1AD8H         LINE#         49
  C:1AECH         LINE#         50
  C:1B00H         LINE#         51
  -------         ENDPROC       INTINPUT
  -------         PROC          DG_CLK
  C:1F52H         LINE#         57
  -------         ENDPROC       DG_CLK
  -------         PROC          FZ_CLK
  C:1FC3H         LINE#         58
  -------         ENDPROC       FZ_CLK
  -------         PROC          POS_CLK
  C:1FCAH         LINE#         59
  -------         ENDPROC       POS_CLK
  -------         PROC          HUP_CLK
  C:1FD1H         LINE#         60
  -------         ENDPROC       HUP_CLK
  -------         PROC          HDW_CLK
  C:1FD8H         LINE#         61
  -------         ENDPROC       HDW_CLK
  -------         PROC          VUP_CLK
  C:1FDFH         LINE#         62
  -------         ENDPROC       VUP_CLK
  -------         PROC          BMRED
  C:1D5EH         LINE#         65
  C:1D5EH         LINE#         66
  C:1D5EH         LINE#         67
  C:1D6CH         LINE#         69
  C:1D76H         LINE#         70
  C:1D80H         LINE#         72
  -------         ENDPROC       BMRED
  -------         PROC          _EVENT
BL51 BANKED LINKER/LOCATER V6.22                                                      03/14/2019  19:18:22  PAGE 23


  D:0007H         SYMBOL        evn
  C:1EE4H         LINE#         75
  C:1EE4H         LINE#         76
  C:1EE4H         LINE#         77
  C:1EF4H         LINE#         78
  -------         ENDPROC       _EVENT
  -------         PROC          POSING
  C:1208H         LINE#         81
  C:1208H         LINE#         82
  C:1208H         LINE#         83
  C:121FH         LINE#         84
  C:121FH         LINE#         85
  C:121FH         LINE#         86
  C:1227H         LINE#         87
  C:1238H         LINE#         88
  C:123EH         LINE#         89
  C:1240H         LINE#         91
  C:1251H         LINE#         93
  C:1251H         LINE#         94
  C:125FH         LINE#         95
  C:1267H         LINE#         96
  C:1272H         LINE#         97
  C:127BH         LINE#         98
  C:127DH         LINE#         100
  C:127DH         LINE#         101
  C:128FH         LINE#         102
  C:1291H         LINE#         104
  C:1291H         LINE#         105
  C:129EH         LINE#         106
  C:12A4H         LINE#         107
  C:12A6H         LINE#         109
  C:12AFH         LINE#         110
  C:12AFH         LINE#         111
  C:12B9H         LINE#         112
  C:12BBH         LINE#         113
  -------         ENDPROC       POSING
  -------         PROC          FZING
  C:1B01H         LINE#         116
  C:1B01H         LINE#         117
  C:1B01H         LINE#         118
  C:1B0BH         LINE#         119
  C:1B0BH         LINE#         120
  C:1B0BH         LINE#         121
  C:1B17H         LINE#         122
  C:1B18H         LINE#         123
  C:1B18H         LINE#         124
  C:1B24H         LINE#         127
  C:1B24H         LINE#         128
  C:1B2EH         LINE#         129
  C:1B36H         LINE#         130
  C:1B36H         LINE#         131
  C:1B36H         LINE#         132
  -------         ENDPROC       FZING
  -------         PROC          DGSTACLR
  C:1FA4H         LINE#         134
  C:1FA4H         LINE#         135
  C:1FA4H         LINE#         136
BL51 BANKED LINKER/LOCATER V6.22                                                      03/14/2019  19:18:22  PAGE 24


  C:1FADH         LINE#         137
  -------         ENDPROC       DGSTACLR
  -------         PROC          DGING
  C:13E6H         LINE#         140
  C:13E6H         LINE#         141
  C:13E6H         LINE#         170
  C:13F7H         LINE#         171
  C:13F7H         LINE#         172
  C:13F7H         LINE#         173
  C:13F7H         LINE#         174
  C:1407H         LINE#         175
  C:1415H         LINE#         176
  C:1415H         LINE#         178
  C:1415H         LINE#         179
  C:1418H         LINE#         180
  C:1418H         LINE#         181
  C:1423H         LINE#         182
  C:142DH         LINE#         183
  C:142FH         LINE#         184
  C:1432H         LINE#         185
  C:1444H         LINE#         186
  C:1447H         LINE#         187
  C:1448H         LINE#         189
  C:1448H         LINE#         190
  C:1451H         LINE#         191
  C:1457H         LINE#         192
  C:1461H         LINE#         193
  C:1462H         LINE#         195
  C:1462H         LINE#         196
  C:146CH         LINE#         197
  C:1474H         LINE#         198
  C:1474H         LINE#         199
  C:1474H         LINE#         200
  -------         ENDPROC       DGING
  -------         PROC          HANUPEVENT
  C:195FH         LINE#         202
  C:195FH         LINE#         203
  C:195FH         LINE#         204
  C:196DH         LINE#         205
  C:196DH         LINE#         206
  C:196DH         LINE#         207
  C:197BH         LINE#         210
  C:197BH         LINE#         211
  C:197EH         LINE#         212
  C:197EH         LINE#         213
  C:1983H         LINE#         214
  C:1986H         LINE#         215
  C:1986H         LINE#         216
  C:1989H         LINE#         217
  C:198EH         LINE#         218
  C:198EH         LINE#         219
  C:198EH         LINE#         220
  C:199EH         LINE#         221
  C:19A4H         LINE#         222
  C:19A7H         LINE#         223
  C:19A8H         LINE#         224
  C:19A8H         LINE#         225
BL51 BANKED LINKER/LOCATER V6.22                                                      03/14/2019  19:18:22  PAGE 25


  C:19B0H         LINE#         226
  C:19B0H         LINE#         227
  C:19B0H         LINE#         228
  -------         ENDPROC       HANUPEVENT
  -------         PROC          HANDWEVENT
  C:1716H         LINE#         230
  C:1716H         LINE#         231
  C:1716H         LINE#         232
  C:171EH         LINE#         233
  C:172CH         LINE#         234
  C:172CH         LINE#         235
  C:172CH         LINE#         236
  C:173AH         LINE#         239
  C:173AH         LINE#         240
  C:173DH         LINE#         241
  C:173DH         LINE#         242
  C:1742H         LINE#         243
  C:1742H         LINE#         244
  C:1742H         LINE#         245
  C:1744H         LINE#         246
  C:1744H         LINE#         247
  C:174BH         LINE#         248
  C:174BH         LINE#         249
  C:1752H         LINE#         250
  C:1754H         LINE#         251
  C:1759H         LINE#         252
  C:175FH         LINE#         253
  C:1764H         LINE#         254
  C:1766H         LINE#         255
  C:1768H         LINE#         256
  C:177DH         LINE#         257
  C:1787H         LINE#         258
  C:1788H         LINE#         259
  C:1788H         LINE#         260
  C:1790H         LINE#         261
  C:1790H         LINE#         262
  C:1790H         LINE#         263
  -------         ENDPROC       HANDWEVENT
  -------         PROC          VDOUPEVENT
  C:19B1H         LINE#         267
  C:19B1H         LINE#         268
  C:19B1H         LINE#         269
  C:19BFH         LINE#         270
  C:19BFH         LINE#         271
  C:19BFH         LINE#         272
  C:19CDH         LINE#         275
  C:19CDH         LINE#         276
  C:19DDH         LINE#         277
  C:19E3H         LINE#         278
  C:19E6H         LINE#         279
  C:19E7H         LINE#         280
  C:19E7H         LINE#         281
  C:19EAH         LINE#         282
  C:19EAH         LINE#         283
  C:19EFH         LINE#         284
  C:19F2H         LINE#         285
  C:19F2H         LINE#         286
BL51 BANKED LINKER/LOCATER V6.22                                                      03/14/2019  19:18:22  PAGE 26


  C:19F5H         LINE#         287
  C:19FAH         LINE#         288
  C:19FAH         LINE#         289
  C:19FAH         LINE#         290
  C:1A02H         LINE#         291
  C:1A02H         LINE#         292
  C:1A02H         LINE#         293
  -------         ENDPROC       VDOUPEVENT
  -------         PROC          ATUPEVENT
  C:1F15H         LINE#         295
  C:1F15H         LINE#         296
  C:1F15H         LINE#         297
  C:1F1CH         LINE#         298
  C:1F1CH         LINE#         299
  C:1F1FH         LINE#         300
  C:1F24H         LINE#         301
  C:1F24H         LINE#         302
  -------         ENDPROC       ATUPEVENT
  -------         PROC          ATDWEVENT
  C:1F5FH         LINE#         304
  C:1F5FH         LINE#         305
  C:1F5FH         LINE#         306
  C:1F66H         LINE#         307
  C:1F6BH         LINE#         308
  -------         ENDPROC       ATDWEVENT
  -------         PROC          VEREVENR
  C:1E07H         LINE#         310
  C:1E07H         LINE#         311
  C:1E07H         LINE#         312
  C:1E0EH         LINE#         313
  C:1E1DH         LINE#         314
  C:1E22H         LINE#         315
  -------         ENDPROC       VEREVENR
  -------         PROC          HOREVENT
  C:1D16H         LINE#         317
  C:1D16H         LINE#         318
  C:1D16H         LINE#         319
  C:1D1EH         LINE#         320
  C:1D34H         LINE#         321
  C:1D39H         LINE#         322
  -------         ENDPROC       HOREVENT
  -------         PROC          DGUPEVENT
  C:1DC5H         LINE#         324
  C:1DC5H         LINE#         325
  C:1DC5H         LINE#         326
  C:1DCCH         LINE#         327
  C:1DD4H         LINE#         328
  C:1DE0H         LINE#         330
  C:1DE5H         LINE#         331
  -------         ENDPROC       DGUPEVENT
  -------         PROC          DGDWEVENT
  C:1C2AH         LINE#         333
  C:1C2AH         LINE#         334
  C:1C2AH         LINE#         335
  C:1C32H         LINE#         336
  C:1C3AH         LINE#         337
  C:1C40H         LINE#         338
BL51 BANKED LINKER/LOCATER V6.22                                                      03/14/2019  19:18:22  PAGE 27


  C:1C40H         LINE#         339
  C:1C47H         LINE#         340
  C:1C47H         LINE#         341
  C:1C4EH         LINE#         342
  C:1C50H         LINE#         343
  C:1C55H         LINE#         344
  C:1C55H         LINE#         345
  -------         ENDPROC       DGDWEVENT
  -------         PROC          FZUPEVENT
  C:1DE6H         LINE#         347
  C:1DE6H         LINE#         348
  C:1DE6H         LINE#         349
  C:1DEDH         LINE#         350
  C:1DF5H         LINE#         351
  C:1E01H         LINE#         353
  C:1E06H         LINE#         354
  -------         ENDPROC       FZUPEVENT
  -------         PROC          INEROKEVT
  C:1E83H         LINE#         356
  C:1E83H         LINE#         357
  C:1E83H         LINE#         358
  C:1E8AH         LINE#         359
  C:1E91H         LINE#         360
  C:1E96H         LINE#         361
  -------         ENDPROC       INEROKEVT
  -------         PROC          COEROKEVT
  C:1E97H         LINE#         363
  C:1E97H         LINE#         364
  C:1E97H         LINE#         365
  C:1E9EH         LINE#         366
  C:1EA5H         LINE#         367
  C:1EAAH         LINE#         368
  -------         ENDPROC       COEROKEVT
  -------         PROC          INPUTTASK
  C:1853H         LINE#         373
  C:1853H         LINE#         374
  C:1853H         LINE#         375
  C:185FH         LINE#         376
  C:1865H         LINE#         377
  C:186AH         LINE#         378
  C:1878H         LINE#         379
  C:187BH         LINE#         380
  C:187EH         LINE#         382
  C:1881H         LINE#         383
  C:1884H         LINE#         384
  C:1887H         LINE#         385
  C:188AH         LINE#         386
  C:188DH         LINE#         388
  C:1890H         LINE#         389
  C:1893H         LINE#         390
  C:1896H         LINE#         392
  C:1899H         LINE#         393
  C:189CH         LINE#         395
  C:189FH         LINE#         396
  C:18A2H         LINE#         399
  C:18ADH         LINE#         400
  C:18B2H         LINE#         401
BL51 BANKED LINKER/LOCATER V6.22                                                      03/14/2019  19:18:22  PAGE 28


  -------         ENDPROC       INPUTTASK
  -------         ENDMOD        INPUT

  -------         MODULE        MOTOR
  C:0000H         SYMBOL        _ICE_DUMMY_
  D:0080H         PUBLIC        P0
  D:0090H         PUBLIC        P1
  D:00A0H         PUBLIC        P2
  X:0058H         PUBLIC        mTask
  D:00B0H         PUBLIC        P3
  D:0021H         PUBLIC        StmNumBuf
  B:00A0H.7       PUBLIC        BTA1
  B:00A0H.6       PUBLIC        BTA2
  X:0059H         PUBLIC        DwSloBri
  B:00A0H.5       PUBLIC        BTA3
  D:00A8H         PUBLIC        IE
  X:005AH         PUBLIC        StmSlow2
  X:005CH         PUBLIC        mType
  C:1F25H         PUBLIC        InitRepairMotor
  B:00A0H.3       PUBLIC        MCR1
  B:0080H.7       PUBLIC        MCR2
  X:005DH         PUBLIC        mPosD2
  C:1CA5H         PUBLIC        _DwSloInt
  D:00B8H         PUBLIC        IP
  C:06F1H         PUBLIC        _SpringTest
  D:002FH         PUBLIC        StmNum2
  D:0031H         PUBLIC        StmNum3
  C:0B80H         PUBLIC        _CalcuStm
  D:0033H         PUBLIC        SpeRinN
  D:0034H         PUBLIC        StmSp2
  C:1E3DH         PUBLIC        mCtrClk
  D:0098H         PUBLIC        SCON
  X:005EH         PUBLIC        Stm
  D:0088H         PUBLIC        TCON
  D:0036H         PUBLIC        StmNumBuf2
  X:005FH         PUBLIC        SpriBuf
  C:1F34H         PUBLIC        mRunClk
  D:0039H         PUBLIC        mCorNum
  C:0EBCH         PUBLIC        _KnowMtyp
  B:0020H.0       PUBLIC        SpeSta
  X:0072H         PUBLIC        PosRal
  D:003BH         PUBLIC        mRunNum
  X:0073H         PUBLIC        StmSlow
  X:0075H         PUBLIC        mRunTe
  C:1CCBH         PUBLIC        _StmCtr
  C:158BH         PUBLIC        intMotor
  C:1A8BH         PUBLIC        _StmInt
  D:003DH         PUBLIC        gRepairMotor
  X:0077H         PUBLIC        mPosD
  D:0045H         PUBLIC        StmNum
  D:00C8H         PUBLIC        T2CON
  B:00B0H.2       PUBLIC        SPE
  C:002EH         PUBLIC        mTaskControl
  X:0078H         PUBLIC        DwSlo
  X:0079H         PUBLIC        gCurrentSpringNum
  D:0047H         PUBLIC        StmSp
  D:00D0H         PUBLIC        PSW
BL51 BANKED LINKER/LOCATER V6.22                                                      03/14/2019  19:18:22  PAGE 29


  -------         PROC          INTMOTOR
  C:158BH         LINE#         47
  C:158BH         LINE#         48
  C:158BH         LINE#         49
  C:15A4H         LINE#         50
  C:15BAH         LINE#         51
  C:15E4H         LINE#         52
  C:1609H         LINE#         53
  C:160CH         LINE#         54
  C:1612H         LINE#         56
  -------         ENDPROC       INTMOTOR
  -------         PROC          INITREPAIRMOTOR
  C:1F25H         LINE#         58
  C:1F25H         LINE#         59
  C:1F25H         LINE#         60
  -------         ENDPROC       INITREPAIRMOTOR
  -------         PROC          MRUNCLK
  C:1F34H         LINE#         65
  -------         ENDPROC       MRUNCLK
  -------         PROC          MCTRCLK
  C:1E3DH         LINE#         66
  -------         ENDPROC       MCTRCLK
  -------         PROC          _STMINT
  D:0007H         SYMBOL        type
  C:1A8BH         LINE#         77
  C:1A8BH         LINE#         78
  C:1A8BH         LINE#         79
  C:1A8EH         LINE#         80
  C:1A8EH         LINE#         81
  C:1A92H         LINE#         83
  C:1A92H         LINE#         84
  C:1A94H         LINE#         85
  C:1A97H         LINE#         86
  C:1A97H         LINE#         87
  C:1AA2H         LINE#         89
  C:1AB2H         LINE#         91
  C:1AB2H         LINE#         92
  C:1AC8H         LINE#         93
  -------         ENDPROC       _STMINT
  -------         PROC          _DWSLOINT
  D:0007H         SYMBOL        bm
  D:0005H         SYMBOL        type
  C:1CA5H         LINE#         105
  C:1CA5H         LINE#         106
  C:1CA5H         LINE#         107
  C:1CADH         LINE#         108
  C:1CB0H         LINE#         109
  C:1CC0H         LINE#         110
  C:1CCAH         LINE#         111
  -------         ENDPROC       _DWSLOINT
  -------         PROC          _SPRINGTEST
  D:0007H         SYMBOL        cmd
  -------         DO            
  D:0002H         SYMBOL        dat
  -------         ENDDO         
  C:06F1H         LINE#         120
  C:06F1H         LINE#         121
BL51 BANKED LINKER/LOCATER V6.22                                                      03/14/2019  19:18:22  PAGE 30


  C:06F1H         LINE#         122
  C:06F4H         LINE#         123
  C:070CH         LINE#         124
  C:070CH         LINE#         125
  C:070CH         LINE#         126
  C:0717H         LINE#         127
  C:0717H         LINE#         128
  C:071AH         LINE#         129
  C:0729H         LINE#         130
  C:072FH         LINE#         131
  C:073AH         LINE#         132
  C:073AH         LINE#         133
  C:073DH         LINE#         135
  C:073DH         LINE#         137
  C:0743H         LINE#         138
  C:0748H         LINE#         139
  C:0748H         LINE#         140
  C:075BH         LINE#         141
  C:0786H         LINE#         142
  C:0790H         LINE#         143
  C:079FH         LINE#         144
  C:07A4H         LINE#         147
  C:07A9H         LINE#         148
  C:07AFH         LINE#         149
  C:07AFH         LINE#         150
  C:07C2H         LINE#         151
  C:07EDH         LINE#         152
  C:07F7H         LINE#         153
  C:0802H         LINE#         154
  C:0807H         LINE#         157
  C:081EH         LINE#         158
  C:081EH         LINE#         159
  C:0827H         LINE#         160
  C:0829H         LINE#         162
  C:0832H         LINE#         163
  C:083AH         LINE#         165
  C:0843H         LINE#         166
  C:084BH         LINE#         168
  C:0857H         LINE#         169
  C:085CH         LINE#         173
  C:0862H         LINE#         174
  C:0864H         LINE#         176
  C:0864H         LINE#         177
  C:0869H         LINE#         178
  C:086DH         LINE#         179
  C:086DH         LINE#         180
  C:0898H         LINE#         181
  C:08A4H         LINE#         182
  C:08A4H         LINE#         184
  C:08A4H         LINE#         185
  C:08B3H         LINE#         186
  C:08B3H         LINE#         188
  C:08B3H         LINE#         189
  C:08B3H         LINE#         190
  C:08B8H         LINE#         191
  -------         ENDPROC       _SPRINGTEST
  -------         PROC          _KNOWMTYP
BL51 BANKED LINKER/LOCATER V6.22                                                      03/14/2019  19:18:22  PAGE 31


  D:0008H         SYMBOL        sta
  D:0009H         SYMBOL        Prg
  D:000AH         SYMBOL        pos
  C:0EBCH         LINE#         201
  C:0EC2H         LINE#         202
  C:0EC2H         LINE#         203
  C:0ECBH         LINE#         204
  C:0ECBH         LINE#         205
  C:0ED6H         LINE#         206
  C:0EE1H         LINE#         207
  C:0EE1H         LINE#         208
  C:0EF3H         LINE#         209
  C:0EF3H         LINE#         210
  C:0EF7H         LINE#         211
  C:0EFBH         LINE#         212
  C:0EFFH         LINE#         213
  C:0F04H         LINE#         214
  C:0F04H         LINE#         215
  C:0F04H         LINE#         216
  C:0F0BH         LINE#         217
  C:0F0BH         LINE#         218
  C:0F11H         LINE#         219
  C:0F1BH         LINE#         220
  C:0F26H         LINE#         221
  C:0F2BH         LINE#         222
  C:0F2FH         LINE#         223
  C:0F31H         LINE#         224
  C:0F38H         LINE#         225
  C:0F38H         LINE#         226
  C:0F3EH         LINE#         227
  C:0F48H         LINE#         228
  C:0F53H         LINE#         229
  C:0F58H         LINE#         230
  C:0F5CH         LINE#         231
  C:0F5EH         LINE#         233
  C:0F5EH         LINE#         234
  C:0F64H         LINE#         235
  C:0F6EH         LINE#         236
  C:0F79H         LINE#         237
  C:0F7EH         LINE#         238
  C:0F85H         LINE#         239
  C:0F85H         LINE#         240
  C:0F85H         LINE#         241
  C:0F85H         LINE#         243
  C:0F85H         LINE#         244
  C:0F8EH         LINE#         245
  C:0F8EH         LINE#         246
  C:0F95H         LINE#         247
  C:0F95H         LINE#         249
  C:0FA0H         LINE#         250
  C:0FA0H         LINE#         251
  C:0FAAH         LINE#         252
  C:0FB0H         LINE#         253
  C:0FB0H         LINE#         254
  C:0FB0H         LINE#         256
  -------         ENDPROC       _KNOWMTYP
  -------         PROC          _STMCTR
BL51 BANKED LINKER/LOCATER V6.22                                                      03/14/2019  19:18:22  PAGE 32


  D:0006H         SYMBOL        stmlm
  C:1CCBH         LINE#         264
  C:1CCBH         LINE#         265
  C:1CCBH         LINE#         266
  C:1CD1H         LINE#         267
  C:1CD1H         LINE#         268
  C:1CDAH         LINE#         269
  C:1CE8H         LINE#         272
  C:1CEEH         LINE#         274
  C:1CF0H         LINE#         275
  -------         ENDPROC       _STMCTR
  -------         PROC          _CALCUSTM
  D:0007H         SYMBOL        cmd
  -------         DO            
  D:0006H         SYMBOL        i
  -------         ENDDO         
  C:0B80H         LINE#         286
  C:0B80H         LINE#         287
  C:0B80H         LINE#         288
  C:0B82H         LINE#         289
  C:0B9AH         LINE#         290
  C:0B9AH         LINE#         292
  C:0B9AH         LINE#         293
  C:0BA0H         LINE#         294
  C:0BA0H         LINE#         295
  C:0BA4H         LINE#         296
  C:0BA5H         LINE#         297
  C:0BA5H         LINE#         298
  C:0BBCH         LINE#         299
  C:0BC0H         LINE#         300
  C:0BC3H         LINE#         301
  C:0BC6H         LINE#         302
  C:0BC9H         LINE#         303
  C:0BC9H         LINE#         304
  C:0BD0H         LINE#         305
  C:0BD0H         LINE#         306
  C:0BD6H         LINE#         307
  C:0BD6H         LINE#         308
  C:0BD9H         LINE#         309
  C:0BE3H         LINE#         310
  C:0BE5H         LINE#         311
  C:0BE5H         LINE#         312
  C:0BE5H         LINE#         313
  C:0BE8H         LINE#         314
  C:0BE8H         LINE#         317
  C:0BE8H         LINE#         318
  C:0BFAH         LINE#         319
  C:0C09H         LINE#         321
  C:0C10H         LINE#         322
  C:0C10H         LINE#         323
  C:0C1AH         LINE#         324
  C:0C1AH         LINE#         325
  C:0C24H         LINE#         326
  C:0C26H         LINE#         327
  C:0C26H         LINE#         328
  C:0C26H         LINE#         329
  C:0C2CH         LINE#         330
BL51 BANKED LINKER/LOCATER V6.22                                                      03/14/2019  19:18:22  PAGE 33


  C:0C2CH         LINE#         332
  C:0C42H         LINE#         333
  C:0C42H         LINE#         334
  C:0C4EH         LINE#         335
  C:0C59H         LINE#         336
  C:0C5FH         LINE#         337
  C:0C5FH         LINE#         338
  C:0C6EH         LINE#         339
  C:0C71H         LINE#         340
  C:0C71H         LINE#         341
  C:0C74H         LINE#         342
  C:0C74H         LINE#         345
  C:0C74H         LINE#         346
  C:0C80H         LINE#         347
  C:0C82H         LINE#         350
  C:0C82H         LINE#         351
  C:0C89H         LINE#         352
  C:0C8FH         LINE#         353
  C:0C9BH         LINE#         354
  C:0C9BH         LINE#         355
  C:0C9BH         LINE#         356
  C:0C9BH         LINE#         357
  C:0C9DH         LINE#         358
  -------         ENDPROC       _CALCUSTM
  -------         PROC          MTASKCONTROL
  C:002EH         LINE#         364
  C:002EH         LINE#         365
  C:002EH         LINE#         366
  C:0036H         LINE#         367
  C:0036H         LINE#         368
  C:0047H         LINE#         370
  C:0047H         LINE#         372
  C:0091H         LINE#         373
  C:0091H         LINE#         374
  C:0091H         LINE#         375
  C:009EH         LINE#         376
  C:00AFH         LINE#         377
  C:00B0H         LINE#         381
  C:00B0H         LINE#         382
  C:00B3H         LINE#         383
  C:00B6H         LINE#         384
  C:00B9H         LINE#         385
  C:00C2H         LINE#         387
  C:00C7H         LINE#         388
  C:00CAH         LINE#         389
  C:00CFH         LINE#         390
  C:00D5H         LINE#         391
  C:00DAH         LINE#         392
  C:00DAH         LINE#         393
  C:00DDH         LINE#         394
  C:00DDH         LINE#         395
  C:00F5H         LINE#         396
  C:00F6H         LINE#         397
  C:00F6H         LINE#         398
  C:00FFH         LINE#         399
  C:00FFH         LINE#         400
  C:0109H         LINE#         401
BL51 BANKED LINKER/LOCATER V6.22                                                      03/14/2019  19:18:22  PAGE 34


  C:010FH         LINE#         402
  C:0115H         LINE#         403
  C:011CH         LINE#         404
  C:011CH         LINE#         405
  C:011EH         LINE#         406
  C:011EH         LINE#         407
  C:0123H         LINE#         408
  C:0123H         LINE#         409
  C:0123H         LINE#         410
  C:0126H         LINE#         411
  C:0126H         LINE#         412
  C:012EH         LINE#         413
  C:013EH         LINE#         414
  C:015BH         LINE#         415
  C:015BH         LINE#         416
  C:015DH         LINE#         417
  C:0160H         LINE#         419
  C:0160H         LINE#         423
  C:0160H         LINE#         424
  C:0169H         LINE#         425
  C:016BH         LINE#         426
  C:016DH         LINE#         427
  C:0173H         LINE#         428
  C:0179H         LINE#         429
  C:017EH         LINE#         430
  C:017EH         LINE#         431
  C:0181H         LINE#         432
  C:0181H         LINE#         433
  C:0199H         LINE#         434
  C:019AH         LINE#         435
  C:019AH         LINE#         436
  C:01A3H         LINE#         437
  C:01A3H         LINE#         438
  C:01A9H         LINE#         439
  C:01AEH         LINE#         440
  C:01B4H         LINE#         441
  C:01B4H         LINE#         442
  C:01B5H         LINE#         443
  C:01B5H         LINE#         444
  C:01BBH         LINE#         445
  C:01BBH         LINE#         446
  C:01BDH         LINE#         447
  C:01CBH         LINE#         448
  C:01CDH         LINE#         449
  C:01D0H         LINE#         450
  C:01DBH         LINE#         451
  C:01DDH         LINE#         452
  C:01DDH         LINE#         453
  C:01EAH         LINE#         454
  C:01ECH         LINE#         455
  C:01EFH         LINE#         456
  C:01EFH         LINE#         457
  C:0202H         LINE#         458
  C:0210H         LINE#         460
  C:0211H         LINE#         465
  C:0211H         LINE#         466
  C:0214H         LINE#         467
BL51 BANKED LINKER/LOCATER V6.22                                                      03/14/2019  19:18:22  PAGE 35


  C:0217H         LINE#         468
  C:021AH         LINE#         469
  C:0223H         LINE#         470
  C:0228H         LINE#         471
  C:022DH         LINE#         472
  C:0230H         LINE#         473
  C:0235H         LINE#         474
  C:023BH         LINE#         475
  C:0241H         LINE#         476
  C:0245H         LINE#         477
  C:024BH         LINE#         478
  C:024CH         LINE#         479
  C:024CH         LINE#         480
  C:0264H         LINE#         481
  C:0265H         LINE#         482
  C:0265H         LINE#         483
  C:026EH         LINE#         484
  C:026EH         LINE#         485
  C:0278H         LINE#         486
  C:027EH         LINE#         487
  C:0284H         LINE#         488
  C:0288H         LINE#         489
  C:0288H         LINE#         490
  C:0289H         LINE#         491
  C:0289H         LINE#         492
  C:0292H         LINE#         493
  C:0292H         LINE#         494
  C:0298H         LINE#         495
  C:02A4H         LINE#         496
  C:02AFH         LINE#         497
  C:02AFH         LINE#         498
  C:02B1H         LINE#         499
  C:02B6H         LINE#         500
  C:02B8H         LINE#         501
  C:02C3H         LINE#         502
  C:02C3H         LINE#         503
  C:02C5H         LINE#         504
  C:02CAH         LINE#         505
  C:02D9H         LINE#         506
  C:02DBH         LINE#         507
  C:02E2H         LINE#         508
  C:02E8H         LINE#         509
  C:02EAH         LINE#         511
  C:02EAH         LINE#         512
  C:02F1H         LINE#         513
  C:02FDH         LINE#         514
  C:0304H         LINE#         515
  C:030BH         LINE#         516
  C:030BH         LINE#         517
  C:030FH         LINE#         518
  C:0314H         LINE#         519
  C:0314H         LINE#         520
  C:0324H         LINE#         521
  C:0324H         LINE#         523
  C:032AH         LINE#         524
  C:032AH         LINE#         525
  C:032FH         LINE#         526
BL51 BANKED LINKER/LOCATER V6.22                                                      03/14/2019  19:18:22  PAGE 36


  C:0331H         LINE#         527
  C:0333H         LINE#         528
  C:0335H         LINE#         529
  C:0338H         LINE#         530
  C:034FH         LINE#         531
  C:034FH         LINE#         532
  C:035AH         LINE#         533
  C:035FH         LINE#         534
  C:0364H         LINE#         535
  C:0369H         LINE#         536
  C:036CH         LINE#         537
  C:037AH         LINE#         538
  C:037BH         LINE#         539
  C:037BH         LINE#         541
  C:037BH         LINE#         546
  C:037BH         LINE#         547
  C:0380H         LINE#         548
  C:0390H         LINE#         549
  C:0399H         LINE#         550
  C:039BH         LINE#         551
[...]
  C:1D81H         PUBLIC        intMcu
  C:1A03H         PUBLIC        t0_interrupt
  D:00D0H         PUBLIC        PSW
  X:0089H         PUBLIC        UpCt
  -------         PROC          INTMCU
  C:1D81H         LINE#         38
  C:1D81H         LINE#         39
  C:1D81H         LINE#         40
  C:1D83H         LINE#         42
  C:1D86H         LINE#         43
  C:1D89H         LINE#         50
  C:1D8CH         LINE#         51
  C:1D8EH         LINE#         52
  C:1D90H         LINE#         54
  C:1D93H         LINE#         55
  C:1D96H         LINE#         56
  C:1D98H         LINE#         57
  C:1D9AH         LINE#         60
  C:1D9CH         LINE#         63
  C:1D9EH         LINE#         65
  C:1DA0H         LINE#         67
  C:1DA2H         LINE#         68
  -------         ENDPROC       INTMCU
  -------         PROC          TIMER2_INIT
  C:1EBFH         LINE#         73
  C:1EBFH         LINE#         74
  C:1EBFH         LINE#         75
  C:1EC2H         LINE#         76
  C:1EC4H         LINE#         77
  C:1EC7H         LINE#         78
  C:1EC9H         LINE#         79
  C:1ECBH         LINE#         84
  C:1ECDH         LINE#         85
  C:1ECFH         LINE#         86
  C:1ED1H         LINE#         87
  -------         ENDPROC       TIMER2_INIT
  -------         PROC          INTRUN
  C:1DA3H         LINE#         93
  -------         ENDPROC       INTRUN
  -------         PROC          _DELAY
  D:0007H         SYMBOL        cnt
  -------         DO            
  D:0006H         SYMBOL        i
  -------         ENDDO         
  C:1ED2H         LINE#         95
  C:1ED2H         LINE#         96
  C:1ED2H         LINE#         98
  C:1EDAH         LINE#         99
  C:1EE3H         LINE#         100
  -------         ENDPROC       _DELAY
  -------         PROC          COMCLK
  C:1F43H         LINE#         103
  C:1F43H         LINE#         104
  C:1F43H         LINE#         105
BL51 BANKED LINKER/LOCATER V6.22                                                      03/14/2019  19:18:22  PAGE 39


  C:1F49H         LINE#         106
  C:1F51H         LINE#         107
  -------         ENDPROC       COMCLK
  -------         PROC          UPCTCLK
  C:1FE6H         LINE#         109
  -------         ENDPROC       UPCTCLK
  -------         PROC          UPDCCLK
  C:1FEDH         LINE#         110
  -------         ENDPROC       UPDCCLK
  -------         PROC          SYSINT
  C:1D3AH         LINE#         112
  C:1D3AH         LINE#         113
  C:1D3AH         LINE#         114
  C:1D3DH         LINE#         115
  C:1D40H         LINE#         117
  C:1D43H         LINE#         119
  C:1D46H         LINE#         120
  C:1D49H         LINE#         121
  C:1D4CH         LINE#         122
  C:1D4FH         LINE#         123
  C:1D52H         LINE#         124
  C:1D55H         LINE#         125
  C:1D58H         LINE#         126
  C:1D5BH         LINE#         127
  -------         ENDPROC       SYSINT
  -------         PROC          ITASKCTR
  C:1909H         LINE#         132
  C:1909H         LINE#         133
  C:1909H         LINE#         135
  C:1916H         LINE#         136
  C:1916H         LINE#         137
  C:193CH         LINE#         139
  C:193FH         LINE#         140
  C:193FH         LINE#         141
  C:1944H         LINE#         142
  C:194CH         LINE#         143
  C:195EH         LINE#         144
  C:195EH         LINE#         145
  C:195EH         LINE#         146
  -------         ENDPROC       ITASKCTR
  -------         PROC          VICECTR
  C:0A45H         LINE#         149
  C:0A45H         LINE#         150
  C:0A45H         LINE#         151
  C:0A4DH         LINE#         152
  C:0A4DH         LINE#         153
  C:0A61H         LINE#         154
  C:0A61H         LINE#         155
  C:0A61H         LINE#         156
  C:0A61H         LINE#         157
  C:0A63H         LINE#         158
  C:0A63H         LINE#         159
  C:0A65H         LINE#         160
  C:0A65H         LINE#         161
  C:0A65H         LINE#         162
  C:0A6DH         LINE#         163
  C:0A74H         LINE#         164
BL51 BANKED LINKER/LOCATER V6.22                                                      03/14/2019  19:18:22  PAGE 40


  C:0A79H         LINE#         165
  C:0A79H         LINE#         166
  C:0A7BH         LINE#         167
  C:0A7BH         LINE#         168
  C:0A85H         LINE#         169
  C:0A85H         LINE#         170
  C:0A85H         LINE#         171
  C:0A85H         LINE#         172
  C:0A8AH         LINE#         173
  C:0A8AH         LINE#         174
  C:0A95H         LINE#         175
  C:0A95H         LINE#         176
  C:0AA7H         LINE#         177
  C:0AB1H         LINE#         179
  C:0ACCH         LINE#         180
  C:0ACCH         LINE#         181
  C:0ACCH         LINE#         182
  C:0ACCH         LINE#         183
  C:0AE0H         LINE#         184
  C:0AE0H         LINE#         185
  C:0AE0H         LINE#         186
  C:0AE5H         LINE#         187
  C:0AE5H         LINE#         188
  C:0AE7H         LINE#         189
  C:0AE7H         LINE#         190
  C:0AEFH         LINE#         191
  C:0AFAH         LINE#         192
  C:0AFCH         LINE#         193
  C:0AFEH         LINE#         194
  C:0AFEH         LINE#         195
  C:0B06H         LINE#         196
  C:0B14H         LINE#         197
  C:0B1FH         LINE#         198
  C:0B34H         LINE#         199
  C:0B36H         LINE#         200
  C:0B38H         LINE#         201
  C:0B38H         LINE#         202
  C:0B43H         LINE#         203
  C:0B4BH         LINE#         204
  C:0B59H         LINE#         205
  C:0B64H         LINE#         206
  C:0B66H         LINE#         207
  C:0B68H         LINE#         208
  C:0B68H         LINE#         209
  C:0B6FH         LINE#         210
  C:0B6FH         LINE#         211
  C:0B6FH         LINE#         212
  C:0B74H         LINE#         213
  C:0B75H         LINE#         214
  C:0B75H         LINE#         215
  C:0B75H         LINE#         218
  C:0B75H         LINE#         219
  C:0B7FH         LINE#         220
  C:0B7FH         LINE#         221
  C:0B7FH         LINE#         222
  C:0B7FH         LINE#         227
  -------         ENDPROC       VICECTR
BL51 BANKED LINKER/LOCATER V6.22                                                      03/14/2019  19:18:22  PAGE 41


  -------         PROC          ITASKCONTROL
  C:1354H         LINE#         229
  C:1354H         LINE#         230
  C:1354H         LINE#         232
  C:1357H         LINE#         233
  C:13A5H         LINE#         234
  C:13A5H         LINE#         235
  C:13A5H         LINE#         236
  C:13A8H         LINE#         237
  C:13B6H         LINE#         238
  C:13B9H         LINE#         239
  C:13BFH         LINE#         240
  C:13C0H         LINE#         242
  C:13C0H         LINE#         243
  C:13D4H         LINE#         244
  C:13D8H         LINE#         245
  C:13DAH         LINE#         247
  C:13DAH         LINE#         248
  C:13DAH         LINE#         249
  C:13DAH         LINE#         250
  C:13DAH         LINE#         251
  C:13DBH         LINE#         252
  C:13DDH         LINE#         255
  C:13DDH         LINE#         256
  C:13DDH         LINE#         257
  C:13DDH         LINE#         261
  C:13DDH         LINE#         262
  C:13DDH         LINE#         263
  C:13DDH         LINE#         264
  C:13DDH         LINE#         265
  C:13DDH         LINE#         266
  C:13DDH         LINE#         267
  C:13DDH         LINE#         268
  C:13DDH         LINE#         269
  C:13DDH         LINE#         271
  C:13DDH         LINE#         272
  C:13DDH         LINE#         273
  C:13DDH         LINE#         274
  C:13E0H         LINE#         276
  C:13E0H         LINE#         279
  C:13E5H         LINE#         280
  C:13E5H         LINE#         281
  -------         ENDPROC       ITASKCONTROL
  -------         PROC          T0_INTERRUPT
  C:1A03H         LINE#         283
  C:1A20H         LINE#         285
  C:1A22H         LINE#         286
  C:1A25H         LINE#         287
  C:1A28H         LINE#         290
  C:1A2BH         LINE#         291
  C:1A2EH         LINE#         292
  C:1A31H         LINE#         294
  -------         ENDPROC       T0_INTERRUPT
  -------         PROC          MOTORTIMER2
  C:12BCH         LINE#         389
  C:12BCH         LINE#         390
  C:12BCH         LINE#         489
BL51 BANKED LINKER/LOCATER V6.22                                                      03/14/2019  19:18:22  PAGE 42


  C:12C6H         LINE#         490
  C:12C6H         LINE#         491
  C:12CEH         LINE#         493
  C:12F2H         LINE#         494
  C:12F2H         LINE#         495
  C:12F4H         LINE#         496
  C:1310H         LINE#         497
  C:1310H         LINE#         498
  C:1312H         LINE#         499
  C:1312H         LINE#         502
  C:1319H         LINE#         503
  C:1319H         LINE#         504
  C:1321H         LINE#         505
  C:1321H         LINE#         507
  C:1324H         LINE#         509
  C:132BH         LINE#         510
  C:132BH         LINE#         511
  C:1330H         LINE#         512
  C:1330H         LINE#         514
  C:1335H         LINE#         515
  C:1335H         LINE#         516
  C:133CH         LINE#         517
  C:133CH         LINE#         518
  C:1341H         LINE#         519
  C:1343H         LINE#         520
  C:134AH         LINE#         521
  C:134AH         LINE#         523
  C:134CH         LINE#         524
  C:134CH         LINE#         526
  C:134CH         LINE#         528
  C:134CH         LINE#         530
  C:134CH         LINE#         533
  C:1353H         LINE#         535
  C:1353H         LINE#         536
  C:1353H         LINE#         541
  -------         ENDPROC       MOTORTIMER2
  -------         PROC          TIMER2_ISR
  C:1A4CH         LINE#         544
  C:1A69H         LINE#         546
  C:1A6BH         LINE#         547
  C:1A6DH         LINE#         548
  C:1A70H         LINE#         549
  -------         ENDPROC       TIMER2_ISR
  -------         ENDMOD        RUN

  -------         MODULE        EEPROM
  C:0000H         SYMBOL        _ICE_DUMMY_
  D:0090H         PUBLIC        P1
  D:00B0H         PUBLIC        P3
  C:1EB2H         PUBLIC        DisableEEPROM
  D:00A8H         PUBLIC        IE
  D:00E5H         PUBLIC        IAP_CMD
  C:1E23H         PUBLIC        _EEPROM_SectorErase
  C:1B6AH         PUBLIC        _EEPROM_read_n
  D:00B8H         PUBLIC        IP
  D:00E3H         PUBLIC        IAP_ADDRH
  D:00E4H         PUBLIC        IAP_ADDRL
BL51 BANKED LINKER/LOCATER V6.22                                                      03/14/2019  19:18:22  PAGE 43


  C:1B9CH         PUBLIC        _EEPROM_write_n
  D:0098H         PUBLIC        SCON
  D:0088H         PUBLIC        TCON
  D:00E7H         PUBLIC        IAP_CONTR
  D:00E2H         PUBLIC        IAP_DATA
  D:00C8H         PUBLIC        T2CON
  D:00E6H         PUBLIC        IAP_TRIG
  D:00D0H         PUBLIC        PSW
  -------         PROC          L?0015
  -------         ENDPROC       L?0015
  -------         PROC          DISABLEEEPROM
  C:1EB2H         LINE#         15
  C:1EB2H         LINE#         16
  C:1EB2H         LINE#         17
  C:1EB5H         LINE#         18
  C:1EB7H         LINE#         19
  C:1EB9H         LINE#         20
  C:1EBCH         LINE#         21
  C:1EBEH         LINE#         22
  -------         ENDPROC       DISABLEEEPROM
  -------         PROC          _EEPROM_READ_N
  D:0004H         SYMBOL        EE_address
  D:0001H         SYMBOL        DataAddress
  D:0017H         SYMBOL        number
  C:1B6AH         LINE#         34
  C:1B6EH         LINE#         35
  C:1B6EH         LINE#         39
  C:1B6EH         LINE#         40
  C:1B71H         LINE#         41
  C:1B74H         LINE#         42
  C:1B76H         LINE#         43
  C:1B7AH         LINE#         44
  C:1B7DH         LINE#         45
  C:1B80H         LINE#         46
  C:1B81H         LINE#         48
  C:1B86H         LINE#         49
  C:1B8BH         LINE#         50
  C:1B8BH         LINE#         51
  C:1B8EH         LINE#         52
  C:1B9BH         LINE#         56
  -------         ENDPROC       _EEPROM_READ_N
  -------         PROC          _EEPROM_SECTORERASE
  D:0004H         SYMBOL        EE_address
  C:1E23H         LINE#         67
  C:1E27H         LINE#         68
  C:1E27H         LINE#         70
  C:1E2AH         LINE#         71
  C:1E2DH         LINE#         72
  C:1E2FH         LINE#         73
  C:1E33H         LINE#         74
  C:1E36H         LINE#         75
  C:1E39H         LINE#         76
  C:1E3AH         LINE#         77
  -------         ENDPROC       _EEPROM_SECTORERASE
  -------         PROC          _EEPROM_WRITE_N
  D:0004H         SYMBOL        EE_address
  D:0001H         SYMBOL        DataAddress
BL51 BANKED LINKER/LOCATER V6.22                                                      03/14/2019  19:18:22  PAGE 44


  D:0014H         SYMBOL        number
  C:1B9CH         LINE#         90
  C:1BA0H         LINE#         91
  C:1BA0H         LINE#         97
  C:1BA0H         LINE#         98
  C:1BA3H         LINE#         99
  C:1BA6H         LINE#         100
  C:1BA8H         LINE#         101
  C:1BACH         LINE#         102
  C:1BB1H         LINE#         104
  C:1BB4H         LINE#         105
  C:1BB7H         LINE#         106
  C:1BB8H         LINE#         107
  C:1BBDH         LINE#         108
  C:1BBDH         LINE#         109
  C:1BC0H         LINE#         110
  C:1BCDH         LINE#         114
  -------         ENDPROC       _EEPROM_WRITE_N
  -------         ENDMOD        EEPROM

  -------         MODULE        ROMTEST
  C:0000H         SYMBOL        _ICE_DUMMY_
  D:0080H         PUBLIC        P0
  D:0090H         PUBLIC        P1
  D:00A0H         PUBLIC        P2
  D:00B0H         PUBLIC        P3
  D:00A8H         PUBLIC        IE
  D:00B8H         PUBLIC        IP
  C:1613H         PUBLIC        _SectotRT
  C:1791H         PUBLIC        _SectotWT
  D:0098H         PUBLIC        SCON
  D:0088H         PUBLIC        TCON
  C:1B37H         PUBLIC        _SectotE
  B:0090H.1       PUBLIC        BUZZ
  C:0C9EH         PUBLIC        RomTest
  B:00A0H.4       PUBLIC        LED
  D:00E1H         PUBLIC        WDT_CONTR
  D:00C8H         PUBLIC        T2CON
  D:00D0H         PUBLIC        PSW
  -------         PROC          ROMTEST
  -------         DO            
  D:0008H         SYMBOL        t
  D:0009H         SYMBOL        i
  X:0030H         SYMBOL        buff
  -------         ENDDO         
  C:0C9EH         LINE#         16
  C:0C9EH         LINE#         17
  C:0C9EH         LINE#         18
  C:0CA3H         LINE#         19
  C:0CA5H         LINE#         20
  C:0CABH         LINE#         21
  C:0CBEH         LINE#         22
  C:0CE1H         LINE#         23
  C:0CECH         LINE#         24
  C:0CF7H         LINE#         25
  C:0CF7H         LINE#         27
  C:0CF9H         LINE#         28
BL51 BANKED LINKER/LOCATER V6.22                                                      03/14/2019  19:18:22  PAGE 45


  C:0CF9H         LINE#         29
  C:0D06H         LINE#         30
  C:0D0BH         LINE#         31
  C:0D16H         LINE#         32
  C:0D1BH         LINE#         33
  C:0D2AH         LINE#         34
  C:0D2FH         LINE#         35
  C:0D3CH         LINE#         36
  C:0D41H         LINE#         37
  C:0D4CH         LINE#         38
  C:0D51H         LINE#         39
  C:0D60H         LINE#         40
  C:0D65H         LINE#         41
  C:0D6EH         LINE#         43
  C:0D71H         LINE#         44
  C:0D71H         LINE#         45
  C:0D78H         LINE#         46
  C:0D95H         LINE#         47
  C:0DA8H         LINE#         48
  C:0DA8H         LINE#         50
  C:0DA8H         LINE#         51
  C:0DAAH         LINE#         52
  C:0DB0H         LINE#         53
  C:0DB0H         LINE#         54
  C:0DB0H         LINE#         55
  -------         ENDPROC       ROMTEST
  -------         PROC          _SECTOTE
  D:000AH         SYMBOL        dx
  D:000CH         SYMBOL        hf
  D:000EH         SYMBOL        tt
  -------         DO            
  D:000FH         SYMBOL        k
  -------         ENDDO         
  C:1B37H         LINE#         68
  C:1B41H         LINE#         69
  C:1B41H         LINE#         71
  C:1B4BH         LINE#         72
  C:1B4BH         LINE#         73
  C:1B4DH         LINE#         74
  C:1B54H         LINE#         75
  C:1B59H         LINE#         76
  C:1B65H         LINE#         77
  C:1B69H         LINE#         78
  -------         ENDPROC       _SECTOTE
  -------         PROC          _SECTOTWT
  D:000AH         SYMBOL        dx
  D:0005H         SYMBOL        nu
  D:000CH         SYMBOL        tt
  -------         DO            
  D:000DH         SYMBOL        k
  D:000EH         SYMBOL        i
  X:0038H         SYMBOL        buff
  -------         ENDDO         
  C:1791H         LINE#         86
  C:1797H         LINE#         87
  C:1797H         LINE#         89
  C:17AEH         LINE#         90
BL51 BANKED LINKER/LOCATER V6.22                                                      03/14/2019  19:18:22  PAGE 46


  C:17B8H         LINE#         91
  C:17B8H         LINE#         92
  C:17BBH         LINE#         93
  C:17BBH         LINE#         94
  C:17CEH         LINE#         95
  C:17D9H         LINE#         96
  C:17DEH         LINE#         97
  C:17E7H         LINE#         98
  C:17E9H         LINE#         100
  C:17EEH         LINE#         101
  C:17F2H         LINE#         102
  -------         ENDPROC       _SECTOTWT
  -------         PROC          _SECTOTRT
  D:000AH         SYMBOL        dx
  D:000CH         SYMBOL        nu
  D:000DH         SYMBOL        tt
  -------         DO            
  D:000EH         SYMBOL        k
  D:0007H         SYMBOL        u
  D:000FH         SYMBOL        i
  X:0038H         SYMBOL        buff
  D:0010H         SYMBOL        cnum
  -------         ENDDO         
  C:1613H         LINE#         111
  C:161BH         LINE#         112
  C:161BH         LINE#         113
  C:1620H         LINE#         115
  C:1629H         LINE#         116
  C:1629H         LINE#         117
  C:162CH         LINE#         118
  C:162CH         LINE#         119
  C:163FH         LINE#         120
  C:164AH         LINE#         121
  C:164CH         LINE#         122
  C:164CH         LINE#         123
  C:165AH         LINE#         124
  C:1662H         LINE#         125
  C:1666H         LINE#         126
  C:1668H         LINE#         127
  C:166DH         LINE#         128
  C:1676H         LINE#         129
  C:167BH         LINE#         130
  C:167FH         LINE#         131
  C:1696H         LINE#         132
  -------         ENDPROC       _SECTOTRT
  -------         ENDMOD        ROMTEST

  -------         MODULE        ?C?CLDPTR
  C:0FB1H         PUBLIC        ?C?CLDPTR
  -------         ENDMOD        ?C?CLDPTR

  -------         MODULE        ?C?CSTPTR
  C:0FCAH         PUBLIC        ?C?CSTPTR
  -------         ENDMOD        ?C?CSTPTR

  -------         MODULE        ?C?UIDIV
  C:0FDCH         PUBLIC        ?C?UIDIV
BL51 BANKED LINKER/LOCATER V6.22                                                      03/14/2019  19:18:22  PAGE 47


  -------         ENDMOD        ?C?UIDIV

  -------         MODULE        ?C?CCASE
  C:1031H         PUBLIC        ?C?CCASE
  -------         ENDMOD        ?C?CCASE

  -------         MODULE        ?C?MEMSET
  C:1057H         PUBLIC        ?C?MEMSET
  -------         ENDMOD        ?C?MEMSET

Program Size: data=89.1 xdata=149 code=8181
LINK/LOCATE RUN COMPLETE.  0 WARNING(S),  0 ERROR(S)
