BL51 BANKED LINKER/LOCATER V6.22                                                        03/15/2019  16:09:22  PAGE 1


BL51 BANKED LINKER/LOCATER V6.22, INVOKED BY:
C:\KEIL\C51\BIN\BL51.EXE ..\HEX\STARTUP.obj, ..\HEX\autorun.obj, ..\HEX\Main.obj, ..\HEX\buzz.obj, ..\HEX\err.obj, ..\HE
>> X\output.obj, ..\HEX\clk.obj, ..\HEX\USART.obj, ..\HEX\input.obj, ..\HEX\motor.obj, ..\HEX\run.obj, ..\HEX\EEPROM.obj
>> , ..\HEX\romtest.obj TO ..\HEX\LJDZ PRINT (.\LJDZ.m51) RAMSIZE (256)


MEMORY MODEL: SMALL


INPUT MODULES INCLUDED:
  ..\HEX\STARTUP.obj (?C_STARTUP)
  ..\HEX\autorun.obj (AUTORUN)
  ..\HEX\Main.obj (MAIN)
  ..\HEX\buzz.obj (BUZZ)
  ..\HEX\err.obj (ERR)
  ..\HEX\output.obj (OUTPUT)
  ..\HEX\clk.obj (CLK)
  ..\HEX\USART.obj (USART)
  ..\HEX\input.obj (INPUT)
  ..\HEX\motor.obj (MOTOR)
  ..\HEX\run.obj (RUN)
  ..\HEX\EEPROM.obj (EEPROM)
  ..\HEX\romtest.obj (ROMTEST)
  C:\KEIL\C51\LIB\C51S.LIB (?C_INIT)
  C:\KEIL\C51\LIB\C51S.LIB (?C?CLDPTR)
  C:\KEIL\C51\LIB\C51S.LIB (?C?CSTPTR)
  C:\KEIL\C51\LIB\C51S.LIB (?C?UIDIV)
  C:\KEIL\C51\LIB\C51S.LIB (?C?CCASE)
  C:\KEIL\C51\LIB\C51S.LIB (?C?MEMSET)


LINK MAP OF MODULE:  ..\HEX\LJDZ (?C_STARTUP)


            TYPE    BASE      LENGTH    RELOCATION   SEGMENT NAME
            -----------------------------------------------------

            * * * * * * *   D A T A   M E M O R Y   * * * * * * *
            REG     0000H     0008H     ABSOLUTE     "REG BANK 0"
            DATA    0008H     0014H     UNIT         _DATA_GROUP_
            DATA    001CH     0003H     UNIT         ?DT?CLK
            DATA    001FH     0001H     UNIT         ?DT?AUTORUN
            BIT     0020H.0   0000H.1   UNIT         ?BI?MOTOR
                    0020H.1   0000H.7                *** GAP ***
            DATA    0021H     0028H     UNIT         ?DT?MOTOR
            DATA    0049H     0007H     UNIT         ?DT?INPUT
            DATA    0050H     0005H     UNIT         ?DT?OUTPUT
            DATA    0055H     0003H     UNIT         ?DT?RUN
            DATA    0058H     0001H     UNIT         ?DT?BUZZ
            IDATA   0059H     0001H     UNIT         ?STACK

            * * * * * * *  X D A T A   M E M O R Y  * * * * * * *
            XDATA   0000H     0030H     UNIT         ?XD?USART
            XDATA   0030H     0028H     UNIT         _XDATA_GROUP_
            XDATA   0058H     0022H     UNIT         ?XD?MOTOR
            XDATA   007AH     0009H     UNIT         ?XD?INPUT
            XDATA   0083H     0007H     UNIT         ?XD?RUN
            XDATA   008AH     0004H     UNIT         ?XD?CLK
BL51 BANKED LINKER/LOCATER V6.22                                                      03/15/2019  16:09:22  PAGE 2


            XDATA   008EH     0003H     UNIT         ?XD?AUTORUN
            XDATA   0091H     0003H     UNIT         ?XD?ERR
            XDATA   0094H     0001H     UNIT         ?XD?BUZZ

            * * * * * * *   C O D E   M E M O R Y   * * * * * * *
            CODE    0000H     0003H     ABSOLUTE     
            CODE    0003H     0008H     UNIT         ?PR?INTCLK?CLK
            CODE    000BH     0003H     ABSOLUTE     
            CODE    000EH     0015H     UNIT         ?PR?BRAKECLK?OUTPUT
            CODE    0023H     0003H     ABSOLUTE     
            CODE    0026H     0005H     UNIT         ?C_INITSEG
            CODE    002BH     0003H     ABSOLUTE     
            CODE    002EH     041CH     UNIT         ?PR?MTASKCONTROL?MOTOR
            CODE    044AH     02A7H     UNIT         ?PR?_BUZZ_TASK?BUZZ
            CODE    06F1H     01C8H     UNIT         ?PR?_SPRINGTEST?MOTOR
            CODE    08B9H     013BH     UNIT         ?PR?VICECTR?RUN
            CODE    09F4H     012CH     UNIT         ?PR?_UART_PRINT?USART
            CODE    0B20H     011EH     UNIT         ?PR?_CALCUSTM?MOTOR
            CODE    0C3EH     0113H     UNIT         ?PR?ROMTEST?ROMTEST
            CODE    0D51H     010BH     UNIT         ?PR?ATRUN?AUTORUN
            CODE    0E5CH     00F5H     UNIT         ?PR?_KNOWMTYP?MOTOR
            CODE    0F51H     00DCH     UNIT         ?PR?MOTORTIMER2?RUN
            CODE    102DH     00D2H     UNIT         ?C?LIB_CODE
            CODE    10FFH     00C7H     UNIT         ?PR?ERR_TASK?ERR
            CODE    11C6H     00BEH     UNIT         ?PR?UART1_INT?USART
            CODE    1284H     00B4H     UNIT         ?PR?POSING?INPUT
            CODE    1338H     0092H     UNIT         ?PR?ITASKCONTROL?RUN
            CODE    13CAH     008FH     UNIT         ?PR?DGING?INPUT
            CODE    1459H     008CH     UNIT         ?C_C51STARTUP
            CODE    14E5H     008AH     UNIT         ?PR?OPUTTASK?OUTPUT
            CODE    156FH     0088H     UNIT         ?PR?INTMOTOR?MOTOR
            CODE    15F7H     0085H     UNIT         ?PR?_SECTOTRT?ROMTEST
            CODE    167CH     007EH     UNIT         ?CO?RUN
            CODE    16FAH     007BH     UNIT         ?PR?HANDWEVENT?INPUT
            CODE    1775H     0062H     UNIT         ?PR?_SECTOTWT?ROMTEST
            CODE    17D7H     0060H     UNIT         ?PR?CLK?CLK
            CODE    1837H     0060H     UNIT         ?PR?INPUTTASK?INPUT
            CODE    1897H     0056H     UNIT         ?PR?UART_ALY?USART
            CODE    18EDH     0056H     UNIT         ?PR?ITASKCTR?RUN
            CODE    1943H     0052H     UNIT         ?PR?HANUPEVENT?INPUT
            CODE    1995H     0052H     UNIT         ?PR?VDOUPEVENT?INPUT
            CODE    19E7H     0049H     UNIT         ?PR?T0_INTERRUPT?RUN
            CODE    1A30H     003FH     UNIT         ?PR?TIMER2_ISR?RUN
            CODE    1A6FH     003EH     UNIT         ?PR?_STMINT?MOTOR
            CODE    1AADH     0038H     UNIT         ?PR?INTINPUT?INPUT
            CODE    1AE5H     0036H     UNIT         ?PR?FZING?INPUT
            CODE    1B1BH     0033H     UNIT         ?PR?_SECTOTE?ROMTEST
            CODE    1B4EH     0032H     UNIT         ?PR?_EEPROM_READ_N?EEPROM
            CODE    1B80H     0032H     UNIT         ?PR?_EEPROM_WRITE_N?EEPROM
            CODE    1BB2H     0030H     UNIT         ?PR?INTUSART?USART
            CODE    1BE2H     002CH     UNIT         ?PR?_SPEAK?USART
            CODE    1C0EH     002CH     UNIT         ?PR?DGDWEVENT?INPUT
            CODE    1C3AH     0028H     UNIT         ?PR?MAIN?MAIN
            CODE    1C62H     0027H     UNIT         ?PR?_TX1_WRITEBUFF?USART
            CODE    1C89H     0026H     UNIT         ?PR?_DWSLOINT?MOTOR
            CODE    1CAFH     0026H     UNIT         ?PR?_STMCTR?MOTOR
            CODE    1CD5H     0025H     UNIT         ?PR?_PRINTSTRING?USART
BL51 BANKED LINKER/LOCATER V6.22                                                      03/15/2019  16:09:22  PAGE 3


            CODE    1CFAH     0024H     UNIT         ?PR?HOREVENT?INPUT
            CODE    1D1EH     0024H     UNIT         ?PR?SYSINT?RUN
            CODE    1D42H     0023H     UNIT         ?PR?BMRED?INPUT
            CODE    1D65H     0022H     UNIT         ?PR?INTMCU?RUN
            CODE    1D87H     0022H     UNIT         ?PR?INTRUN?RUN
            CODE    1DA9H     0021H     UNIT         ?PR?DGUPEVENT?INPUT
            CODE    1DCAH     0021H     UNIT         ?PR?FZUPEVENT?INPUT
            CODE    1DEBH     001CH     UNIT         ?PR?VEREVENR?INPUT
            CODE    1E07H     001AH     UNIT         ?PR?_EEPROM_SECTORERASE?EEPROM
            CODE    1E21H     0018H     UNIT         ?PR?MCTRCLK?MOTOR
            CODE    1E39H     0017H     UNIT         ?PR?_ERR_VOLU?ERR
            CODE    1E50H     0017H     UNIT         ?PR?TEST_CLK?CLK
            CODE    1E67H     0014H     UNIT         ?PR?INEROKEVT?INPUT
            CODE    1E7BH     0014H     UNIT         ?PR?COEROKEVT?INPUT
            CODE    1E8FH     0014H     UNIT         ?PR?DISABLEEEPROM?EEPROM
            CODE    1EA3H     0013H     UNIT         ?PR?TIMER2_INIT?RUN
            CODE    1EB6H     0012H     UNIT         ?PR?_DELAY?RUN
            CODE    1EC8H     0011H     UNIT         ?PR?_EVENT?INPUT
            CODE    1ED9H     0010H     UNIT         ?PR?INTATRUN?AUTORUN
            CODE    1EE9H     0010H     UNIT         ?PR?INTERR?ERR
            CODE    1EF9H     0010H     UNIT         ?PR?ATUPEVENT?INPUT
            CODE    1F09H     000FH     UNIT         ?PR?INITREPAIRMOTOR?MOTOR
            CODE    1F18H     000FH     UNIT         ?PR?MRUNCLK?MOTOR
            CODE    1F27H     000FH     UNIT         ?PR?COMCLK?RUN
            CODE    1F36H     000DH     UNIT         ?PR?DG_CLK?INPUT
            CODE    1F43H     000DH     UNIT         ?PR?ATDWEVENT?INPUT
            CODE    1F50H     000CH     UNIT         ?PR?INTBUZZ?BUZZ
            CODE    1F5CH     000CH     UNIT         ?PR?INTOUT?OUTPUT
            CODE    1F68H     000CH     UNIT         ?PR?BRAKECLR?OUTPUT
            CODE    1F74H     000AH     UNIT         ?PR?BUZZ_CLK?BUZZ
            CODE    1F7EH     000AH     UNIT         ?PR?ERR_CLK?ERR
            CODE    1F88H     000AH     UNIT         ?PR?DGSTACLR?INPUT
            CODE    1F92H     0007H     UNIT         ?PR?ATRUN_CLK?AUTORUN
            CODE    1F99H     0007H     UNIT         ?PR?DZP_CLK?OUTPUT
            CODE    1FA0H     0007H     UNIT         ?PR?T1MS_CLK?CLK
            CODE    1FA7H     0007H     UNIT         ?PR?FZ_CLK?INPUT
            CODE    1FAEH     0007H     UNIT         ?PR?POS_CLK?INPUT
            CODE    1FB5H     0007H     UNIT         ?PR?HUP_CLK?INPUT
            CODE    1FBCH     0007H     UNIT         ?PR?HDW_CLK?INPUT
            CODE    1FC3H     0007H     UNIT         ?PR?VUP_CLK?INPUT
            CODE    1FCAH     0007H     UNIT         ?PR?UPCTCLK?RUN
            CODE    1FD1H     0007H     UNIT         ?PR?UPDCCLK?RUN
            CODE    1FD8H     0001H     UNIT         ?CO?MAIN



OVERLAY MAP OF MODULE:   ..\HEX\LJDZ (?C_STARTUP)


SEGMENT                                  DATA_GROUP          XDATA_GROUP
  +--> CALLED SEGMENT                  START    LENGTH     START    LENGTH
--------------------------------------------------------------------------
?C_C51STARTUP                          -----    -----      -----    -----
  +--> ?PR?MAIN?MAIN
  +--> ?C_INITSEG

?PR?MAIN?MAIN                          -----    -----      -----    -----
BL51 BANKED LINKER/LOCATER V6.22                                                      03/15/2019  16:09:22  PAGE 4


  +--> ?PR?SYSINT?RUN
  +--> ?PR?CLK?CLK
  +--> ?PR?INPUTTASK?INPUT
  +--> ?PR?ITASKCONTROL?RUN
  +--> ?PR?MTASKCONTROL?MOTOR
  +--> ?PR?ERR_TASK?ERR
  +--> ?PR?_BUZZ_TASK?BUZZ
  +--> ?PR?OPUTTASK?OUTPUT
  +--> ?PR?UART_ALY?USART
  +--> ?PR?ATRUN?AUTORUN

?PR?SYSINT?RUN                         -----    -----      -----    -----
  +--> ?PR?INTMCU?RUN
  +--> ?PR?INTUSART?USART
  +--> ?PR?TIMER2_INIT?RUN
  +--> ?PR?INTRUN?RUN
  +--> ?PR?INTBUZZ?BUZZ
  +--> ?PR?INTERR?ERR
  +--> ?PR?INTINPUT?INPUT
  +--> ?PR?INTCLK?CLK
  +--> ?PR?INTMOTOR?MOTOR
  +--> ?PR?INTOUT?OUTPUT
  +--> ?PR?INTATRUN?AUTORUN
  +--> ?PR?ROMTEST?ROMTEST

?PR?INTMOTOR?MOTOR                     -----    -----      -----    -----
  +--> ?PR?INITREPAIRMOTOR?MOTOR

?PR?ROMTEST?ROMTEST                    0008H    0002H      0030H    0008H
  +--> ?PR?_EEPROM_READ_N?EEPROM
  +--> ?CO?MAIN
  +--> ?PR?_SECTOTE?ROMTEST
  +--> ?PR?_DELAY?RUN
  +--> ?PR?_SECTOTWT?ROMTEST
  +--> ?PR?_SECTOTRT?ROMTEST
  +--> ?PR?_EEPROM_SECTORERASE?EEPROM
  +--> ?PR?_EEPROM_WRITE_N?EEPROM

?PR?_EEPROM_READ_N?EEPROM              0012H    0007H      -----    -----
  +--> ?PR?DISABLEEEPROM?EEPROM

?PR?_SECTOTE?ROMTEST                   000AH    0006H      -----    -----
  +--> ?PR?_EEPROM_SECTORERASE?EEPROM
  +--> ?PR?_DELAY?RUN

?PR?_EEPROM_SECTORERASE?EEPROM         -----    -----      -----    -----
  +--> ?PR?DISABLEEEPROM?EEPROM

?PR?_SECTOTWT?ROMTEST                  000AH    0005H      0038H    0008H
  +--> ?PR?_EEPROM_WRITE_N?EEPROM
  +--> ?PR?_DELAY?RUN

?PR?_EEPROM_WRITE_N?EEPROM             000FH    0007H      -----    -----
  +--> ?PR?DISABLEEEPROM?EEPROM

?PR?_SECTOTRT?ROMTEST                  000AH    0008H      0038H    0008H
  +--> ?PR?_EEPROM_READ_N?EEPROM
BL51 BANKED LINKER/LOCATER V6.22                                                      03/15/2019  16:09:22  PAGE 5


  +--> ?PR?_DELAY?RUN

?PR?CLK?CLK                            -----    -----      -----    -----
  +--> ?PR?BUZZ_CLK?BUZZ
  +--> ?PR?DG_CLK?INPUT
  +--> ?PR?FZ_CLK?INPUT
  +--> ?PR?POS_CLK?INPUT
  +--> ?PR?HUP_CLK?INPUT
  +--> ?PR?HDW_CLK?INPUT
  +--> ?PR?VUP_CLK?INPUT
  +--> ?PR?UPCTCLK?RUN
  +--> ?PR?BRAKECLK?OUTPUT
  +--> ?PR?ATRUN_CLK?AUTORUN
  +--> ?PR?ERR_CLK?ERR
  +--> ?PR?DZP_CLK?OUTPUT
  +--> ?PR?TEST_CLK?CLK
  +--> ?PR?MRUNCLK?MOTOR
  +--> ?PR?UPDCCLK?RUN

?PR?INPUTTASK?INPUT                    -----    -----      -----    -----
  +--> ?PR?POSING?INPUT
  +--> ?PR?_ERR_VOLU?ERR
  +--> ?PR?DGSTACLR?INPUT
  +--> ?PR?FZING?INPUT
  +--> ?PR?DGING?INPUT
  +--> ?PR?HANUPEVENT?INPUT
  +--> ?PR?VDOUPEVENT?INPUT
  +--> ?PR?ATUPEVENT?INPUT
  +--> ?PR?DGUPEVENT?INPUT
  +--> ?PR?FZUPEVENT?INPUT
  +--> ?PR?ATDWEVENT?INPUT
  +--> ?PR?HANDWEVENT?INPUT
  +--> ?PR?DGDWEVENT?INPUT
  +--> ?PR?VEREVENR?INPUT
  +--> ?PR?HOREVENT?INPUT
  +--> ?PR?INEROKEVT?INPUT
  +--> ?PR?COEROKEVT?INPUT

?PR?DGING?INPUT                        -----    -----      -----    -----
  +--> ?PR?DGSTACLR?INPUT

?PR?HANUPEVENT?INPUT                   -----    -----      -----    -----
  +--> ?PR?DGSTACLR?INPUT
  +--> ?PR?_EVENT?INPUT

?PR?VDOUPEVENT?INPUT                   -----    -----      -----    -----
  +--> ?PR?DGSTACLR?INPUT
  +--> ?PR?_EVENT?INPUT

?PR?ATUPEVENT?INPUT                    -----    -----      -----    -----
  +--> ?PR?DGSTACLR?INPUT
  +--> ?PR?_EVENT?INPUT

?PR?DGUPEVENT?INPUT                    -----    -----      -----    -----
  +--> ?PR?_EVENT?INPUT

?PR?FZUPEVENT?INPUT                    -----    -----      -----    -----
BL51 BANKED LINKER/LOCATER V6.22                                                      03/15/2019  16:09:22  PAGE 6


  +--> ?PR?_EVENT?INPUT

?PR?ATDWEVENT?INPUT                    -----    -----      -----    -----
  +--> ?PR?_EVENT?INPUT

?PR?HANDWEVENT?INPUT                   -----    -----      -----    -----
  +--> ?PR?_EVENT?INPUT

?PR?DGDWEVENT?INPUT                    -----    -----      -----    -----
  +--> ?PR?_EVENT?INPUT

?PR?VEREVENR?INPUT                     -----    -----      -----    -----
  +--> ?PR?_EVENT?INPUT

?PR?HOREVENT?INPUT                     -----    -----      -----    -----
  +--> ?PR?_EVENT?INPUT

?PR?INEROKEVT?INPUT                    -----    -----      -----    -----
  +--> ?PR?_EVENT?INPUT

?PR?COEROKEVT?INPUT                    -----    -----      -----    -----
  +--> ?PR?_EVENT?INPUT

?PR?ITASKCONTROL?RUN                   -----    -----      -----    -----
  +--> ?PR?VICECTR?RUN
  +--> ?PR?BMRED?INPUT
  +--> ?PR?ITASKCTR?RUN

?PR?VICECTR?RUN                        -----    -----      -----    -----
  +--> ?PR?_EVENT?INPUT
  +--> ?PR?_SPEAK?USART
  +--> ?PR?DGSTACLR?INPUT

?PR?_SPEAK?USART                       0008H    0002H      0030H    0014H
  +--> ?PR?_PRINTSTRING?USART

?PR?_PRINTSTRING?USART                 000AH    0003H      -----    -----
  +--> ?PR?_TX1_WRITEBUFF?USART

?PR?ITASKCTR?RUN                       -----    -----      -----    -----
  +--> ?CO?RUN

?PR?MTASKCONTROL?MOTOR                 -----    -----      -----    -----
  +--> ?PR?INITREPAIRMOTOR?MOTOR
  +--> ?PR?BRAKECLR?OUTPUT
  +--> ?PR?_KNOWMTYP?MOTOR
  +--> ?PR?_SPRINGTEST?MOTOR
  +--> ?PR?_STMCTR?MOTOR
  +--> ?PR?_CALCUSTM?MOTOR
  +--> ?PR?_EVENT?INPUT
  +--> ?PR?_ERR_VOLU?ERR
  +--> ?PR?DGSTACLR?INPUT
  +--> ?PR?_STMINT?MOTOR

?PR?_KNOWMTYP?MOTOR                    0008H    0003H      -----    -----
  +--> ?PR?_SPRINGTEST?MOTOR
  +--> ?PR?_ERR_VOLU?ERR
BL51 BANKED LINKER/LOCATER V6.22                                                      03/15/2019  16:09:22  PAGE 7


  +--> ?PR?_STMINT?MOTOR
  +--> ?PR?_DWSLOINT?MOTOR

?PR?_CALCUSTM?MOTOR                    -----    -----      -----    -----
  +--> ?PR?_STMINT?MOTOR

?PR?ERR_TASK?ERR                       -----    -----      -----    -----
  +--> ?PR?_BUZZ_TASK?BUZZ

?PR?ATRUN?AUTORUN                      -----    -----      -----    -----
  +--> ?PR?_EVENT?INPUT

*** NEW ROOT ***************************************************

?PR?T0_INTERRUPT?RUN                   -----    -----      -----    -----
  +--> ?PR?T1MS_CLK?CLK
  +--> ?PR?MCTRCLK?MOTOR
  +--> ?PR?COMCLK?RUN

*** NEW ROOT ***************************************************

?PR?TIMER2_ISR?RUN                     -----    -----      -----    -----
  +--> ?PR?MOTORTIMER2?RUN

?PR?MOTORTIMER2?RUN                    -----    -----      -----    -----
  +--> ?PR?_EVENT?INPUT
  +--> ?PR?_ERR_VOLU?ERR
  +--> ?PR?_UART_PRINT?USART

?PR?_UART_PRINT?USART                  0019H    0003H      0044H    0014H
  +--> ?PR?_TX1_WRITEBUFF?USART



SYMBOL TABLE OF MODULE:  ..\HEX\LJDZ (?C_STARTUP)

  VALUE           TYPE          NAME
  ----------------------------------

  -------         MODULE        ?C_STARTUP
  C:1459H         SEGMENT       ?C_C51STARTUP
  I:0059H         SEGMENT       ?STACK
  C:0000H         PUBLIC        ?C_STARTUP
  D:00E0H         SYMBOL        ACC
  D:00F0H         SYMBOL        B
  D:0083H         SYMBOL        DPH
  D:0082H         SYMBOL        DPL
  N:0000H         SYMBOL        IBPSTACK
  N:0100H         SYMBOL        IBPSTACKTOP
  N:0080H         SYMBOL        IDATALEN
  C:145CH         SYMBOL        IDATALOOP
  N:0000H         SYMBOL        PBPSTACK
  N:0100H         SYMBOL        PBPSTACKTOP
  N:0000H         SYMBOL        PDATALEN
  N:0000H         SYMBOL        PDATASTART
  N:0000H         SYMBOL        PPAGE
  N:0000H         SYMBOL        PPAGEENABLE
BL51 BANKED LINKER/LOCATER V6.22                                                      03/15/2019  16:09:22  PAGE 8


  D:00A0H         SYMBOL        PPAGE_SFR
  D:0081H         SYMBOL        SP
  C:1459H         SYMBOL        STARTUP1
  N:0000H         SYMBOL        XBPSTACK
  N:0000H         SYMBOL        XBPSTACKTOP
  N:0000H         SYMBOL        XDATALEN
  N:0000H         SYMBOL        XDATASTART
  C:0000H         LINE#         126
  C:1459H         LINE#         133
  C:145BH         LINE#         134
  C:145CH         LINE#         135
  C:145DH         LINE#         136
  C:145FH         LINE#         185
  C:1462H         LINE#         196
  -------         ENDMOD        ?C_STARTUP

  -------         MODULE        AUTORUN
  C:0000H         SYMBOL        _ICE_DUMMY_
  D:0080H         PUBLIC        P0
  X:008EH         PUBLIC        Atctr
  D:0090H         PUBLIC        P1
  D:00A0H         PUBLIC        P2
  D:00B0H         PUBLIC        P3
  C:1F92H         PUBLIC        AtRun_clk
  D:00A8H         PUBLIC        IE
  D:00B8H         PUBLIC        IP
  D:0098H         PUBLIC        SCON
  D:0088H         PUBLIC        TCON
  C:1ED9H         PUBLIC        intAtRun
  X:008FH         PUBLIC        hafTest
  D:001FH         PUBLIC        AtNum
  D:00C8H         PUBLIC        T2CON
  X:0090H         PUBLIC        aLine
  C:0D51H         PUBLIC        AtRun
  D:00D0H         PUBLIC        PSW
  -------         PROC          INTATRUN
  C:1ED9H         LINE#         16
  -------         ENDPROC       INTATRUN
  -------         PROC          ATRUN_CLK
  C:1F92H         LINE#         17
  -------         ENDPROC       ATRUN_CLK
  -------         PROC          ATRUN
  C:0D51H         LINE#         19
  C:0D51H         LINE#         20
  C:0D51H         LINE#         22
  C:0D6EH         LINE#         23
  C:0D6EH         LINE#         24
  C:0D6EH         LINE#         25
  C:0D6EH         LINE#         26
  C:0D77H         LINE#         28
  C:0D7AH         LINE#         30
  C:0D7AH         LINE#         31
  C:0D81H         LINE#         32
  C:0D81H         LINE#         33
  C:0D81H         LINE#         34
  C:0D84H         LINE#         36
  C:0D84H         LINE#         37
BL51 BANKED LINKER/LOCATER V6.22                                                      03/15/2019  16:09:22  PAGE 9


  C:0D96H         LINE#         38
  C:0D97H         LINE#         40
  C:0D97H         LINE#         41
  C:0D9EH         LINE#         42
  C:0DA3H         LINE#         43
  C:0DA9H         LINE#         44
  C:0DADH         LINE#         45
  C:0DAEH         LINE#         47
  C:0DAEH         LINE#         48
  C:0DC8H         LINE#         49
  C:0DC8H         LINE#         50
  C:0DDCH         LINE#         51
  C:0DFAH         LINE#         52
  C:0E22H         LINE#         54
  C:0E22H         LINE#         55
  C:0E22H         LINE#         56
  C:0E32H         LINE#         58
  C:0E47H         LINE#         60
  C:0E47H         LINE#         61
  C:0E4EH         LINE#         62
  C:0E50H         LINE#         63
  C:0E50H         LINE#         64
  C:0E50H         LINE#         66
  C:0E50H         LINE#         67
  C:0E5BH         LINE#         68
  C:0E5BH         LINE#         69
  C:0E5BH         LINE#         71
  -------         ENDPROC       ATRUN
  -------         ENDMOD        AUTORUN

  -------         MODULE        MAIN
  C:0000H         SYMBOL        _ICE_DUMMY_
  D:0080H         PUBLIC        P0
  D:0090H         PUBLIC        P1
  D:00A0H         PUBLIC        P2
  D:00B0H         PUBLIC        P3
  D:00A8H         PUBLIC        IE
  C:1FD8H         PUBLIC        eight
  D:00B8H         PUBLIC        IP
  C:1C3AH         PUBLIC        main
  D:0098H         PUBLIC        SCON
  D:0088H         PUBLIC        TCON
  D:00E1H         PUBLIC        WDT_CONTR
  D:00C8H         PUBLIC        T2CON
  D:00D0H         PUBLIC        PSW
  -------         PROC          MAIN
  C:1C3AH         LINE#         20
  C:1C3AH         LINE#         21
  C:1C3AH         LINE#         22
  C:1C3DH         LINE#         23
  C:1C3DH         LINE#         24
  C:1C3DH         LINE#         25
  C:1C40H         LINE#         26
  C:1C43H         LINE#         27
  C:1C46H         LINE#         28
  C:1C49H         LINE#         29
  C:1C4CH         LINE#         30
BL51 BANKED LINKER/LOCATER V6.22                                                      03/15/2019  16:09:22  PAGE 10


  C:1C54H         LINE#         31
  C:1C57H         LINE#         32
  C:1C5AH         LINE#         33
  C:1C5DH         LINE#         34
  C:1C60H         LINE#         35
  -------         ENDPROC       MAIN
  -------         ENDMOD        MAIN

  -------         MODULE        BUZZ
  C:0000H         SYMBOL        _ICE_DUMMY_
  D:0090H         PUBLIC        P1
  D:00B0H         PUBLIC        P3
  D:00A8H         PUBLIC        IE
  D:00B8H         PUBLIC        IP
  D:0098H         PUBLIC        SCON
  X:0094H         PUBLIC        BuzzMode
  D:0088H         PUBLIC        TCON
  C:044AH         PUBLIC        _Buzz_task
  C:1F74H         PUBLIC        Buzz_clk
  B:0090H.1       PUBLIC        BUZZ
  D:0058H         PUBLIC        BuzzNum
  D:00C8H         PUBLIC        T2CON
  C:1F50H         PUBLIC        intBuzz
  D:00D0H         PUBLIC        PSW
  -------         PROC          BUZZ_CLK
  C:1F74H         LINE#         15
  C:1F74H         LINE#         16
  C:1F74H         LINE#         17
  C:1F7DH         LINE#         18
  -------         ENDPROC       BUZZ_CLK
  -------         PROC          INTBUZZ
  C:1F50H         LINE#         21
  -------         ENDPROC       INTBUZZ
  -------         PROC          _BUZZ_TASK
  D:0007H         SYMBOL        mode
  C:044AH         LINE#         26
  C:044AH         LINE#         27
  C:044AH         LINE#         28
  C:0456H         LINE#         29
  C:049EH         LINE#         30
  C:049EH         LINE#         31
  C:04A4H         LINE#         33
  C:04A4H         LINE#         34
  C:04AFH         LINE#         35
  C:04AFH         LINE#         36
  C:04B2H         LINE#         37
  C:04B8H         LINE#         38
  C:04B8H         LINE#         39
  C:04B8H         LINE#         40
  C:04B8H         LINE#         42
  C:04B8H         LINE#         43
  C:04CBH         LINE#         44
  C:04CBH         LINE#         45
  C:04CEH         LINE#         46
  C:04D1H         LINE#         47
  C:04D4H         LINE#         48
  C:04DAH         LINE#         49
BL51 BANKED LINKER/LOCATER V6.22                                                      03/15/2019  16:09:22  PAGE 11


  C:04DAH         LINE#         50
  C:04DAH         LINE#         51
  C:04DAH         LINE#         53
  C:04DAH         LINE#         54
  C:04EDH         LINE#         55
  C:04EDH         LINE#         56
  C:04F0H         LINE#         57
  C:04F3H         LINE#         58
  C:04F6H         LINE#         59
  C:04FCH         LINE#         60
  C:04FCH         LINE#         61
  C:04FCH         LINE#         62
  C:04FCH         LINE#         64
  C:04FCH         LINE#         65
  C:0517H         LINE#         66
  C:0517H         LINE#         67
  C:051AH         LINE#         68
  C:051DH         LINE#         69
  C:0520H         LINE#         70
  C:0523H         LINE#         71
  C:0526H         LINE#         72
  C:052CH         LINE#         73
  C:052CH         LINE#         74
  C:052CH         LINE#         75
  C:052CH         LINE#         77
  C:052CH         LINE#         78
  C:054FH         LINE#         79
  C:054FH         LINE#         80
  C:0552H         LINE#         81
  C:0555H         LINE#         82
  C:0558H         LINE#         83
  C:055BH         LINE#         84
  C:055EH         LINE#         85
  C:0561H         LINE#         86
  C:0563H         LINE#         87
  C:0569H         LINE#         88
  C:0569H         LINE#         89
  C:0569H         LINE#         90
  C:0569H         LINE#         92
  C:0569H         LINE#         93
  C:057CH         LINE#         94
  C:057CH         LINE#         95
  C:057FH         LINE#         96
  C:0582H         LINE#         97
  C:0584H         LINE#         98
  C:058AH         LINE#         99
  C:058AH         LINE#         100
  C:058AH         LINE#         101
  C:058AH         LINE#         103
  C:058AH         LINE#         104
  C:05A5H         LINE#         105
  C:05A5H         LINE#         106
  C:05A8H         LINE#         107
  C:05ABH         LINE#         108
  C:05AEH         LINE#         109
  C:05B1H         LINE#         110
  C:05BCH         LINE#         111
BL51 BANKED LINKER/LOCATER V6.22                                                      03/15/2019  16:09:22  PAGE 12


  C:05C2H         LINE#         112
  C:05C2H         LINE#         113
  C:05C2H         LINE#         114
  C:05C2H         LINE#         116
  C:05C2H         LINE#         117
  C:05D4H         LINE#         118
  C:05D4H         LINE#         119
  C:05D7H         LINE#         120
  C:05D7H         LINE#         121
  C:05D7H         LINE#         122
  C:05DDH         LINE#         123
  C:05DDH         LINE#         124
  C:05DDH         LINE#         125
  C:05DDH         LINE#         127
  C:05DDH         LINE#         128
  C:05EFH         LINE#         129
  C:05EFH         LINE#         130
  C:05F2H         LINE#         131
  C:05F2H         LINE#         132
  C:05F2H         LINE#         133
  C:05F4H         LINE#         134
  C:05F4H         LINE#         135
  C:05F4H         LINE#         136
  C:05F4H         LINE#         138
  C:05F4H         LINE#         139
  C:060EH         LINE#         140
  C:060EH         LINE#         141
  C:0611H         LINE#         142
  C:0614H         LINE#         143
  C:0617H         LINE#         144
  C:0617H         LINE#         145
  C:0617H         LINE#         146
  C:0619H         LINE#         147
  C:0619H         LINE#         148
  C:0619H         LINE#         149
  C:0619H         LINE#         151
  C:0619H         LINE#         152
  C:063BH         LINE#         153
  C:063BH         LINE#         154
  C:063EH         LINE#         155
  C:0641H         LINE#         156
  C:0644H         LINE#         157
  C:0647H         LINE#         158
  C:064AH         LINE#         159
  C:064AH         LINE#         160
  C:064AH         LINE#         161
  C:0650H         LINE#         162
  C:0650H         LINE#         163
  C:0650H         LINE#         164
  C:0650H         LINE#         166
  C:0650H         LINE#         167
  C:066AH         LINE#         168
  C:066AH         LINE#         169
  C:066DH         LINE#         170
  C:0670H         LINE#         171
  C:0673H         LINE#         172
  C:0673H         LINE#         173
BL51 BANKED LINKER/LOCATER V6.22                                                      03/15/2019  16:09:22  PAGE 13


  C:0673H         LINE#         174
  C:0675H         LINE#         175
  C:0675H         LINE#         176
  C:0675H         LINE#         177
  C:0675H         LINE#         179
  C:0675H         LINE#         180
  C:0694H         LINE#         181
  C:0694H         LINE#         182
  C:0697H         LINE#         183
  C:069AH         LINE#         184
  C:069DH         LINE#         185
  C:06A0H         LINE#         186
  C:06A3H         LINE#         187
  C:06A3H         LINE#         188
  C:06A3H         LINE#         189
  C:06A5H         LINE#         190
  C:06A5H         LINE#         191
  C:06A5H         LINE#         192
  C:06A5H         LINE#         194
  C:06A5H         LINE#         195
  C:06CCH         LINE#         196
  C:06CCH         LINE#         197
  C:06CFH         LINE#         198
  C:06D2H         LINE#         199
  C:06D5H         LINE#         200
  C:06D8H         LINE#         201
  C:06DBH         LINE#         202
  C:06DEH         LINE#         203
  C:06E1H         LINE#         204
  C:06E1H         LINE#         205
  C:06E1H         LINE#         206
  C:06E7H         LINE#         207
  C:06E7H         LINE#         208
  C:06E7H         LINE#         209
  C:06E7H         LINE#         211
  C:06F0H         LINE#         213
  C:06F0H         LINE#         214
  -------         ENDPROC       _BUZZ_TASK
  -------         ENDMOD        BUZZ

  -------         MODULE        ERR
  C:0000H         SYMBOL        _ICE_DUMMY_
  D:0090H         PUBLIC        P1
  D:00B0H         PUBLIC        P3
  D:00A8H         PUBLIC        IE
  X:0091H         PUBLIC        errctr
  D:00B8H         PUBLIC        IP
  X:0092H         PUBLIC        errnum
  D:0098H         PUBLIC        SCON
  D:0088H         PUBLIC        TCON
  X:0093H         PUBLIC        err
  C:10FFH         PUBLIC        err_task
  C:1F7EH         PUBLIC        err_clk
  D:00C8H         PUBLIC        T2CON
  C:1E39H         PUBLIC        _err_volu
  C:1EE9H         PUBLIC        intErr
  D:00D0H         PUBLIC        PSW
BL51 BANKED LINKER/LOCATER V6.22                                                      03/15/2019  16:09:22  PAGE 14


  -------         PROC          INTERR
  C:1EE9H         LINE#         15
  -------         ENDPROC       INTERR
  -------         PROC          ERR_CLK
  C:1F7EH         LINE#         16
  -------         ENDPROC       ERR_CLK
  -------         PROC          _ERR_VOLU
  D:0007H         SYMBOL        dat
  C:1E39H         LINE#         18
  C:1E39H         LINE#         19
  C:1E39H         LINE#         20
  C:1E4FH         LINE#         21
  -------         ENDPROC       _ERR_VOLU
  -------         PROC          ERR_TASK
  C:10FFH         LINE#         26
  C:10FFH         LINE#         27
  C:10FFH         LINE#         28
  C:1146H         LINE#         29
  C:1146H         LINE#         30
  C:1146H         LINE#         31
  C:1146H         LINE#         32
  C:1146H         LINE#         33
  C:1148H         LINE#         34
  C:1148H         LINE#         35
  C:114AH         LINE#         39
  C:114AH         LINE#         40
  C:114CH         LINE#         41
  C:114CH         LINE#         42
  C:114EH         LINE#         43
  C:114EH         LINE#         47
  C:114EH         LINE#         48
  C:114EH         LINE#         49
  C:1150H         LINE#         50
  C:1150H         LINE#         51
  C:1152H         LINE#         52
  C:1152H         LINE#         53
  C:1152H         LINE#         54
  C:1154H         LINE#         55
  C:1154H         LINE#         56
  C:1156H         LINE#         57
  C:1156H         LINE#         58
  C:1158H         LINE#         59
  C:1158H         LINE#         60
  C:115AH         LINE#         61
  C:115AH         LINE#         62
  C:115CH         LINE#         63
  C:115CH         LINE#         64
  C:115EH         LINE#         65
  C:115EH         LINE#         66
  C:1160H         LINE#         67
  C:1160H         LINE#         68
  C:1162H         LINE#         69
  C:1162H         LINE#         70
  C:1167H         LINE#         71
  C:116CH         LINE#         72
  C:116EH         LINE#         76
  C:116EH         LINE#         77
BL51 BANKED LINKER/LOCATER V6.22                                                      03/15/2019  16:09:22  PAGE 15


  C:1173H         LINE#         78
  C:1179H         LINE#         79
  C:117BH         LINE#         80
  C:117BH         LINE#         81
  C:1180H         LINE#         82
  C:1187H         LINE#         83
  C:1189H         LINE#         87
  C:1189H         LINE#         88
  C:118BH         LINE#         89
  C:118DH         LINE#         90
  C:118DH         LINE#         91
  C:118FH         LINE#         92
  C:1191H         LINE#         93
  C:1191H         LINE#         94
  C:1193H         LINE#         95
  C:1195H         LINE#         96
  C:1195H         LINE#         97
  C:1197H         LINE#         98
  C:1199H         LINE#         99
  C:1199H         LINE#         100
  C:119BH         LINE#         101
  C:119DH         LINE#         102
  C:119DH         LINE#         103
  C:11A2H         LINE#         104
  C:11A4H         LINE#         105
  C:11A4H         LINE#         106
  C:11AAH         LINE#         107
  C:11AAH         LINE#         108
  C:11AAH         LINE#         109
  C:11B3H         LINE#         110
  C:11B3H         LINE#         111
  C:11C0H         LINE#         112
  C:11C5H         LINE#         113
  C:11C5H         LINE#         115
  -------         ENDPROC       ERR_TASK
  -------         ENDMOD        ERR

  -------         MODULE        OUTPUT
  C:0000H         SYMBOL        _ICE_DUMMY_
  D:0080H         PUBLIC        P0
  D:0090H         PUBLIC        P1
  D:00A0H         PUBLIC        P2
  D:00B0H         PUBLIC        P3
  C:000EH         PUBLIC        BrakeClk
  C:1F5CH         PUBLIC        intOut
  C:1F68H         PUBLIC        BrakeClr
  C:1F99H         PUBLIC        DZP_clk
  D:00A8H         PUBLIC        IE
  D:0050H         PUBLIC        BrakeSta
  B:0090H.5       PUBLIC        KK
  B:0090H.0       PUBLIC        RG
  D:00B8H         PUBLIC        IP
  D:0051H         PUBLIC        BrakeNum
  B:00B0H.6       PUBLIC        DZP0
  C:14E5H         PUBLIC        OPutTask
  B:00B0H.7       PUBLIC        DZP1
  D:0098H         PUBLIC        SCON
BL51 BANKED LINKER/LOCATER V6.22                                                      03/15/2019  16:09:22  PAGE 16


  D:0088H         PUBLIC        TCON
  D:0053H         PUBLIC        DZPnum
  B:0080H.5       PUBLIC        BM3
  D:0054H         PUBLIC        DlyBrakeNum
  D:00C8H         PUBLIC        T2CON
  D:00D0H         PUBLIC        PSW
  -------         PROC          INTOUT
  C:1F5CH         LINE#         21
  -------         ENDPROC       INTOUT
  -------         PROC          DZP_CLK
  C:1F99H         LINE#         22
  -------         ENDPROC       DZP_CLK
  -------         PROC          BRAKECLK
  C:000EH         LINE#         23
  -------         ENDPROC       BRAKECLK
  -------         PROC          BRAKECLR
  C:1F68H         LINE#         26
  -------         ENDPROC       BRAKECLR
  -------         PROC          OPUTTASK
  C:14E5H         LINE#         28
  C:14E5H         LINE#         29
  C:14E5H         LINE#         30
  C:14EDH         LINE#         31
  C:14EDH         LINE#         32
  C:14EFH         LINE#         33
  C:150EH         LINE#         34
  C:1512H         LINE#         35
  C:1512H         LINE#         36
  C:1514H         LINE#         37
  C:151BH         LINE#         38
  C:151BH         LINE#         39
  C:151DH         LINE#         40
  C:1521H         LINE#         41
  C:1524H         LINE#         42
  C:1526H         LINE#         43
  C:152EH         LINE#         45
  C:153AH         LINE#         46
  C:153AH         LINE#         47
  C:153AH         LINE#         48
  C:1554H         LINE#         49
  C:1555H         LINE#         51
  C:1555H         LINE#         52
  C:1563H         LINE#         53
  C:1564H         LINE#         55
  C:1564H         LINE#         56
  C:156EH         LINE#         57
  C:156EH         LINE#         59
  C:156EH         LINE#         61
  C:156EH         LINE#         62
  C:156EH         LINE#         63
  -------         ENDPROC       OPUTTASK
  -------         ENDMOD        OUTPUT

  -------         MODULE        CLK
  C:0000H         SYMBOL        _ICE_DUMMY_
  D:0080H         PUBLIC        P0
  D:0090H         PUBLIC        P1
BL51 BANKED LINKER/LOCATER V6.22                                                      03/15/2019  16:09:22  PAGE 17


  D:00A0H         PUBLIC        P2
  D:00B0H         PUBLIC        P3
  D:001CH         PUBLIC        T100MS
  C:0003H         PUBLIC        intclk
  D:00A8H         PUBLIC        IE
  D:00B8H         PUBLIC        IP
  D:0098H         PUBLIC        SCON
  D:0088H         PUBLIC        TCON
  D:001DH         PUBLIC        T1000MS
  C:17D7H         PUBLIC        clk
  X:008AH         PUBLIC        test
  D:001EH         PUBLIC        T10MS
  C:1E50H         PUBLIC        test_clk
  C:1FA0H         PUBLIC        T1Ms_clk
  D:00C8H         PUBLIC        T2CON
  X:008CH         PUBLIC        test_dly
  D:00D0H         PUBLIC        PSW
  -------         PROC          INTCLK
  C:0003H         LINE#         19
  -------         ENDPROC       INTCLK
  -------         PROC          T1MS_CLK
  C:1FA0H         LINE#         22
  -------         ENDPROC       T1MS_CLK
  -------         PROC          TEST_CLK
  C:1E50H         LINE#         23
  -------         ENDPROC       TEST_CLK
  -------         PROC          CLK
  C:17D7H         LINE#         25
  C:17D7H         LINE#         26
  C:17D7H         LINE#         27
  C:17DBH         LINE#         28
  C:17DBH         LINE#         29
  C:17DEH         LINE#         30
  C:17E4H         LINE#         32
  C:17E7H         LINE#         33
  C:17EAH         LINE#         34
  C:17EDH         LINE#         35
  C:17F0H         LINE#         36
  C:17F3H         LINE#         37
  C:17F6H         LINE#         38
  C:17F9H         LINE#         39
  C:17FCH         LINE#         40
  C:17FFH         LINE#         41
  C:17FFH         LINE#         43
  C:1803H         LINE#         44
  C:1803H         LINE#         45
  C:1806H         LINE#         46
  C:180CH         LINE#         48
  C:180FH         LINE#         49
  C:1812H         LINE#         50
  C:1815H         LINE#         51
  C:1818H         LINE#         52
  C:181BH         LINE#         53
  C:181EH         LINE#         54
  C:1821H         LINE#         57
  C:1821H         LINE#         59
  C:1825H         LINE#         60
BL51 BANKED LINKER/LOCATER V6.22                                                      03/15/2019  16:09:22  PAGE 18


  C:1825H         LINE#         61
  C:1828H         LINE#         64
  C:1828H         LINE#         65
  C:1836H         LINE#         66
  -------         ENDPROC       CLK
  -------         ENDMOD        CLK

  -------         MODULE        USART
  C:0000H         SYMBOL        _ICE_DUMMY_
  D:0080H         PUBLIC        P0
  D:0090H         PUBLIC        P1
  D:00A0H         PUBLIC        P2
  D:00B0H         PUBLIC        P3
  B:0090H.6       PUBLIC        DE
  C:1CD5H         PUBLIC        _PrintString
  D:00A8H         PUBLIC        IE
  C:09F4H         PUBLIC        _Uart_Print
  X:0000H         PUBLIC        COM1
  C:1C62H         PUBLIC        _TX1_writebuff
  C:1BE2H         PUBLIC        _speak
  D:00B8H         PUBLIC        IP
  X:0008H         PUBLIC        RX1_Buffer
  B:0098H.0       PUBLIC        RI
  C:11C6H         PUBLIC        UART1_int
  X:001CH         PUBLIC        TX1_Buffer
  B:0098H.1       PUBLIC        TI
  D:0099H         PUBLIC        SBUF
  D:0098H         PUBLIC        SCON
  D:0088H         PUBLIC        TCON
  C:1BB2H         PUBLIC        intUsart
  C:1897H         PUBLIC        uart_aly
  D:00C8H         PUBLIC        T2CON
  D:00D0H         PUBLIC        PSW
  -------         PROC          UART1_INT
  C:11C6H         LINE#         14
  C:11E3H         LINE#         16
  C:11E6H         LINE#         17
  C:11E6H         LINE#         18
  C:11E8H         LINE#         19
  C:11EEH         LINE#         20
  C:11EEH         LINE#         21
  C:11F7H         LINE#         22
  C:11F7H         LINE#         23
  C:11F9H         LINE#         24
  C:1205H         LINE#         26
  C:1205H         LINE#         27
  C:1215H         LINE#         28
  C:121BH         LINE#         29
  C:121FH         LINE#         30
  C:121FH         LINE#         31
  C:121FH         LINE#         33
  C:1222H         LINE#         34
  C:1222H         LINE#         35
  C:1224H         LINE#         36
  C:1226H         LINE#         37
  C:1233H         LINE#         38
  C:1233H         LINE#         39
BL51 BANKED LINKER/LOCATER V6.22                                                      03/15/2019  16:09:22  PAGE 19


  C:1240H         LINE#         40
  C:124DH         LINE#         41
  C:124FH         LINE#         43
  C:1269H         LINE#         44
  C:1269H         LINE#         45
  -------         ENDPROC       UART1_INT
  -------         PROC          _TX1_WRITEBUFF
  D:0007H         SYMBOL        dat
  C:1C62H         LINE#         50
  C:1C62H         LINE#         51
  C:1C62H         LINE#         52
  C:1C71H         LINE#         53
  C:1C7EH         LINE#         54
  C:1C84H         LINE#         55
  C:1C84H         LINE#         56
  C:1C86H         LINE#         57
  C:1C88H         LINE#         58
  C:1C88H         LINE#         59
  -------         ENDPROC       _TX1_WRITEBUFF
  -------         PROC          _PRINTSTRING
  D:000AH         SYMBOL        puts
  C:1CD5H         LINE#         62
  C:1CDBH         LINE#         63
  C:1CDBH         LINE#         66
  C:1CE6H         LINE#         67
  C:1CE6H         LINE#         68
  C:1CF7H         LINE#         69
  C:1CF9H         LINE#         74
  -------         ENDPROC       _PRINTSTRING
  -------         PROC          INTUSART
  C:1BB2H         LINE#         77
  C:1BB2H         LINE#         78
  C:1BB2H         LINE#         79
  C:1BC1H         LINE#         80
  C:1BD0H         LINE#         81
  C:1BDFH         LINE#         82
  C:1BE1H         LINE#         83
  -------         ENDPROC       INTUSART
  -------         PROC          _UART_PRINT
  D:0019H         SYMBOL        speakTask
  D:001AH         SYMBOL        num
  -------         DO            
  X:0044H         SYMBOL        sen_buff
  D:001BH         SYMBOL        i
  -------         ENDDO         
  C:09F4H         LINE#         86
  C:09F8H         LINE#         87
  C:09F8H         LINE#         90
  C:09FBH         LINE#         91
  C:0A08H         LINE#         93
  C:0A11H         LINE#         94
  C:0A11H         LINE#         95
  C:0A11H         LINE#         96
  C:0A19H         LINE#         97
  C:0A29H         LINE#         98
  C:0A39H         LINE#         99
  C:0A45H         LINE#         100
BL51 BANKED LINKER/LOCATER V6.22                                                      03/15/2019  16:09:22  PAGE 20


  C:0A49H         LINE#         102
  C:0A62H         LINE#         103
  C:0A7BH         LINE#         104
  C:0A94H         LINE#         105
  C:0AADH         LINE#         106
  C:0ABFH         LINE#         107
  C:0AC3H         LINE#         108
  C:0ACFH         LINE#         109
  C:0AD3H         LINE#         110
  C:0ADFH         LINE#         111
  C:0AE3H         LINE#         112
  C:0AF3H         LINE#         113
  C:0AFFH         LINE#         114
  C:0B03H         LINE#         115
  C:0B03H         LINE#         132
  C:0B03H         LINE#         133
  C:0B03H         LINE#         134
  C:0B03H         LINE#         137
  C:0B06H         LINE#         138
  C:0B06H         LINE#         139
  C:0B16H         LINE#         140
  C:0B1FH         LINE#         144
  -------         ENDPROC       _UART_PRINT
  -------         PROC          _SPEAK
  D:0008H         SYMBOL        speakTask
  D:0009H         SYMBOL        num
  -------         DO            
  X:0030H         SYMBOL        sen_buff
  -------         ENDDO         
  C:1BE2H         LINE#         148
  C:1BE6H         LINE#         149
  C:1BE6H         LINE#         151
  C:1BF5H         LINE#         152
  C:1BFBH         LINE#         153
  C:1BFBH         LINE#         154
  C:1BFBH         LINE#         155
  C:1BFBH         LINE#         158
  C:1BFBH         LINE#         159
  C:1C01H         LINE#         160
  C:1C03H         LINE#         161
  C:1C05H         LINE#         162
  C:1C05H         LINE#         446
  C:1C05H         LINE#         448
  C:1C05H         LINE#         450
  -------         ENDPROC       _SPEAK
  -------         PROC          UART_ALY
  C:1897H         LINE#         457
  C:1897H         LINE#         458
  C:1897H         LINE#         461
  C:189DH         LINE#         462
  C:189DH         LINE#         463
  C:18A6H         LINE#         464
  C:18A6H         LINE#         465
  C:18ACH         LINE#         467
  C:18C9H         LINE#         468
  C:18D8H         LINE#         469
  C:18DDH         LINE#         470
BL51 BANKED LINKER/LOCATER V6.22                                                      03/15/2019  16:09:22  PAGE 21


  C:18E1H         LINE#         471
  C:18E4H         LINE#         472
  C:18E4H         LINE#         473
  C:18E4H         LINE#         474
  C:18EAH         LINE#         475
  C:18EAH         LINE#         477
  C:18ECH         LINE#         478
  C:18ECH         LINE#         479
  -------         ENDPROC       UART_ALY
  -------         ENDMOD        USART

  -------         MODULE        INPUT
  C:0000H         SYMBOL        _ICE_DUMMY_
  D:0080H         PUBLIC        P0
  D:0090H         PUBLIC        P1
  C:1EF9H         PUBLIC        AtUpEvent
  D:00A0H         PUBLIC        P2
  D:00B0H         PUBLIC        P3
  C:1EC8H         PUBLIC        _Event
  B:0090H.7       PUBLIC        DG
  C:1DCAH         PUBLIC        FzUpEvent
  D:00A8H         PUBLIC        IE
  D:0049H         PUBLIC        DgNum1
  X:007AH         PUBLIC        Even
  C:1284H         PUBLIC        posing
  D:00B8H         PUBLIC        IP
  B:0090H.3       PUBLIC        FZ
  B:00A0H.1       PUBLIC        JY
  C:1837H         PUBLIC        InputTask
  X:007BH         PUBLIC        HDwSta
  C:1CFAH         PUBLIC        HorEvent
  C:1DEBH         PUBLIC        VerEvenr
  D:0098H         PUBLIC        SCON
  D:0088H         PUBLIC        TCON
  D:004AH         PUBLIC        HDwNum
  C:1FBCH         PUBLIC        Hdw_clk
  B:0080H.3       PUBLIC        BM1
  B:0080H.4       PUBLIC        BM2
  B:0080H.6       PUBLIC        BM4
  C:1F36H         PUBLIC        Dg_clk
  C:1FB5H         PUBLIC        Hup_clk
  C:13CAH         PUBLIC        DGing
  C:1D42H         PUBLIC        BmRed
  C:1FAEH         PUBLIC        Pos_clk
  X:007CH         PUBLIC        McuId
  X:007DH         PUBLIC        DgSta
  C:1FC3H         PUBLIC        Vup_clk
  X:007EH         PUBLIC        PosLin
  X:007FH         PUBLIC        HupSta
  C:16FAH         PUBLIC        HanDwEvent
  C:1FA7H         PUBLIC        Fz_clk
  D:004BH         PUBLIC        DgNum
  C:1AE5H         PUBLIC        FZing
  C:1AADH         PUBLIC        intInput
  D:004CH         PUBLIC        HupNum
  B:00A0H.0       PUBLIC        HDW
  C:1943H         PUBLIC        HanUpEvent
BL51 BANKED LINKER/LOCATER V6.22                                                      03/15/2019  16:09:22  PAGE 22


  X:0080H         PUBLIC        EveNu
  D:004DH         PUBLIC        PosNum
  X:0081H         PUBLIC        VupSta
  D:00C8H         PUBLIC        T2CON
  B:00A0H.2       PUBLIC        HOR
  X:0082H         PUBLIC        FzSta
  C:1C0EH         PUBLIC        DgDwEvent
  B:00B0H.4       PUBLIC        VER
  B:00B0H.3       PUBLIC        HUP
  D:004EH         PUBLIC        VupNum
  D:004FH         PUBLIC        FzNum
  C:1995H         PUBLIC        VdoUpEvent
  C:1E7BH         PUBLIC        CoerOkEvt
  C:1DA9H         PUBLIC        DgUpEvent
  C:1F43H         PUBLIC        AtDwEvent
  C:1F88H         PUBLIC        DgStaClr
  D:00D0H         PUBLIC        PSW
  B:0090H.4       PUBLIC        VUP
  C:1E67H         PUBLIC        InerOkEvt
  -------         PROC          INTINPUT
  C:1AADH         LINE#         46
  C:1AADH         LINE#         47
  C:1AADH         LINE#         48
  C:1ABCH         LINE#         49
  C:1AD0H         LINE#         50
  C:1AE4H         LINE#         51
  -------         ENDPROC       INTINPUT
  -------         PROC          DG_CLK
  C:1F36H         LINE#         57
  -------         ENDPROC       DG_CLK
  -------         PROC          FZ_CLK
  C:1FA7H         LINE#         58
  -------         ENDPROC       FZ_CLK
  -------         PROC          POS_CLK
  C:1FAEH         LINE#         59
  -------         ENDPROC       POS_CLK
  -------         PROC          HUP_CLK
  C:1FB5H         LINE#         60
  -------         ENDPROC       HUP_CLK
  -------         PROC          HDW_CLK
  C:1FBCH         LINE#         61
  -------         ENDPROC       HDW_CLK
  -------         PROC          VUP_CLK
  C:1FC3H         LINE#         62
  -------         ENDPROC       VUP_CLK
  -------         PROC          BMRED
  C:1D42H         LINE#         65
  C:1D42H         LINE#         66
  C:1D42H         LINE#         67
  C:1D50H         LINE#         69
  C:1D5AH         LINE#         70
  C:1D64H         LINE#         72
  -------         ENDPROC       BMRED
  -------         PROC          _EVENT
  D:0007H         SYMBOL        evn
  C:1EC8H         LINE#         75
  C:1EC8H         LINE#         76
BL51 BANKED LINKER/LOCATER V6.22                                                      03/15/2019  16:09:22  PAGE 23


  C:1EC8H         LINE#         77
  C:1ED8H         LINE#         78
  -------         ENDPROC       _EVENT
  -------         PROC          POSING
  C:1284H         LINE#         81
  C:1284H         LINE#         82
  C:1284H         LINE#         83
  C:129BH         LINE#         84
  C:129BH         LINE#         85
  C:129BH         LINE#         86
  C:12A3H         LINE#         87
  C:12B4H         LINE#         88
  C:12BAH         LINE#         89
  C:12BCH         LINE#         91
  C:12CDH         LINE#         93
  C:12CDH         LINE#         94
  C:12DBH         LINE#         95
  C:12E3H         LINE#         96
  C:12EEH         LINE#         97
  C:12F7H         LINE#         98
  C:12F9H         LINE#         100
  C:12F9H         LINE#         101
  C:130BH         LINE#         102
  C:130DH         LINE#         104
  C:130DH         LINE#         105
  C:131AH         LINE#         106
  C:1320H         LINE#         107
  C:1322H         LINE#         109
  C:132BH         LINE#         110
  C:132BH         LINE#         111
  C:1335H         LINE#         112
  C:1337H         LINE#         113
  -------         ENDPROC       POSING
  -------         PROC          FZING
  C:1AE5H         LINE#         116
  C:1AE5H         LINE#         117
  C:1AE5H         LINE#         118
  C:1AEFH         LINE#         119
  C:1AEFH         LINE#         120
  C:1AEFH         LINE#         121
  C:1AFBH         LINE#         122
  C:1AFCH         LINE#         123
  C:1AFCH         LINE#         124
  C:1B08H         LINE#         127
  C:1B08H         LINE#         128
  C:1B12H         LINE#         129
  C:1B1AH         LINE#         130
  C:1B1AH         LINE#         131
  C:1B1AH         LINE#         132
  -------         ENDPROC       FZING
  -------         PROC          DGSTACLR
  C:1F88H         LINE#         134
  C:1F88H         LINE#         135
  C:1F88H         LINE#         136
  C:1F91H         LINE#         137
  -------         ENDPROC       DGSTACLR
  -------         PROC          DGING
BL51 BANKED LINKER/LOCATER V6.22                                                      03/15/2019  16:09:22  PAGE 24


  C:13CAH         LINE#         140
  C:13CAH         LINE#         141
  C:13CAH         LINE#         170
  C:13DBH         LINE#         171
  C:13DBH         LINE#         172
  C:13DBH         LINE#         173
  C:13DBH         LINE#         174
  C:13EBH         LINE#         175
  C:13F9H         LINE#         176
  C:13F9H         LINE#         178
  C:13F9H         LINE#         179
  C:13FCH         LINE#         180
  C:13FCH         LINE#         181
  C:1407H         LINE#         182
  C:1411H         LINE#         183
  C:1413H         LINE#         184
  C:1416H         LINE#         185
  C:1428H         LINE#         186
  C:142BH         LINE#         187
  C:142CH         LINE#         189
  C:142CH         LINE#         190
  C:1435H         LINE#         191
  C:143BH         LINE#         192
  C:1445H         LINE#         193
  C:1446H         LINE#         195
  C:1446H         LINE#         196
  C:1450H         LINE#         197
  C:1458H         LINE#         198
  C:1458H         LINE#         199
  C:1458H         LINE#         200
  -------         ENDPROC       DGING
  -------         PROC          HANUPEVENT
  C:1943H         LINE#         202
  C:1943H         LINE#         203
  C:1943H         LINE#         204
  C:1951H         LINE#         205
  C:1951H         LINE#         206
  C:1951H         LINE#         207
  C:195FH         LINE#         210
  C:195FH         LINE#         211
  C:1962H         LINE#         212
  C:1962H         LINE#         213
  C:1967H         LINE#         214
  C:196AH         LINE#         215
  C:196AH         LINE#         216
  C:196DH         LINE#         217
  C:1972H         LINE#         218
  C:1972H         LINE#         219
  C:1972H         LINE#         220
  C:1982H         LINE#         221
  C:1988H         LINE#         222
  C:198BH         LINE#         223
  C:198CH         LINE#         224
  C:198CH         LINE#         225
  C:1994H         LINE#         226
  C:1994H         LINE#         227
  C:1994H         LINE#         228
BL51 BANKED LINKER/LOCATER V6.22                                                      03/15/2019  16:09:22  PAGE 25


  -------         ENDPROC       HANUPEVENT
  -------         PROC          HANDWEVENT
  C:16FAH         LINE#         230
  C:16FAH         LINE#         231
  C:16FAH         LINE#         232
  C:1702H         LINE#         233
  C:1710H         LINE#         234
  C:1710H         LINE#         235
  C:1710H         LINE#         236
  C:171EH         LINE#         239
  C:171EH         LINE#         240
  C:1721H         LINE#         241
  C:1721H         LINE#         242
  C:1726H         LINE#         243
  C:1726H         LINE#         244
  C:1726H         LINE#         245
  C:1728H         LINE#         246
  C:1728H         LINE#         247
  C:172FH         LINE#         248
  C:172FH         LINE#         249
  C:1736H         LINE#         250
  C:1738H         LINE#         251
  C:173DH         LINE#         252
  C:1743H         LINE#         253
  C:1748H         LINE#         254
  C:174AH         LINE#         255
  C:174CH         LINE#         256
  C:1761H         LINE#         257
  C:176BH         LINE#         258
  C:176CH         LINE#         259
  C:176CH         LINE#         260
  C:1774H         LINE#         261
  C:1774H         LINE#         262
  C:1774H         LINE#         263
  -------         ENDPROC       HANDWEVENT
  -------         PROC          VDOUPEVENT
  C:1995H         LINE#         267
  C:1995H         LINE#         268
  C:1995H         LINE#         269
  C:19A3H         LINE#         270
  C:19A3H         LINE#         271
  C:19A3H         LINE#         272
  C:19B1H         LINE#         275
  C:19B1H         LINE#         276
  C:19C1H         LINE#         277
  C:19C7H         LINE#         278
  C:19CAH         LINE#         279
  C:19CBH         LINE#         280
  C:19CBH         LINE#         281
  C:19CEH         LINE#         282
  C:19CEH         LINE#         283
  C:19D3H         LINE#         284
  C:19D6H         LINE#         285
  C:19D6H         LINE#         286
  C:19D9H         LINE#         287
  C:19DEH         LINE#         288
  C:19DEH         LINE#         289
BL51 BANKED LINKER/LOCATER V6.22                                                      03/15/2019  16:09:22  PAGE 26


  C:19DEH         LINE#         290
  C:19E6H         LINE#         291
  C:19E6H         LINE#         292
  C:19E6H         LINE#         293
  -------         ENDPROC       VDOUPEVENT
  -------         PROC          ATUPEVENT
  C:1EF9H         LINE#         295
  C:1EF9H         LINE#         296
  C:1EF9H         LINE#         297
  C:1F00H         LINE#         298
  C:1F00H         LINE#         299
  C:1F03H         LINE#         300
  C:1F08H         LINE#         301
  C:1F08H         LINE#         302
  -------         ENDPROC       ATUPEVENT
  -------         PROC          ATDWEVENT
  C:1F43H         LINE#         304
  C:1F43H         LINE#         305
  C:1F43H         LINE#         306
  C:1F4AH         LINE#         307
  C:1F4FH         LINE#         308
  -------         ENDPROC       ATDWEVENT
  -------         PROC          VEREVENR
  C:1DEBH         LINE#         310
  C:1DEBH         LINE#         311
  C:1DEBH         LINE#         312
  C:1DF2H         LINE#         313
  C:1E01H         LINE#         314
  C:1E06H         LINE#         315
  -------         ENDPROC       VEREVENR
  -------         PROC          HOREVENT
  C:1CFAH         LINE#         317
  C:1CFAH         LINE#         318
  C:1CFAH         LINE#         319
  C:1D02H         LINE#         320
  C:1D18H         LINE#         321
  C:1D1DH         LINE#         322
  -------         ENDPROC       HOREVENT
  -------         PROC          DGUPEVENT
  C:1DA9H         LINE#         324
  C:1DA9H         LINE#         325
  C:1DA9H         LINE#         326
  C:1DB0H         LINE#         327
  C:1DB8H         LINE#         328
  C:1DC4H         LINE#         330
  C:1DC9H         LINE#         331
  -------         ENDPROC       DGUPEVENT
  -------         PROC          DGDWEVENT
  C:1C0EH         LINE#         333
  C:1C0EH         LINE#         334
  C:1C0EH         LINE#         335
  C:1C16H         LINE#         336
  C:1C1EH         LINE#         337
  C:1C24H         LINE#         338
  C:1C24H         LINE#         339
  C:1C2BH         LINE#         340
  C:1C2BH         LINE#         341
BL51 BANKED LINKER/LOCATER V6.22                                                      03/15/2019  16:09:22  PAGE 27


  C:1C32H         LINE#         342
  C:1C34H         LINE#         343
  C:1C39H         LINE#         344
  C:1C39H         LINE#         345
  -------         ENDPROC       DGDWEVENT
  -------         PROC          FZUPEVENT
  C:1DCAH         LINE#         347
  C:1DCAH         LINE#         348
  C:1DCAH         LINE#         349
  C:1DD1H         LINE#         350
  C:1DD9H         LINE#         351
  C:1DE5H         LINE#         353
  C:1DEAH         LINE#         354
  -------         ENDPROC       FZUPEVENT
  -------         PROC          INEROKEVT
  C:1E67H         LINE#         356
  C:1E67H         LINE#         357
  C:1E67H         LINE#         358
  C:1E6EH         LINE#         359
  C:1E75H         LINE#         360
  C:1E7AH         LINE#         361
  -------         ENDPROC       INEROKEVT
  -------         PROC          COEROKEVT
  C:1E7BH         LINE#         363
  C:1E7BH         LINE#         364
  C:1E7BH         LINE#         365
  C:1E82H         LINE#         366
  C:1E89H         LINE#         367
  C:1E8EH         LINE#         368
  -------         ENDPROC       COEROKEVT
  -------         PROC          INPUTTASK
  C:1837H         LINE#         373
  C:1837H         LINE#         374
  C:1837H         LINE#         375
  C:1843H         LINE#         376
  C:1849H         LINE#         377
  C:184EH         LINE#         378
  C:185CH         LINE#         379
  C:185FH         LINE#         380
  C:1862H         LINE#         382
  C:1865H         LINE#         383
  C:1868H         LINE#         384
  C:186BH         LINE#         385
  C:186EH         LINE#         386
  C:1871H         LINE#         388
  C:1874H         LINE#         389
  C:1877H         LINE#         390
  C:187AH         LINE#         392
  C:187DH         LINE#         393
  C:1880H         LINE#         395
  C:1883H         LINE#         396
  C:1886H         LINE#         399
  C:1891H         LINE#         400
  C:1896H         LINE#         401
  -------         ENDPROC       INPUTTASK
  -------         ENDMOD        INPUT

BL51 BANKED LINKER/LOCATER V6.22                                                      03/15/2019  16:09:22  PAGE 28


  -------         MODULE        MOTOR
  C:0000H         SYMBOL        _ICE_DUMMY_
  D:0080H         PUBLIC        P0
  D:0090H         PUBLIC        P1
  D:00A0H         PUBLIC        P2
  X:0058H         PUBLIC        mTask
  D:00B0H         PUBLIC        P3
  D:0021H         PUBLIC        StmNumBuf
  B:00A0H.7       PUBLIC        BTA1
  B:00A0H.6       PUBLIC        BTA2
  X:0059H         PUBLIC        DwSloBri
  B:00A0H.5       PUBLIC        BTA3
  D:00A8H         PUBLIC        IE
  X:005AH         PUBLIC        StmSlow2
  X:005CH         PUBLIC        mType
  C:1F09H         PUBLIC        InitRepairMotor
  B:00A0H.3       PUBLIC        MCR1
  B:0080H.7       PUBLIC        MCR2
  X:005DH         PUBLIC        mPosD2
  C:1C89H         PUBLIC        _DwSloInt
  D:00B8H         PUBLIC        IP
  C:06F1H         PUBLIC        _SpringTest
  D:002FH         PUBLIC        StmNum2
  D:0031H         PUBLIC        StmNum3
  C:0B20H         PUBLIC        _CalcuStm
  D:0033H         PUBLIC        SpeRinN
  D:0034H         PUBLIC        StmSp2
  C:1E21H         PUBLIC        mCtrClk
  D:0098H         PUBLIC        SCON
  X:005EH         PUBLIC        Stm
  D:0088H         PUBLIC        TCON
  D:0036H         PUBLIC        StmNumBuf2
  X:005FH         PUBLIC        SpriBuf
  C:1F18H         PUBLIC        mRunClk
  D:0039H         PUBLIC        mCorNum
  C:0E5CH         PUBLIC        _KnowMtyp
  B:0020H.0       PUBLIC        SpeSta
  X:0072H         PUBLIC        PosRal
  D:003BH         PUBLIC        mRunNum
  X:0073H         PUBLIC        StmSlow
  X:0075H         PUBLIC        mRunTe
  C:1CAFH         PUBLIC        _StmCtr
  C:156FH         PUBLIC        intMotor
  C:1A6FH         PUBLIC        _StmInt
  D:003DH         PUBLIC        gRepairMotor
  X:0077H         PUBLIC        mPosD
  D:0045H         PUBLIC        StmNum
  D:00C8H         PUBLIC        T2CON
  B:00B0H.2       PUBLIC        SPE
  C:002EH         PUBLIC        mTaskControl
  X:0078H         PUBLIC        DwSlo
  X:0079H         PUBLIC        gCurrentSpringNum
  D:0047H         PUBLIC        StmSp
  D:00D0H         PUBLIC        PSW
  -------         PROC          INTMOTOR
  C:156FH         LINE#         47
  C:156FH         LINE#         48
BL51 BANKED LINKER/LOCATER V6.22                                                      03/15/2019  16:09:22  PAGE 29


  C:156FH         LINE#         49
  C:1588H         LINE#         50
  C:159EH         LINE#         51
  C:15C8H         LINE#         52
  C:15EDH         LINE#         53
  C:15F0H         LINE#         54
  C:15F6H         LINE#         56
  -------         ENDPROC       INTMOTOR
  -------         PROC          INITREPAIRMOTOR
  C:1F09H         LINE#         58
  C:1F09H         LINE#         59
  C:1F09H         LINE#         60
  -------         ENDPROC       INITREPAIRMOTOR
  -------         PROC          MRUNCLK
  C:1F18H         LINE#         65
  -------         ENDPROC       MRUNCLK
  -------         PROC          MCTRCLK
  C:1E21H         LINE#         66
  -------         ENDPROC       MCTRCLK
  -------         PROC          _STMINT
  D:0007H         SYMBOL        type
  C:1A6FH         LINE#         77
  C:1A6FH         LINE#         78
  C:1A6FH         LINE#         79
  C:1A72H         LINE#         80
  C:1A72H         LINE#         81
  C:1A76H         LINE#         83
  C:1A76H         LINE#         84
  C:1A78H         LINE#         85
  C:1A7BH         LINE#         86
  C:1A7BH         LINE#         87
  C:1A86H         LINE#         89
  C:1A96H         LINE#         91
  C:1A96H         LINE#         92
  C:1AACH         LINE#         93
  -------         ENDPROC       _STMINT
  -------         PROC          _DWSLOINT
  D:0007H         SYMBOL        bm
  D:0005H         SYMBOL        type
  C:1C89H         LINE#         105
  C:1C89H         LINE#         106
  C:1C89H         LINE#         107
  C:1C91H         LINE#         108
  C:1C94H         LINE#         109
  C:1CA4H         LINE#         110
  C:1CAEH         LINE#         111
  -------         ENDPROC       _DWSLOINT
  -------         PROC          _SPRINGTEST
  D:0007H         SYMBOL        cmd
  -------         DO            
  D:0002H         SYMBOL        dat
  -------         ENDDO         
  C:06F1H         LINE#         120
  C:06F1H         LINE#         121
  C:06F1H         LINE#         122
  C:06F4H         LINE#         123
  C:070CH         LINE#         124
BL51 BANKED LINKER/LOCATER V6.22                                                      03/15/2019  16:09:22  PAGE 30


  C:070CH         LINE#         125
  C:070CH         LINE#         126
  C:0717H         LINE#         127
  C:0717H         LINE#         128
  C:071AH         LINE#         129
  C:0729H         LINE#         130
  C:072FH         LINE#         131
  C:073AH         LINE#         132
  C:073AH         LINE#         133
  C:073DH         LINE#         135
  C:073DH         LINE#         137
  C:0743H         LINE#         138
  C:0748H         LINE#         139
  C:0748H         LINE#         140
  C:075BH         LINE#         141
  C:0786H         LINE#         142
  C:0790H         LINE#         143
  C:079FH         LINE#         144
  C:07A4H         LINE#         147
  C:07A9H         LINE#         148
  C:07AFH         LINE#         149
  C:07AFH         LINE#         150
  C:07C2H         LINE#         151
  C:07EDH         LINE#         152
  C:07F7H         LINE#         153
  C:0802H         LINE#         154
  C:0807H         LINE#         157
  C:081EH         LINE#         158
  C:081EH         LINE#         159
  C:0827H         LINE#         160
  C:0829H         LINE#         162
  C:0832H         LINE#         163
  C:083AH         LINE#         165
  C:0843H         LINE#         166
  C:084BH         LINE#         168
  C:0857H         LINE#         169
  C:085CH         LINE#         173
  C:0862H         LINE#         174
  C:0864H         LINE#         176
  C:0864H         LINE#         177
  C:0869H         LINE#         178
  C:086DH         LINE#         179
  C:086DH         LINE#         180
  C:0898H         LINE#         181
  C:08A4H         LINE#         182
  C:08A4H         LINE#         184
  C:08A4H         LINE#         185
  C:08B3H         LINE#         186
  C:08B3H         LINE#         188
  C:08B3H         LINE#         189
  C:08B3H         LINE#         190
  C:08B8H         LINE#         191
  -------         ENDPROC       _SPRINGTEST
  -------         PROC          _KNOWMTYP
  D:0008H         SYMBOL        sta
  D:0009H         SYMBOL        Prg
  D:000AH         SYMBOL        pos
BL51 BANKED LINKER/LOCATER V6.22                                                      03/15/2019  16:09:22  PAGE 31


  C:0E5CH         LINE#         201
  C:0E62H         LINE#         202
  C:0E62H         LINE#         203
  C:0E6BH         LINE#         204
  C:0E6BH         LINE#         205
  C:0E76H         LINE#         206
  C:0E81H         LINE#         207
  C:0E81H         LINE#         208
  C:0E93H         LINE#         209
  C:0E93H         LINE#         210
  C:0E97H         LINE#         211
  C:0E9BH         LINE#         212
  C:0E9FH         LINE#         213
  C:0EA4H         LINE#         214
  C:0EA4H         LINE#         215
  C:0EA4H         LINE#         216
  C:0EABH         LINE#         217
  C:0EABH         LINE#         218
  C:0EB1H         LINE#         219
  C:0EBBH         LINE#         220
  C:0EC6H         LINE#         221
  C:0ECBH         LINE#         222
  C:0ECFH         LINE#         223
  C:0ED1H         LINE#         224
  C:0ED8H         LINE#         225
  C:0ED8H         LINE#         226
  C:0EDEH         LINE#         227
  C:0EE8H         LINE#         228
  C:0EF3H         LINE#         229
  C:0EF8H         LINE#         230
  C:0EFCH         LINE#         231
  C:0EFEH         LINE#         233
  C:0EFEH         LINE#         234
  C:0F04H         LINE#         235
  C:0F0EH         LINE#         236
  C:0F19H         LINE#         237
  C:0F1EH         LINE#         238
  C:0F25H         LINE#         239
  C:0F25H         LINE#         240
  C:0F25H         LINE#         241
  C:0F25H         LINE#         243
  C:0F25H         LINE#         244
  C:0F2EH         LINE#         245
  C:0F2EH         LINE#         246
  C:0F35H         LINE#         247
  C:0F35H         LINE#         249
  C:0F40H         LINE#         250
  C:0F40H         LINE#         251
  C:0F4AH         LINE#         252
  C:0F50H         LINE#         253
  C:0F50H         LINE#         254
  C:0F50H         LINE#         256
  -------         ENDPROC       _KNOWMTYP
  -------         PROC          _STMCTR
  D:0006H         SYMBOL        stmlm
  C:1CAFH         LINE#         264
  C:1CAFH         LINE#         265
BL51 BANKED LINKER/LOCATER V6.22                                                      03/15/2019  16:09:22  PAGE 32


  C:1CAFH         LINE#         266
  C:1CB5H         LINE#         267
  C:1CB5H         LINE#         268
  C:1CBEH         LINE#         269
  C:1CCCH         LINE#         272
  C:1CD2H         LINE#         274
  C:1CD4H         LINE#         275
  -------         ENDPROC       _STMCTR
  -------         PROC          _CALCUSTM
  D:0007H         SYMBOL        cmd
  -------         DO            
  D:0006H         SYMBOL        i
  -------         ENDDO         
  C:0B20H         LINE#         286
  C:0B20H         LINE#         287
  C:0B20H         LINE#         288
  C:0B22H         LINE#         289
  C:0B3AH         LINE#         290
  C:0B3AH         LINE#         292
  C:0B3AH         LINE#         293
  C:0B40H         LINE#         294
  C:0B40H         LINE#         295
  C:0B44H         LINE#         296
  C:0B45H         LINE#         297
  C:0B45H         LINE#         298
  C:0B5CH         LINE#         299
  C:0B60H         LINE#         300
  C:0B63H         LINE#         301
  C:0B66H         LINE#         302
  C:0B69H         LINE#         303
  C:0B69H         LINE#         304
  C:0B70H         LINE#         305
  C:0B70H         LINE#         306
  C:0B76H         LINE#         307
  C:0B76H         LINE#         308
  C:0B79H         LINE#         309
  C:0B83H         LINE#         310
  C:0B85H         LINE#         311
  C:0B85H         LINE#         312
  C:0B85H         LINE#         313
  C:0B88H         LINE#         314
  C:0B88H         LINE#         317
  C:0B88H         LINE#         318
  C:0B9AH         LINE#         319
  C:0BA9H         LINE#         321
  C:0BB0H         LINE#         322
  C:0BB0H         LINE#         323
  C:0BBAH         LINE#         324
  C:0BBAH         LINE#         325
  C:0BC4H         LINE#         326
  C:0BC6H         LINE#         327
  C:0BC6H         LINE#         328
  C:0BC6H         LINE#         329
  C:0BCCH         LINE#         330
  C:0BCCH         LINE#         332
  C:0BE2H         LINE#         333
  C:0BE2H         LINE#         334
BL51 BANKED LINKER/LOCATER V6.22                                                      03/15/2019  16:09:22  PAGE 33


  C:0BEEH         LINE#         335
  C:0BF9H         LINE#         336
  C:0BFFH         LINE#         337
  C:0BFFH         LINE#         338
  C:0C0EH         LINE#         339
  C:0C11H         LINE#         340
  C:0C11H         LINE#         341
  C:0C14H         LINE#         342
  C:0C14H         LINE#         345
  C:0C14H         LINE#         346
  C:0C20H         LINE#         347
  C:0C22H         LINE#         350
  C:0C22H         LINE#         351
  C:0C29H         LINE#         352
  C:0C2FH         LINE#         353
  C:0C3BH         LINE#         354
  C:0C3BH         LINE#         355
  C:0C3BH         LINE#         356
  C:0C3BH         LINE#         357
  C:0C3DH         LINE#         358
  -------         ENDPROC       _CALCUSTM
  -------         PROC          MTASKCONTROL
  C:002EH         LINE#         364
  C:002EH         LINE#         365
  C:002EH         LINE#         366
  C:0036H         LINE#         367
  C:0036H         LINE#         368
  C:0047H         LINE#         370
  C:0047H         LINE#         372
  C:0091H         LINE#         373
  C:0091H         LINE#         374
  C:0091H         LINE#         375
  C:009EH         LINE#         376
  C:00AFH         LINE#         377
  C:00B0H         LINE#         381
  C:00B0H         LINE#         382
  C:00B3H         LINE#         383
  C:00B6H         LINE#         384
  C:00B9H         LINE#         385
  C:00C2H         LINE#         387
  C:00C7H         LINE#         388
  C:00CAH         LINE#         389
  C:00CFH         LINE#         390
  C:00D5H         LINE#         391
  C:00DAH         LINE#         392
  C:00DAH         LINE#         393
  C:00DDH         LINE#         394
  C:00DDH         LINE#         395
  C:00F5H         LINE#         396
  C:00F6H         LINE#         397
  C:00F6H         LINE#         398
  C:00FFH         LINE#         399
  C:00FFH         LINE#         400
  C:0109H         LINE#         401
  C:010FH         LINE#         402
  C:0115H         LINE#         403
  C:011CH         LINE#         404
BL51 BANKED LINKER/LOCATER V6.22                                                      03/15/2019  16:09:22  PAGE 34


  C:011CH         LINE#         405
  C:011EH         LINE#         406
  C:011EH         LINE#         407
  C:0123H         LINE#         408
  C:0123H         LINE#         409
  C:0123H         LINE#         410
  C:0126H         LINE#         411
  C:0126H         LINE#         412
  C:012EH         LINE#         413
  C:013EH         LINE#         414
  C:015BH         LINE#         415
  C:015BH         LINE#         416
  C:015DH         LINE#         417
  C:0160H         LINE#         419
  C:0160H         LINE#         423
  C:0160H         LINE#         424
  C:0169H         LINE#         425
  C:016BH         LINE#         426
  C:016DH         LINE#         427
  C:0173H         LINE#         428
  C:0179H         LINE#         429
  C:017EH         LINE#         430
  C:017EH         LINE#         431
  C:0181H         LINE#         432
  C:0181H         LINE#         433
  C:0199H         LINE#         434
  C:019AH         LINE#         435
  C:019AH         LINE#         436
  C:01A3H         LINE#         437
  C:01A3H         LINE#         438
  C:01A9H         LINE#         439
  C:01AEH         LINE#         440
  C:01B4H         LINE#         441
  C:01B4H         LINE#         442
  C:01B5H         LINE#         443
  C:01B5H         LINE#         444
  C:01BBH         LINE#         445
  C:01BBH         LINE#         446
  C:01BDH         LINE#         447
  C:01CBH         LINE#         448
  C:01CDH         LINE#         449
  C:01D0H         LINE#         450
  C:01DBH         LINE#         451
  C:01DDH         LINE#         452
  C:01DDH         LINE#         453
  C:01EAH         LINE#         454
  C:01ECH         LINE#         455
  C:01EFH         LINE#         456
  C:01EFH         LINE#         457
  C:0202H         LINE#         458
  C:0210H         LINE#         460
  C:0211H         LINE#         465
  C:0211H         LINE#         466
  C:0214H         LINE#         467
  C:0217H         LINE#         468
  C:021AH         LINE#         469
  C:0223H         LINE#         470
BL51 BANKED LINKER/LOCATER V6.22                                                      03/15/2019  16:09:22  PAGE 35


  C:0228H         LINE#         471
  C:022DH         LINE#         472
  C:0230H         LINE#         473
  C:0235H         LINE#         474
  C:023BH         LINE#         475
  C:0241H         LINE#         476
  C:0245H         LINE#         477
  C:024BH         LINE#         478
  C:024CH         LINE#         479
  C:024CH         LINE#         480
  C:0264H         LINE#         481
  C:0265H         LINE#         482
  C:0265H         LINE#         483
  C:026EH         LINE#         484
  C:026EH         LINE#         485
  C:0278H         LINE#         486
  C:027EH         LINE#         487
  C:0284H         LINE#         488
  C:0288H         LINE#         489
  C:0288H         LINE#         490
  C:0289H         LINE#         491
  C:0289H         LINE#         492
  C:0292H         LINE#         493
  C:0292H         LINE#         494
  C:0298H         LINE#         495
  C:02A4H         LINE#         496
  C:02AFH         LINE#         497
  C:02AFH         LINE#         498
  C:02B1H         LINE#         499
  C:02B6H         LINE#         500
  C:02B8H         LINE#         501
  C:02C3H         LINE#         502
  C:02C3H         LINE#         503
  C:02C5H         LINE#         504
  C:02CAH         LINE#         505
  C:02D9H         LINE#         506
  C:02DBH         LINE#         507
  C:02E2H         LINE#         508
  C:02E8H         LINE#         509
  C:02EAH         LINE#         511
  C:02EAH         LINE#         512
  C:02F1H         LINE#         513
  C:02FDH         LINE#         514
  C:0304H         LINE#         515
  C:030BH         LINE#         516
  C:030BH         LINE#         517
  C:030FH         LINE#         518
  C:0314H         LINE#         519
  C:0314H         LINE#         520
  C:0324H         LINE#         521
  C:0324H         LINE#         523
  C:032AH         LINE#         524
  C:032AH         LINE#         525
  C:032FH         LINE#         526
  C:0331H         LINE#         527
  C:0333H         LINE#         528
  C:0335H         LINE#         529
BL51 BANKED LINKER/LOCATER V6.22                                                      03/15/2019  16:09:22  PAGE 36


  C:0338H         LINE#         530
  C:034FH         LINE#         531
  C:034FH         LINE#         532
  C:035AH         LINE#         533
  C:035FH         LINE#         534
  C:0364H         LINE#         535
  C:0369H         LINE#         536
  C:036CH         LINE#         537
  C:037AH         LINE#         538
  C:037BH         LINE#         539
  C:037BH         LINE#         541
  C:037BH         LINE#         546
  C:037BH         LINE#         547
  C:0380H         LINE#         548
  C:0390H         LINE#         549
  C:0399H         LINE#         550
  C:039BH         LINE#         551
  C:039DH         LINE#         552
  C:03A3H         LINE#         553
  C:03A9H         LINE#         554
  C:03AFH         LINE#         555
[...]
BL51 BANKED LINKER/LOCATER V6.22                                                      03/15/2019  16:09:22  PAGE 38


  C:19E7H         PUBLIC        t0_interrupt
  D:00D0H         PUBLIC        PSW
  X:0089H         PUBLIC        UpCt
  -------         PROC          INTMCU
  C:1D65H         LINE#         38
  C:1D65H         LINE#         39
  C:1D65H         LINE#         40
  C:1D67H         LINE#         42
  C:1D6AH         LINE#         43
  C:1D6DH         LINE#         50
  C:1D70H         LINE#         51
  C:1D72H         LINE#         52
  C:1D74H         LINE#         54
  C:1D77H         LINE#         55
  C:1D7AH         LINE#         56
  C:1D7CH         LINE#         57
  C:1D7EH         LINE#         60
  C:1D80H         LINE#         63
  C:1D82H         LINE#         65
  C:1D84H         LINE#         67
  C:1D86H         LINE#         68
  -------         ENDPROC       INTMCU
  -------         PROC          TIMER2_INIT
  C:1EA3H         LINE#         73
  C:1EA3H         LINE#         74
  C:1EA3H         LINE#         75
  C:1EA6H         LINE#         76
  C:1EA8H         LINE#         77
  C:1EABH         LINE#         78
  C:1EADH         LINE#         79
  C:1EAFH         LINE#         84
  C:1EB1H         LINE#         85
  C:1EB3H         LINE#         86
  C:1EB5H         LINE#         87
  -------         ENDPROC       TIMER2_INIT
  -------         PROC          INTRUN
  C:1D87H         LINE#         93
  -------         ENDPROC       INTRUN
  -------         PROC          _DELAY
  D:0007H         SYMBOL        cnt
  -------         DO            
  D:0006H         SYMBOL        i
  -------         ENDDO         
  C:1EB6H         LINE#         95
  C:1EB6H         LINE#         96
  C:1EB6H         LINE#         98
  C:1EBEH         LINE#         99
  C:1EC7H         LINE#         100
  -------         ENDPROC       _DELAY
  -------         PROC          COMCLK
  C:1F27H         LINE#         103
  C:1F27H         LINE#         104
  C:1F27H         LINE#         105
  C:1F2DH         LINE#         106
  C:1F35H         LINE#         107
  -------         ENDPROC       COMCLK
  -------         PROC          UPCTCLK
BL51 BANKED LINKER/LOCATER V6.22                                                      03/15/2019  16:09:22  PAGE 39


  C:1FCAH         LINE#         109
  -------         ENDPROC       UPCTCLK
  -------         PROC          UPDCCLK
  C:1FD1H         LINE#         110
  -------         ENDPROC       UPDCCLK
  -------         PROC          SYSINT
  C:1D1EH         LINE#         112
  C:1D1EH         LINE#         113
  C:1D1EH         LINE#         114
  C:1D21H         LINE#         115
  C:1D24H         LINE#         117
  C:1D27H         LINE#         119
  C:1D2AH         LINE#         120
  C:1D2DH         LINE#         121
  C:1D30H         LINE#         122
  C:1D33H         LINE#         123
  C:1D36H         LINE#         124
  C:1D39H         LINE#         125
  C:1D3CH         LINE#         126
  C:1D3FH         LINE#         127
  -------         ENDPROC       SYSINT
  -------         PROC          ITASKCTR
  C:18EDH         LINE#         132
  C:18EDH         LINE#         133
  C:18EDH         LINE#         135
  C:18FAH         LINE#         136
  C:18FAH         LINE#         137
  C:1920H         LINE#         139
  C:1923H         LINE#         140
  C:1923H         LINE#         141
  C:1928H         LINE#         142
  C:1930H         LINE#         143
  C:1942H         LINE#         144
  C:1942H         LINE#         145
  C:1942H         LINE#         146
  -------         ENDPROC       ITASKCTR
  -------         PROC          VICECTR
  C:08B9H         LINE#         149
  C:08B9H         LINE#         150
  C:08B9H         LINE#         151
  C:08C1H         LINE#         152
  C:08C1H         LINE#         153
  C:08D5H         LINE#         154
  C:08D5H         LINE#         155
  C:08D5H         LINE#         156
  C:08D5H         LINE#         157
  C:08D7H         LINE#         158
  C:08D7H         LINE#         159
  C:08D9H         LINE#         160
  C:08D9H         LINE#         161
  C:08D9H         LINE#         162
  C:08E1H         LINE#         163
  C:08E8H         LINE#         164
  C:08EDH         LINE#         165
  C:08EDH         LINE#         166
  C:08EFH         LINE#         167
  C:08EFH         LINE#         168
BL51 BANKED LINKER/LOCATER V6.22                                                      03/15/2019  16:09:22  PAGE 40


  C:08F9H         LINE#         169
  C:08F9H         LINE#         170
  C:08F9H         LINE#         171
  C:08F9H         LINE#         172
  C:08FEH         LINE#         173
  C:08FEH         LINE#         174
  C:0909H         LINE#         175
  C:0909H         LINE#         176
  C:091BH         LINE#         177
  C:0925H         LINE#         179
  C:0940H         LINE#         180
  C:0940H         LINE#         181
  C:0940H         LINE#         182
  C:0940H         LINE#         183
  C:0954H         LINE#         184
  C:0954H         LINE#         185
  C:0954H         LINE#         186
  C:0959H         LINE#         187
  C:0959H         LINE#         188
  C:095BH         LINE#         189
  C:095BH         LINE#         190
  C:0963H         LINE#         191
  C:096EH         LINE#         192
  C:0970H         LINE#         193
  C:0972H         LINE#         194
  C:0972H         LINE#         195
  C:097AH         LINE#         196
  C:0988H         LINE#         197
  C:0993H         LINE#         198
  C:09A8H         LINE#         199
  C:09AAH         LINE#         200
  C:09ACH         LINE#         201
  C:09ACH         LINE#         202
  C:09B7H         LINE#         203
  C:09BFH         LINE#         204
  C:09CDH         LINE#         205
  C:09D8H         LINE#         206
  C:09DAH         LINE#         207
  C:09DCH         LINE#         208
  C:09DCH         LINE#         209
  C:09E3H         LINE#         210
  C:09E3H         LINE#         211
  C:09E3H         LINE#         212
  C:09E8H         LINE#         213
  C:09E9H         LINE#         214
  C:09E9H         LINE#         215
  C:09E9H         LINE#         218
  C:09E9H         LINE#         219
  C:09F3H         LINE#         220
  C:09F3H         LINE#         221
  C:09F3H         LINE#         222
  C:09F3H         LINE#         227
  -------         ENDPROC       VICECTR
  -------         PROC          ITASKCONTROL
  C:1338H         LINE#         229
  C:1338H         LINE#         230
  C:1338H         LINE#         232
BL51 BANKED LINKER/LOCATER V6.22                                                      03/15/2019  16:09:22  PAGE 41


  C:133BH         LINE#         233
  C:1389H         LINE#         234
  C:1389H         LINE#         235
  C:1389H         LINE#         236
  C:138CH         LINE#         237
  C:139AH         LINE#         238
  C:139DH         LINE#         239
  C:13A3H         LINE#         240
  C:13A4H         LINE#         242
  C:13A4H         LINE#         243
  C:13B8H         LINE#         244
  C:13BCH         LINE#         245
  C:13BEH         LINE#         247
  C:13BEH         LINE#         248
  C:13BEH         LINE#         249
  C:13BEH         LINE#         250
  C:13BEH         LINE#         251
  C:13BFH         LINE#         252
  C:13C1H         LINE#         255
  C:13C1H         LINE#         256
  C:13C1H         LINE#         257
  C:13C1H         LINE#         261
  C:13C1H         LINE#         262
  C:13C1H         LINE#         263
  C:13C1H         LINE#         264
  C:13C1H         LINE#         265
  C:13C1H         LINE#         266
  C:13C1H         LINE#         267
  C:13C1H         LINE#         268
  C:13C1H         LINE#         269
  C:13C1H         LINE#         271
  C:13C1H         LINE#         272
  C:13C1H         LINE#         273
  C:13C1H         LINE#         274
  C:13C4H         LINE#         276
  C:13C4H         LINE#         279
  C:13C9H         LINE#         280
  C:13C9H         LINE#         281
  -------         ENDPROC       ITASKCONTROL
  -------         PROC          T0_INTERRUPT
  C:19E7H         LINE#         283
  C:1A04H         LINE#         285
  C:1A06H         LINE#         286
  C:1A09H         LINE#         287
  C:1A0CH         LINE#         290
  C:1A0FH         LINE#         291
  C:1A12H         LINE#         292
  C:1A15H         LINE#         294
  -------         ENDPROC       T0_INTERRUPT
  -------         PROC          MOTORTIMER2
  C:0F51H         LINE#         398
  C:0F51H         LINE#         399
  C:0F51H         LINE#         499
  C:0F64H         LINE#         500
  C:0F64H         LINE#         501
  C:0F6CH         LINE#         503
  C:0F99H         LINE#         504
BL51 BANKED LINKER/LOCATER V6.22                                                      03/15/2019  16:09:22  PAGE 42


  C:0F99H         LINE#         505
  C:0F9BH         LINE#         507
  C:0FB7H         LINE#         508
  C:0FB7H         LINE#         509
  C:0FB9H         LINE#         510
  C:0FB9H         LINE#         512
  C:0FBCH         LINE#         514
  C:0FD8H         LINE#         515
  C:0FD8H         LINE#         516
  C:0FE9H         LINE#         517
  C:0FE9H         LINE#         520
  C:0FF7H         LINE#         521
  C:0FF7H         LINE#         522
  C:0FFCH         LINE#         523
  C:1001H         LINE#         524
  C:1001H         LINE#         527
  C:100FH         LINE#         529
  C:100FH         LINE#         530
  C:1014H         LINE#         531
  C:1019H         LINE#         533
  C:1019H         LINE#         536
  C:1020H         LINE#         537
  C:1020H         LINE#         539
  C:1025H         LINE#         540
  C:1025H         LINE#         543
  C:102CH         LINE#         544
  C:102CH         LINE#         546
  C:102CH         LINE#         551
  -------         ENDPROC       MOTORTIMER2
  -------         PROC          TIMER2_ISR
  C:1A30H         LINE#         554
  C:1A4DH         LINE#         556
  C:1A4FH         LINE#         557
  C:1A51H         LINE#         558
  C:1A54H         LINE#         559
  -------         ENDPROC       TIMER2_ISR
  -------         ENDMOD        RUN

  -------         MODULE        EEPROM
  C:0000H         SYMBOL        _ICE_DUMMY_
  D:0090H         PUBLIC        P1
  D:00B0H         PUBLIC        P3
  C:1E96H         PUBLIC        DisableEEPROM
  D:00A8H         PUBLIC        IE
  D:00E5H         PUBLIC        IAP_CMD
  C:1E07H         PUBLIC        _EEPROM_SectorErase
  C:1B4EH         PUBLIC        _EEPROM_read_n
  D:00B8H         PUBLIC        IP
  D:00E3H         PUBLIC        IAP_ADDRH
  D:00E4H         PUBLIC        IAP_ADDRL
  C:1B80H         PUBLIC        _EEPROM_write_n
  D:0098H         PUBLIC        SCON
  D:0088H         PUBLIC        TCON
  D:00E7H         PUBLIC        IAP_CONTR
  D:00E2H         PUBLIC        IAP_DATA
  D:00C8H         PUBLIC        T2CON
  D:00E6H         PUBLIC        IAP_TRIG
BL51 BANKED LINKER/LOCATER V6.22                                                      03/15/2019  16:09:22  PAGE 43


  D:00D0H         PUBLIC        PSW
  -------         PROC          L?0015
  -------         ENDPROC       L?0015
  -------         PROC          DISABLEEEPROM
  C:1E96H         LINE#         15
  C:1E96H         LINE#         16
  C:1E96H         LINE#         17
  C:1E99H         LINE#         18
  C:1E9BH         LINE#         19
  C:1E9DH         LINE#         20
  C:1EA0H         LINE#         21
  C:1EA2H         LINE#         22
  -------         ENDPROC       DISABLEEEPROM
  -------         PROC          _EEPROM_READ_N
  D:0004H         SYMBOL        EE_address
  D:0001H         SYMBOL        DataAddress
  D:0017H         SYMBOL        number
  C:1B4EH         LINE#         34
  C:1B52H         LINE#         35
  C:1B52H         LINE#         39
  C:1B52H         LINE#         40
  C:1B55H         LINE#         41
  C:1B58H         LINE#         42
  C:1B5AH         LINE#         43
  C:1B5EH         LINE#         44
  C:1B61H         LINE#         45
  C:1B64H         LINE#         46
  C:1B65H         LINE#         48
  C:1B6AH         LINE#         49
  C:1B6FH         LINE#         50
  C:1B6FH         LINE#         51
  C:1B72H         LINE#         52
  C:1B7FH         LINE#         56
  -------         ENDPROC       _EEPROM_READ_N
  -------         PROC          _EEPROM_SECTORERASE
  D:0004H         SYMBOL        EE_address
  C:1E07H         LINE#         67
  C:1E0BH         LINE#         68
  C:1E0BH         LINE#         70
  C:1E0EH         LINE#         71
  C:1E11H         LINE#         72
  C:1E13H         LINE#         73
  C:1E17H         LINE#         74
  C:1E1AH         LINE#         75
  C:1E1DH         LINE#         76
  C:1E1EH         LINE#         77
  -------         ENDPROC       _EEPROM_SECTORERASE
  -------         PROC          _EEPROM_WRITE_N
  D:0004H         SYMBOL        EE_address
  D:0001H         SYMBOL        DataAddress
  D:0014H         SYMBOL        number
  C:1B80H         LINE#         90
  C:1B84H         LINE#         91
  C:1B84H         LINE#         97
  C:1B84H         LINE#         98
  C:1B87H         LINE#         99
  C:1B8AH         LINE#         100
BL51 BANKED LINKER/LOCATER V6.22                                                      03/15/2019  16:09:22  PAGE 44


  C:1B8CH         LINE#         101
  C:1B90H         LINE#         102
  C:1B95H         LINE#         104
  C:1B98H         LINE#         105
  C:1B9BH         LINE#         106
  C:1B9CH         LINE#         107
  C:1BA1H         LINE#         108
  C:1BA1H         LINE#         109
  C:1BA4H         LINE#         110
  C:1BB1H         LINE#         114
  -------         ENDPROC       _EEPROM_WRITE_N
  -------         ENDMOD        EEPROM

  -------         MODULE        ROMTEST
  C:0000H         SYMBOL        _ICE_DUMMY_
  D:0080H         PUBLIC        P0
  D:0090H         PUBLIC        P1
  D:00A0H         PUBLIC        P2
  D:00B0H         PUBLIC        P3
  D:00A8H         PUBLIC        IE
  D:00B8H         PUBLIC        IP
  C:15F7H         PUBLIC        _SectotRT
  C:1775H         PUBLIC        _SectotWT
  D:0098H         PUBLIC        SCON
  D:0088H         PUBLIC        TCON
  C:1B1BH         PUBLIC        _SectotE
  B:0090H.1       PUBLIC        BUZZ
  C:0C3EH         PUBLIC        RomTest
  B:00A0H.4       PUBLIC        LED
  D:00E1H         PUBLIC        WDT_CONTR
  D:00C8H         PUBLIC        T2CON
  D:00D0H         PUBLIC        PSW
  -------         PROC          ROMTEST
  -------         DO            
  D:0008H         SYMBOL        t
  D:0009H         SYMBOL        i
  X:0030H         SYMBOL        buff
  -------         ENDDO         
  C:0C3EH         LINE#         16
  C:0C3EH         LINE#         17
  C:0C3EH         LINE#         18
  C:0C43H         LINE#         19
  C:0C45H         LINE#         20
  C:0C4BH         LINE#         21
  C:0C5EH         LINE#         22
  C:0C81H         LINE#         23
  C:0C8CH         LINE#         24
  C:0C97H         LINE#         25
  C:0C97H         LINE#         27
  C:0C99H         LINE#         28
  C:0C99H         LINE#         29
  C:0CA6H         LINE#         30
  C:0CABH         LINE#         31
  C:0CB6H         LINE#         32
  C:0CBBH         LINE#         33
  C:0CCAH         LINE#         34
  C:0CCFH         LINE#         35
BL51 BANKED LINKER/LOCATER V6.22                                                      03/15/2019  16:09:22  PAGE 45


  C:0CDCH         LINE#         36
  C:0CE1H         LINE#         37
  C:0CECH         LINE#         38
  C:0CF1H         LINE#         39
  C:0D00H         LINE#         40
  C:0D05H         LINE#         41
  C:0D0EH         LINE#         43
  C:0D11H         LINE#         44
  C:0D11H         LINE#         45
  C:0D18H         LINE#         46
  C:0D35H         LINE#         47
  C:0D48H         LINE#         48
  C:0D48H         LINE#         50
  C:0D48H         LINE#         51
  C:0D4AH         LINE#         52
  C:0D50H         LINE#         53
  C:0D50H         LINE#         54
  C:0D50H         LINE#         55
  -------         ENDPROC       ROMTEST
  -------         PROC          _SECTOTE
  D:000AH         SYMBOL        dx
  D:000CH         SYMBOL        hf
  D:000EH         SYMBOL        tt
  -------         DO            
  D:000FH         SYMBOL        k
  -------         ENDDO         
  C:1B1BH         LINE#         68
  C:1B25H         LINE#         69
  C:1B25H         LINE#         71
  C:1B2FH         LINE#         72
  C:1B2FH         LINE#         73
  C:1B31H         LINE#         74
  C:1B38H         LINE#         75
  C:1B3DH         LINE#         76
  C:1B49H         LINE#         77
  C:1B4DH         LINE#         78
  -------         ENDPROC       _SECTOTE
  -------         PROC          _SECTOTWT
  D:000AH         SYMBOL        dx
  D:0005H         SYMBOL        nu
  D:000CH         SYMBOL        tt
  -------         DO            
  D:000DH         SYMBOL        k
  D:000EH         SYMBOL        i
  X:0038H         SYMBOL        buff
  -------         ENDDO         
  C:1775H         LINE#         86
  C:177BH         LINE#         87
  C:177BH         LINE#         89
  C:1792H         LINE#         90
  C:179CH         LINE#         91
  C:179CH         LINE#         92
  C:179FH         LINE#         93
  C:179FH         LINE#         94
  C:17B2H         LINE#         95
  C:17BDH         LINE#         96
  C:17C2H         LINE#         97
BL51 BANKED LINKER/LOCATER V6.22                                                      03/15/2019  16:09:22  PAGE 46


  C:17CBH         LINE#         98
  C:17CDH         LINE#         100
  C:17D2H         LINE#         101
  C:17D6H         LINE#         102
  -------         ENDPROC       _SECTOTWT
  -------         PROC          _SECTOTRT
  D:000AH         SYMBOL        dx
  D:000CH         SYMBOL        nu
  D:000DH         SYMBOL        tt
  -------         DO            
  D:000EH         SYMBOL        k
  D:0007H         SYMBOL        u
  D:000FH         SYMBOL        i
  X:0038H         SYMBOL        buff
  D:0010H         SYMBOL        cnum
  -------         ENDDO         
  C:15F7H         LINE#         111
  C:15FFH         LINE#         112
  C:15FFH         LINE#         113
  C:1604H         LINE#         115
  C:160DH         LINE#         116
  C:160DH         LINE#         117
  C:1610H         LINE#         118
  C:1610H         LINE#         119
  C:1623H         LINE#         120
  C:162EH         LINE#         121
  C:1630H         LINE#         122
  C:1630H         LINE#         123
  C:163EH         LINE#         124
  C:1646H         LINE#         125
  C:164AH         LINE#         126
  C:164CH         LINE#         127
  C:1651H         LINE#         128
  C:165AH         LINE#         129
  C:165FH         LINE#         130
  C:1663H         LINE#         131
  C:167AH         LINE#         132
  -------         ENDPROC       _SECTOTRT
  -------         ENDMOD        ROMTEST

  -------         MODULE        ?C?CLDPTR
  C:102DH         PUBLIC        ?C?CLDPTR
  -------         ENDMOD        ?C?CLDPTR

  -------         MODULE        ?C?CSTPTR
  C:1046H         PUBLIC        ?C?CSTPTR
  -------         ENDMOD        ?C?CSTPTR

  -------         MODULE        ?C?UIDIV
  C:1058H         PUBLIC        ?C?UIDIV
  -------         ENDMOD        ?C?UIDIV

  -------         MODULE        ?C?CCASE
  C:10ADH         PUBLIC        ?C?CCASE
  -------         ENDMOD        ?C?CCASE

  -------         MODULE        ?C?MEMSET
BL51 BANKED LINKER/LOCATER V6.22                                                      03/15/2019  16:09:22  PAGE 47


  C:10D3H         PUBLIC        ?C?MEMSET
  -------         ENDMOD        ?C?MEMSET

Program Size: data=89.1 xdata=149 code=8153
LINK/LOCATE RUN COMPLETE.  0 WARNING(S),  0 ERROR(S)
